 CameraCalImageCapture_sfun

 Timestamp is 65653afe (Mon Nov 27 19:57:34 2023)

 Preferred load address is 0000000180000000

 Start         Length     Name                   Class
 0001:00000000 0002c0e0H .text$mn                CODE
 0001:0002c0e0 00000012H .text$mn$00             CODE
 0001:0002c0f2 00000081H .text$x                 CODE
 0002:00000000 000004f0H .idata$5                DATA
 0002:000004f0 00000010H .00cfg                  DATA
 0002:00000500 00000008H .CRT$XCA                DATA
 0002:00000508 00000008H .CRT$XCZ                DATA
 0002:00000510 00000008H .CRT$XIA                DATA
 0002:00000518 00000008H .CRT$XIZ                DATA
 0002:00000520 00000008H .CRT$XPA                DATA
 0002:00000528 00000008H .CRT$XPZ                DATA
 0002:00000530 00000008H .CRT$XTA                DATA
 0002:00000538 00000008H .CRT$XTZ                DATA
 0002:00000540 00000000H .gfids$y                DATA
 0002:00000540 000002b0H .rdata                  DATA
 0002:000007f0 00000218H .rdata$zzzdbg           DATA
 0002:00000a08 00000008H .rtc$IAA                DATA
 0002:00000a10 00000008H .rtc$IZZ                DATA
 0002:00000a18 00000008H .rtc$TAA                DATA
 0002:00000a20 00000008H .rtc$TZZ                DATA
 0002:00000a28 00000c48H .xdata                  DATA
 0002:00001670 00000084H .edata                  DATA
 0002:000016f4 00000140H .idata$2                DATA
 0002:00001834 00000014H .idata$3                DATA
 0002:00001848 000004f0H .idata$4                DATA
 0002:00001d38 00000d4aH .idata$6                DATA
 0003:00000000 0000cc10H .data                   DATA
 0003:0000cc10 00000c40H .bss                    DATA
 0004:00000000 00000f0cH .pdata                  DATA

  Address         Publics by Value              Rva+Base               Lib:Object

 0000:00000000       __guard_fids_count         0000000000000000     <absolute>
 0000:00000000       __hybrid_code_map_count    0000000000000000     <absolute>
 0000:00000000       __guard_iat_table          0000000000000000     <absolute>
 0000:00000000       __guard_longjmp_count      0000000000000000     <absolute>
 0000:00000000       __dynamic_value_reloc_table 0000000000000000     <absolute>
 0000:00000000       __guard_fids_table         0000000000000000     <absolute>
 0000:00000000       ___safe_se_handler_table   0000000000000000     <absolute>
 0000:00000000       __hybrid_code_map          0000000000000000     <absolute>
 0000:00000000       __guard_longjmp_table      0000000000000000     <absolute>
 0000:00000000       __volatile_metadata        0000000000000000     <absolute>
 0000:00000000       __enclave_config           0000000000000000     <absolute>
 0000:00000000       __hybrid_auxiliary_iat     0000000000000000     <absolute>
 0000:00000000       ___safe_se_handler_count   0000000000000000     <absolute>
 0000:00000000       __guard_iat_count          0000000000000000     <absolute>
 0000:00000100       __guard_flags              0000000000000100     <absolute>
 0000:00000000       __ImageBase                0000000180000000     <linker-defined>
 0001:00000000       CameraCalImageCapture_initializer 0000000180001000 f   CameraCalImageCapture_sfun.obj
 0001:00000010       CameraCalImageCapture_terminator 0000000180001010 f   CameraCalImageCapture_sfun.obj
 0001:00000020       load_CameraCalImageCapture_optimization_info 0000000180001020 f   CameraCalImageCapture_sfun.obj
 0001:000000d0       unload_CameraCalImageCapture_optimization_info 00000001800010d0 f   CameraCalImageCapture_sfun.obj
 0001:00000100       sf_CameraCalImageCapture_method_dispatcher 0000000180001100 f   CameraCalImageCapture_sfun.obj
 0001:00000150       sf_CameraCalImageCapture_process_check_sum_call 0000000180001150 f   CameraCalImageCapture_sfun.obj
 0001:00000640       sf_CameraCalImageCapture_get_eml_resolved_functions_info 0000000180001640 f   CameraCalImageCapture_sfun.obj
 0001:00000820       sf_CameraCalImageCapture_third_party_uses_info 0000000180001820 f   CameraCalImageCapture_sfun.obj
 0001:000009f0       sf_CameraCalImageCapture_jit_fallback_info 00000001800019f0 f   CameraCalImageCapture_sfun.obj
 0001:00000bc0       sf_CameraCalImageCapture_get_post_codegen_info 0000000180001bc0 f   CameraCalImageCapture_sfun.obj
 0001:00000da0       sf_CameraCalImageCapture_updateBuildInfo_args_info 0000000180001da0 f   CameraCalImageCapture_sfun.obj
 0001:00000f70       CameraCalImageCapture_register_exported_symbols 0000000180001f70 f   CameraCalImageCapture_sfun.obj
 0001:00000f80       sf_c2_CameraCalImageCapture_get_eml_resolved_functions_info 0000000180001f80 f   c2_CameraCalImageCapture.obj
 0001:00001000       sf_c2_CameraCalImageCapture_get_check_sum 0000000180002000 f   c2_CameraCalImageCapture.obj
 0001:000010d0       c2_CameraCalImageCapture_method_dispatcher 00000001800020d0 f   c2_CameraCalImageCapture.obj
 0001:0001f470       sf_c2_CameraCalImageCapture_third_party_uses_info 0000000180020470 f   c2_CameraCalImageCapture.obj
 0001:0001f4e0       sf_c2_CameraCalImageCapture_jit_fallback_info 00000001800204e0 f   c2_CameraCalImageCapture.obj
 0001:0001f670       sf_c2_CameraCalImageCapture_updateBuildInfo_args_info 0000000180020670 f   c2_CameraCalImageCapture.obj
 0001:0001fa10       sf_c2_CameraCalImageCapture_get_post_codegen_info 0000000180020a10 f   c2_CameraCalImageCapture.obj
 0001:0001ff30       mexFunction                0000000180020f30 f   CameraCalImageCapture_sfun_registry.obj
 0001:00022800       _ssSetInputPortDirectFeedThroughFcn 0000000180023800 f   CameraCalImageCapture_sfun_registry.obj
 0001:00022970       _ssSetRWorkValueFcn        0000000180023970 f   CameraCalImageCapture_sfun_registry.obj
 0001:000229f0       _ssGetRWorkValueFcn        00000001800239f0 f   CameraCalImageCapture_sfun_registry.obj
 0001:00022a60       _ssSetIWorkValueFcn        0000000180023a60 f   CameraCalImageCapture_sfun_registry.obj
 0001:00022ae0       _ssGetIWorkValueFcn        0000000180023ae0 f   CameraCalImageCapture_sfun_registry.obj
 0001:00022b50       _ssSetPWorkValueFcn        0000000180023b50 f   CameraCalImageCapture_sfun_registry.obj
 0001:00022bd0       _ssGetPWorkValueFcn        0000000180023bd0 f   CameraCalImageCapture_sfun_registry.obj
 0001:00022c40       _ssGetInputPortSignalFcn   0000000180023c40 f   CameraCalImageCapture_sfun_registry.obj
 0001:00022fd0       _ssGetInputPortBufferDstPortFcn 0000000180023fd0 f   CameraCalImageCapture_sfun_registry.obj
 0001:00023050       _ssGetInputPortSignalPtrsFcn 0000000180024050 f   CameraCalImageCapture_sfun_registry.obj
 0001:000233e0       ssGetParameterTuningCompliance 00000001800243e0 f   CameraCalImageCapture_sfun_registry.obj
 0001:00023450       _ssReadInputStringFcn      0000000180024450 f   CameraCalImageCapture_sfun_registry.obj
 0001:000234c0       ssGetDTypeIdFromMxArray    00000001800244c0 f   CameraCalImageCapture_sfun_registry.obj
 0001:000235e0       ssWriteRTWMx2dMatParam     00000001800245e0 f   CameraCalImageCapture_sfun_registry.obj
 0001:00023670       ssWriteRTWMxVectParam      0000000180024670 f   CameraCalImageCapture_sfun_registry.obj
 0001:000236f0       ssWriteRTWParameters       00000001800246f0 f   CameraCalImageCapture_sfun_registry.obj
 0001:00023cb0       ssWriteRTWParamSettings    0000000180024cb0 f   CameraCalImageCapture_sfun_registry.obj
 0001:000243a0       ssWriteRTWStr              00000001800253a0 f   CameraCalImageCapture_sfun_registry.obj
 0001:00024400       ssWriteRTWWorkVect         0000000180025400 f   CameraCalImageCapture_sfun_registry.obj
 0001:00024960       ssWarning                  0000000180025960 f   CameraCalImageCapture_sfun_registry.obj
 0001:00024a50       ssWriteRTWNameValuePair    0000000180025a50 f   CameraCalImageCapture_sfun_registry.obj
 0001:00024f50       _ssSetInputPortMatrixDimensions 0000000180025f50 f   CameraCalImageCapture_sfun_registry.obj
 0001:000250a0       _ssSetOutputPortMatrixDimensions 00000001800260a0 f   CameraCalImageCapture_sfun_registry.obj
 0001:000251f0       _ssSetInputPortVectorDimension 00000001800261f0 f   CameraCalImageCapture_sfun_registry.obj
 0001:000252a0       _ssSetOutputPortVectorDimension 00000001800262a0 f   CameraCalImageCapture_sfun_registry.obj
 0001:00025350       ssIsRunTimeParamTunable    0000000180026350 f   CameraCalImageCapture_sfun_registry.obj
 0001:000253c0       ssGetSFuncBlockHandle      00000001800263c0 f   CameraCalImageCapture_sfun_registry.obj
 0001:00025430       _ssGetCallSystemNumFcnCallDestinations 0000000180026430 f   CameraCalImageCapture_sfun_registry.obj
 0001:000254a0       _ssGetCurrentInputPortWidth 00000001800264a0 f   CameraCalImageCapture_sfun_registry.obj
 0001:000255e0       _ssGetCurrentOutputPortWidth 00000001800265e0 f   CameraCalImageCapture_sfun_registry.obj
 0001:00025720       ssGetIsZeroCrossControlDisabled 0000000180026720 f   CameraCalImageCapture_sfun_registry.obj
 0001:00025790       ssSetIsInputPortUsedForContZcSignal 0000000180026790 f   CameraCalImageCapture_sfun_registry.obj
 0001:00025800       ssSetZcSignalIsZcElementDisc 0000000180026800 f   CameraCalImageCapture_sfun_registry.obj
 0001:000258b0       ssSetZcSignalName          00000001800268b0 f   CameraCalImageCapture_sfun_registry.obj
 0001:00025920       ssSetZcSignalWidth         0000000180026920 f   CameraCalImageCapture_sfun_registry.obj
 0001:00025990       ssSetZcSignalZcEventType   0000000180026990 f   CameraCalImageCapture_sfun_registry.obj
 0001:00025a00       ssSetZcSignalType          0000000180026a00 f   CameraCalImageCapture_sfun_registry.obj
 0001:00025a70       ssSetZcSignalZcTol         0000000180026a70 f   CameraCalImageCapture_sfun_registry.obj
 0001:00025ae0       ssSetZcSignalNeedsEventNotification 0000000180026ae0 f   CameraCalImageCapture_sfun_registry.obj
 0001:00025b50       ssCreateAndAddZcSignalInfo 0000000180026b50 f   CameraCalImageCapture_sfun_registry.obj
 0001:00025bc0       ssCloneAndAddZcSignalInfo  0000000180026bc0 f   CameraCalImageCapture_sfun_registry.obj
 0001:00025c30       ssGetNumZcSignals          0000000180026c30 f   CameraCalImageCapture_sfun_registry.obj
 0001:00025ca0       ssGetZcSignalVector        0000000180026ca0 f   CameraCalImageCapture_sfun_registry.obj
 0001:00025d10       ssGetZcSignalName          0000000180026d10 f   CameraCalImageCapture_sfun_registry.obj
 0001:00025d80       ssGetZcSignalWidth         0000000180026d80 f   CameraCalImageCapture_sfun_registry.obj
 0001:00025df0       ssGetZcSignalZcEventType   0000000180026df0 f   CameraCalImageCapture_sfun_registry.obj
 0001:00025e60       ssGetZcSignalZcEvents      0000000180026e60 f   CameraCalImageCapture_sfun_registry.obj
 0001:00025ed0       ssGetZcSignalType          0000000180026ed0 f   CameraCalImageCapture_sfun_registry.obj
 0001:00025f40       ssGetZcSignalZcTol         0000000180026f40 f   CameraCalImageCapture_sfun_registry.obj
 0001:00025fc0       ssGetZcSignalNeedsEventNotification 0000000180026fc0 f   CameraCalImageCapture_sfun_registry.obj
 0001:00026030       ssGetZcSignalIsZcElementDisc 0000000180027030 f   CameraCalImageCapture_sfun_registry.obj
 0001:000260d0       ssGetIsInputPortElementContinuous 00000001800270d0 f   CameraCalImageCapture_sfun_registry.obj
 0001:00026170       _ssGetAbsTol               0000000180027170 f   CameraCalImageCapture_sfun_registry.obj
 0001:000261e0       _ssSetStateAbsTol          00000001800271e0 f   CameraCalImageCapture_sfun_registry.obj
 0001:000262c0       _ssSetInputPortReusableFcn 00000001800272c0 f   CameraCalImageCapture_sfun_registry.obj
 0001:000263c0       _ssSetOutputPortReusableFcn 00000001800273c0 f   CameraCalImageCapture_sfun_registry.obj
 0001:000264c0       _ssSetSymbolicDimsSupport  00000001800274c0 f   CameraCalImageCapture_sfun_registry.obj
 0001:00026530       _ssRegisterSymbolicDimsExpr 0000000180027530 f   CameraCalImageCapture_sfun_registry.obj
 0001:000265b0       _ssRegisterSymbolicDimsMATLABExpr 00000001800275b0 f   CameraCalImageCapture_sfun_registry.obj
 0001:00026650       _ssRegisterSymbolicDims    0000000180027650 f   CameraCalImageCapture_sfun_registry.obj
 0001:000266f0       _ssRegisterSymbolicDimsString 00000001800276f0 f   CameraCalImageCapture_sfun_registry.obj
 0001:00026770       _ssRegisterSymbolicDimsIntValue 0000000180027770 f   CameraCalImageCapture_sfun_registry.obj
 0001:000267e0       _ssRegisterSymbolicEqualRelation 00000001800277e0 f   CameraCalImageCapture_sfun_registry.obj
 0001:00026850       _ssRegisterSymbolicEqualValue 0000000180027850 f   CameraCalImageCapture_sfun_registry.obj
 0001:000268c0       _ssAmendLeadingSymbolicDims 00000001800278c0 f   CameraCalImageCapture_sfun_registry.obj
 0001:00026940       _ssAmendTrailingSymbolicDims 0000000180027940 f   CameraCalImageCapture_sfun_registry.obj
 0001:000269c0       _ssRegisterSymbolicDimsPlus 00000001800279c0 f   CameraCalImageCapture_sfun_registry.obj
 0001:00026a40       _ssRegisterSymbolicDimsMinus 0000000180027a40 f   CameraCalImageCapture_sfun_registry.obj
 0001:00026ac0       _ssRegisterSymbolicDimsMultiply 0000000180027ac0 f   CameraCalImageCapture_sfun_registry.obj
 0001:00026b40       _ssRegisterSymbolicDimsDivide 0000000180027b40 f   CameraCalImageCapture_sfun_registry.obj
 0001:00026bc0       _ssGetNumSymbolicDims      0000000180027bc0 f   CameraCalImageCapture_sfun_registry.obj
 0001:00026c30       _ssGetSymbolicDim          0000000180027c30 f   CameraCalImageCapture_sfun_registry.obj
 0001:00026cb0       _ssSetInputPortSymbolicDimsId 0000000180027cb0 f   CameraCalImageCapture_sfun_registry.obj
 0001:00026d20       _ssGetCompInputPortSymbolicDimsId 0000000180027d20 f   CameraCalImageCapture_sfun_registry.obj
 0001:00026d90       _ssSetCompInputPortSymbolicDimsId 0000000180027d90 f   CameraCalImageCapture_sfun_registry.obj
 0001:00026e00       _ssSetOutputPortSymbolicDimsId 0000000180027e00 f   CameraCalImageCapture_sfun_registry.obj
 0001:00026e70       _ssGetCompOutputPortSymbolicDimsId 0000000180027e70 f   CameraCalImageCapture_sfun_registry.obj
 0001:00026ee0       _ssSetCompOutputPortSymbolicDimsId 0000000180027ee0 f   CameraCalImageCapture_sfun_registry.obj
 0001:00026f50       _ssGetDWorkSymbolicDimsId  0000000180027f50 f   CameraCalImageCapture_sfun_registry.obj
 0001:00026fc0       _ssSetDWorkSymbolicDimsId  0000000180027fc0 f   CameraCalImageCapture_sfun_registry.obj
 0001:00027030       _ssGetCompDWorkSymbolicDimsId 0000000180028030 f   CameraCalImageCapture_sfun_registry.obj
 0001:000270a0       _ssSetCompDWorkSymbolicDimsId 00000001800280a0 f   CameraCalImageCapture_sfun_registry.obj
 0001:00027110       _ssCreateSLCGStringBuffer  0000000180028110 f   CameraCalImageCapture_sfun_registry.obj
 0001:00027180       _ssAddToSLCGStringBuffer   0000000180028180 f   CameraCalImageCapture_sfun_registry.obj
 0001:000271f0       _ssGetPointerContainedData 00000001800281f0 f   CameraCalImageCapture_sfun_registry.obj
 0001:00027280       _ssGetPointerContainedDataWidth 0000000180028280 f   CameraCalImageCapture_sfun_registry.obj
 0001:00027310       _ssRegisterDynamicArrayDataTypeFcn 0000000180028310 f   CameraCalImageCapture_sfun_registry.obj
 0001:000273b0       _ssGetDynamicArrayContainedDataCurrentWidthFcn 00000001800283b0 f   CameraCalImageCapture_sfun_registry.obj
 0001:00027480       _ssGetDynamicArrayContainedDataFcn 0000000180028480 f   CameraCalImageCapture_sfun_registry.obj
 0001:00027550       _ssGetInputPortDynamicArrayDataFcn 0000000180028550 f   CameraCalImageCapture_sfun_registry.obj
 0001:00027610       _ssGetOutputPortDynamicArrayDataFcn 0000000180028610 f   CameraCalImageCapture_sfun_registry.obj
 0001:000276d0       _ssGetInputPortDynamicArrayContainedDataFcn 00000001800286d0 f   CameraCalImageCapture_sfun_registry.obj
 0001:00027790       _ssGetOutputPortDynamicArrayContainedDataFcn 0000000180028790 f   CameraCalImageCapture_sfun_registry.obj
 0001:00027850       sf_process_check_sum_call  0000000180028850 f   CameraCalImageCapture_sfun_registry.obj
 0001:000278a0       sf_process_get_third_party_uses_info_call 00000001800288a0 f   CameraCalImageCapture_sfun_registry.obj
 0001:00027ad0       sf_process_get_jit_fallback_info_call 0000000180028ad0 f   CameraCalImageCapture_sfun_registry.obj
 0001:00027d00       sf_process_get_post_codegen_info_call 0000000180028d00 f   CameraCalImageCapture_sfun_registry.obj
 0001:00027f30       sf_process_get_updateBuildInfo_args_info_call 0000000180028f30 f   CameraCalImageCapture_sfun_registry.obj
 0001:00028160       sf_process_get_eml_resolved_functions_info_call 0000000180029160 f   CameraCalImageCapture_sfun_registry.obj
 0001:00028390       sf_mex_unlock_call         0000000180029390 f   CameraCalImageCapture_sfun_registry.obj
 0001:000285b0       sf_machine_global_initializer_called 00000001800295b0 f   CameraCalImageCapture_sfun_registry.obj
 0001:000285e0       sf_machine_global_method_dispatcher 00000001800295e0 f   CameraCalImageCapture_sfun_registry.obj
 0001:00028640       sf_machine_global_terminator 0000000180029640 f   CameraCalImageCapture_sfun_registry.obj
 0001:00028670       sf_register_machine_exported_symbols 0000000180029670 f   CameraCalImageCapture_sfun_registry.obj
 0001:00028690       callCustomFcn              0000000180029690 f   CameraCalImageCapture_sfun_registry.obj
 0001:000286a0       sf_machine_global_initializer 00000001800296a0 f   CameraCalImageCapture_sfun_registry.obj
 0001:00028710       mdlGetSimState             0000000180029710 f   CameraCalImageCapture_sfun_registry.obj
 0001:00028750       mdlSetSimState             0000000180029750 f   CameraCalImageCapture_sfun_registry.obj
 0001:000290c0       ProcessMexSfunctionEveryCall 000000018002a0c0 f   CameraCalImageCapture_sfun_registry.obj
 0001:0002a240       __local_stdio_printf_options 000000018002b240 f i CameraCalImageCapture_sfun_registry.obj
 0001:0002a250       _vsnprintf_l               000000018002b250 f i CameraCalImageCapture_sfun_registry.obj
 0001:0002a2d0       _vsprintf_l                000000018002b2d0 f i CameraCalImageCapture_sfun_registry.obj
 0001:0002a320       sprintf                    000000018002b320 f i CameraCalImageCapture_sfun_registry.obj
 0001:0002a370       mexfilerequiredapiversion  000000018002b370 f   c_mexapi_version.obj
 0001:0002a3a0       getBitfieldFromFloat       000000018002b3a0 f   half_type.obj
 0001:0002a3d0       getFloatFromBitfield       000000018002b3d0 f   half_type.obj
 0001:0002a400       getBitfieldFromHalf        000000018002b400 f   half_type.obj
 0001:0002a420       getHalfFromBitfield        000000018002b420 f   half_type.obj
 0001:0002a450       halfToFloat                000000018002b450 f   half_type.obj
 0001:0002a500       halfToDouble               000000018002b500 f   half_type.obj
 0001:0002a530       floatToHalf                000000018002b530 f   half_type.obj
 0001:0002a790       doubleToHalf               000000018002b790 f   half_type.obj
 0001:0002aa7c       initialiseOutput           000000018002ba7c f   libmwreadAprilTag:libmwreadAprilTag.dll
 0001:0002aa82       initialisePoses            000000018002ba82 f   libmwreadAprilTag:libmwreadAprilTag.dll
 0001:0002aa88       getAprilTagIdPoseDetections 000000018002ba88 f   libmwreadAprilTag:libmwreadAprilTag.dll
 0001:0002aa8e       drotg                      000000018002ba8e f   libmwblas:libmwblas.dll
 0001:0002aa94       sf_load_rtw_optimization_info 000000018002ba94 f   sf_runtime:sf_runtime.dll
 0001:0002aa9a       sf_mex_decode              000000018002ba9a f   sf_runtime:sf_runtime.dll
 0001:0002aaa0       sf_init_ChartRunTimeInfo   000000018002baa0 f   sf_runtime:sf_runtime.dll
 0001:0002aaa6       sf_free_ChartRunTimeInfo   000000018002baa6 f   sf_runtime:sf_runtime.dll
 0001:0002aaac       sfrtGetEmlrtCtx            000000018002baac f   sf_runtime:sf_runtime.dll
 0001:0002aab2       sfrtGetCovrtInstance       000000018002bab2 f   sf_runtime:sf_runtime.dll
 0001:0002aab8       sf_get_chart_instance_ptr  000000018002bab8 f   sf_runtime:sf_runtime.dll
 0001:0002aabe       sim_mode_is_rtw_gen        000000018002babe f   sf_runtime:sf_runtime.dll
 0001:0002aac4       sim_mode_is_external       000000018002bac4 f   sf_runtime:sf_runtime.dll
 0001:0002aaca       sf_clear_rtw_identifier    000000018002baca f   sf_runtime:sf_runtime.dll
 0001:0002aad0       sf_get_time                000000018002bad0 f   sf_runtime:sf_runtime.dll
 0001:0002aad6       sfDoAnimationWrapper       000000018002bad6 f   sf_runtime:sf_runtime.dll
 0001:0002aadc       setDataBrowseFcn           000000018002badc f   sf_runtime:sf_runtime.dll
 0001:0002aae2       setDebuggerFlag            000000018002bae2 f   sf_runtime:sf_runtime.dll
 0001:0002aae8       sf_warn_if_symbolic_dimension_param_changed 000000018002bae8 f   sf_runtime:sf_runtime.dll
 0001:0002aaee       sf_set_work_widths         000000018002baee f   sf_runtime:sf_runtime.dll
 0001:0002aaf4       sfListenerCacheSimStruct   000000018002baf4 f   sf_runtime:sf_runtime.dll
 0001:0002aafa       sfListenerLightTerminate   000000018002bafa f   sf_runtime:sf_runtime.dll
 0001:0002ab00       sfListenerInitializeRuntimeVars 000000018002bb00 f   sf_runtime:sf_runtime.dll
 0001:0002ab06       sf_mex_call                000000018002bb06 f   sf_runtime:sf_runtime.dll
 0001:0002ab0c       sf_mex_error_message       000000018002bb0c f   sf_runtime:sf_runtime.dll
 0001:0002ab12       sf_mex_create              000000018002bb12 f   sf_runtime:sf_runtime.dll
 0001:0002ab18       sf_mex_createcellmatrix    000000018002bb18 f   sf_runtime:sf_runtime.dll
 0001:0002ab1e       sf_mex_setcell             000000018002bb1e f   sf_runtime:sf_runtime.dll
 0001:0002ab24       sf_mex_getcell             000000018002bb24 f   sf_runtime:sf_runtime.dll
 0001:0002ab2a       sf_mex_assign              000000018002bb2a f   sf_runtime:sf_runtime.dll
 0001:0002ab30       sf_mex_dup                 000000018002bb30 f   sf_runtime:sf_runtime.dll
 0001:0002ab36       sf_mex_destroy             000000018002bb36 f   sf_runtime:sf_runtime.dll
 0001:0002ab3c       sf_mex_import              000000018002bb3c f   sf_runtime:sf_runtime.dll
 0001:0002ab42       ssGetInputPortSignal_wrapper 000000018002bb42 f   sf_runtime:sf_runtime.dll
 0001:0002ab48       ssGetOutputPortSignal_wrapper 000000018002bb48 f   sf_runtime:sf_runtime.dll
 0001:0002ab4e       sf_get_ChartInfoStruct_CodeGen 000000018002bb4e f   sf_runtime:sf_runtime.dll
 0001:0002ab54       sf_get_hasSeparateUpdateOutputs 000000018002bb54 f   sf_runtime:sf_runtime.dll
 0001:0002ab5a       callMdlMethodAndReportError 000000018002bb5a f   sf_runtime:sf_runtime.dll
 0001:0002ab60       call_sf_machine_global_method_dispatcher 000000018002bb60 f   sf_runtime:sf_runtime.dll
 0001:0002ab66       getRuntimeInstanceInfoAsVoid 000000018002bb66 f   sf_runtime:sf_runtime.dll
 0001:0002ab6c       sf_mex_error_direct_call   000000018002bb6c f   sf_runtime:sf_runtime.dll
 0001:0002ab72       sf_clear_error_manager_info 000000018002bb72 f   sf_runtime:sf_runtime.dll
 0001:0002ab78       mxIsChar_800               000000018002bb78 f   libmx:libmx.dll
 0001:0002ab7e       mxGetScalar_800            000000018002bb7e f   libmx:libmx.dll
 0001:0002ab84       mxGetPr_800                000000018002bb84 f   libmx:libmx.dll
 0001:0002ab8a       mxDestroyArray_800         000000018002bb8a f   libmx:libmx.dll
 0001:0002ab90       mxCreateDoubleMatrix_800   000000018002bb90 f   libmx:libmx.dll
 0001:0002ab96       mxGetString_800            000000018002bb96 f   libmx:libmx.dll
 0001:0002ab9c       mxDuplicateArray_800       000000018002bb9c f   libmx:libmx.dll
 0001:0002aba2       mxSetCell_800              000000018002bba2 f   libmx:libmx.dll
 0001:0002aba8       mxSetField_800             000000018002bba8 f   libmx:libmx.dll
 0001:0002abae       mxCreateString_800         000000018002bbae f   libmx:libmx.dll
 0001:0002abb4       mxCreateCellMatrix_800     000000018002bbb4 f   libmx:libmx.dll
 0001:0002abba       mxCreateStructMatrix_800   000000018002bbba f   libmx:libmx.dll
 0001:0002abc0       mxGetNaN_800               000000018002bbc0 f   libmx:libmx.dll
 0001:0002abc6       mxCalloc_800               000000018002bbc6 f   libmx:libmx.dll
 0001:0002abcc       mxGetM_800                 000000018002bbcc f   libmx:libmx.dll
 0001:0002abd2       mxGetClassID_800           000000018002bbd2 f   libmx:libmx.dll
 0001:0002abd8       mxIsNumeric_800            000000018002bbd8 f   libmx:libmx.dll
 0001:0002abde       mxIsComplex_800            000000018002bbde f   libmx:libmx.dll
 0001:0002abe4       mxGetN_800                 000000018002bbe4 f   libmx:libmx.dll
 0001:0002abea       mxCreateDoubleScalar_800   000000018002bbea f   libmx:libmx.dll
 0001:0002abf0       mexMakeArrayPersistent_800 000000018002bbf0 f   libmex:libmex.dll
 0001:0002abf6       mexErrMsgTxt_800           000000018002bbf6 f   libmex:libmex.dll
 0001:0002abfc       mexWarnMsgTxt_800          000000018002bbfc f   libmex:libmex.dll
 0001:0002ac02       mexCallMATLAB_800          000000018002bc02 f   libmex:libmex.dll
 0001:0002ac08       mexLock_800                000000018002bc08 f   libmex:libmex.dll
 0001:0002ac0e       mexUnlock_800              000000018002bc0e f   libmex:libmex.dll
 0001:0002ac14       mexIsLocked_800            000000018002bc14 f   libmex:libmex.dll
 0001:0002ac1a       utMalloc                   000000018002bc1a f   libut:libut.dll
 0001:0002ac20       utFree                     000000018002bc20 f   libut:libut.dll
 0001:0002ac26       muDoubleScalarAbs          000000018002bc26 f   libmwmathutil:libmwmathutil.dll
 0001:0002ac2c       muDoubleScalarFloor        000000018002bc2c f   libmwmathutil:libmwmathutil.dll
 0001:0002ac32       muDoubleScalarMax          000000018002bc32 f   libmwmathutil:libmwmathutil.dll
 0001:0002ac38       muDoubleScalarMin          000000018002bc38 f   libmwmathutil:libmwmathutil.dll
 0001:0002ac3e       muDoubleScalarSqrt         000000018002bc3e f   libmwmathutil:libmwmathutil.dll
 0001:0002ac44       muIntScalarMin_sint32      000000018002bc44 f   libmwmathutil:libmwmathutil.dll
 0001:0002ac4a       muDoubleScalarIsNaN        000000018002bc4a f   libmwmathutil:libmwmathutil.dll
 0001:0002ac50       muDoubleScalarIsInf        000000018002bc50 f   libmwmathutil:libmwmathutil.dll
 0001:0002ac56       muSingleScalarIsNaN        000000018002bc56 f   libmwmathutil:libmwmathutil.dll
 0001:0002ac5c       muSingleScalarIsInf        000000018002bc5c f   libmwmathutil:libmwmathutil.dll
 0001:0002ac62       emlrtLicenseCheckR2022a    000000018002bc62 f   libemlrt:libemlrt.dll
 0001:0002ac68       emlrtDynamicBoundsCheckR2012b 000000018002bc68 f   libemlrt:libemlrt.dll
 0001:0002ac6e       emlrtSizeMulR2012b         000000018002bc6e f   libemlrt:libemlrt.dll
 0001:0002ac74       emlrtIntegerCheckR2012b    000000018002bc74 f   libemlrt:libemlrt.dll
 0001:0002ac7a       emlrtNonNegativeCheckR2012b 000000018002bc7a f   libemlrt:libemlrt.dll
 0001:0002ac80       emlrtMallocMex             000000018002bc80 f   libemlrt:libemlrt.dll
 0001:0002ac86       emlrtCallocMex             000000018002bc86 f   libemlrt:libemlrt.dll
 0001:0002ac8c       emlrtFreeMex               000000018002bc8c f   libemlrt:libemlrt.dll
 0001:0002ac92       emlrtHeapAllocationErrorR2012b 000000018002bc92 f   libemlrt:libemlrt.dll
 0001:0002ac98       covrtCreateStateflowInstanceData 000000018002bc98 f   libcovrt:libcovrt.dll
 0001:0002ac9e       covrtDeleteStateflowInstanceData 000000018002bc9e f   libcovrt:libcovrt.dll
 0001:0002aca4       covrtTransInitFcn          000000018002bca4 f   libcovrt:libcovrt.dll
 0001:0002acaa       covrtStateInitFcn          000000018002bcaa f   libcovrt:libcovrt.dll
 0001:0002acb0       covrtChartInitFcn          000000018002bcb0 f   libcovrt:libcovrt.dll
 0001:0002acb6       covrtSigUpdateFcn          000000018002bcb6 f   libcovrt:libcovrt.dll
 0001:0002acbc       covrtEmlInitFcn            000000018002bcbc f   libcovrt:libcovrt.dll
 0001:0002acc2       covrtEmlFcnInitFcn         000000018002bcc2 f   libcovrt:libcovrt.dll
 0001:0002acc8       covrtEmlIfInitFcn          000000018002bcc8 f   libcovrt:libcovrt.dll
 0001:0002acce       covrtEmlFcnEval            000000018002bcce f   libcovrt:libcovrt.dll
 0001:0002acd4       covrtEmlIfEval             000000018002bcd4 f   libcovrt:libcovrt.dll
 0001:0002acdc       __raise_securityfailure    000000018002bcdc f   MSVCRT:gs_report.obj
 0001:0002ad10       __report_gsfailure         000000018002bd10 f   MSVCRT:gs_report.obj
 0001:0002ade4       __report_rangecheckfailure 000000018002bde4 f   MSVCRT:gs_report.obj
 0001:0002adf8       __report_securityfailure   000000018002bdf8 f   MSVCRT:gs_report.obj
 0001:0002ae94       __report_securityfailureEx 000000018002be94 f   MSVCRT:gs_report.obj
 0001:0002b088       __GSHandlerCheck           000000018002c088 f   MSVCRT:gshandler.obj
 0001:0002b0a8       __GSHandlerCheckCommon     000000018002c0a8 f   MSVCRT:gshandler.obj
 0001:0002b120       __security_check_cookie    000000018002c120 f   MSVCRT:amdsecgs.obj
 0001:0002b490       _CRT_INIT                  000000018002c490 f   MSVCRT:dll_dllmain.obj
 0001:0002b498       _DllMainCRTStartup         000000018002c498 f   MSVCRT:dll_dllmain.obj
 0001:0002b544       __security_init_cookie     000000018002c544 f   MSVCRT:gs_support.obj
 0001:0002b5f0       DllMain                    000000018002c5f0 f   MSVCRT:dll_dllmain_stub.obj
 0001:0002b614       ?__scrt_initialize_type_info@@YAXXZ 000000018002c614 f   MSVCRT:tncleanup.obj
 0001:0002b624       ?__scrt_uninitialize_type_info@@YAXXZ 000000018002c624 f   MSVCRT:tncleanup.obj
 0001:0002b630       __local_stdio_scanf_options 000000018002c630 f i MSVCRT:default_local_stdio_options.obj
 0001:0002b638       __scrt_initialize_default_local_stdio_options 000000018002c638 f   MSVCRT:default_local_stdio_options.obj
 0001:0002b654       ??$__crt_fast_decode_pointer@PEAP6AXXZ@@YAPEAP6AXXZQEAP6AXXZ@Z 000000018002c654 f i MSVCRT:utility.obj
 0001:0002b66c       ??$__crt_fast_encode_pointer@PEAP6AXXZ@@YAPEAP6AXXZQEAP6AXXZ@Z 000000018002c66c f i MSVCRT:utility.obj
 0001:0002b68c       ?__crt_rotate_pointer_value@@YA_K_KH@Z 000000018002c68c f i MSVCRT:utility.obj
 0001:0002b698       ?configure_argv@__scrt_narrow_argv_policy@@SAHXZ 000000018002c698 f i MSVCRT:utility.obj
 0001:0002b6f8       ?initialize_environment@__scrt_narrow_environment_policy@@SAHXZ 000000018002c6f8 f i MSVCRT:utility.obj
 0001:0002b730       NtCurrentTeb               000000018002c730 f i MSVCRT:utility.obj
 0001:0002b73c       __scrt_acquire_startup_lock 000000018002c73c f   MSVCRT:utility.obj
 0001:0002b778       __scrt_dllmain_after_initialize_c 000000018002c778 f   MSVCRT:utility.obj
 0001:0002b7ac       __scrt_dllmain_before_initialize_c 000000018002c7ac f   MSVCRT:utility.obj
 0001:0002b7c4       __scrt_dllmain_crt_thread_attach 000000018002c7c4 f   MSVCRT:utility.obj
 0001:0002b7ec       __scrt_dllmain_crt_thread_detach 000000018002c7ec f   MSVCRT:utility.obj
 0001:0002b804       __scrt_dllmain_exception_filter 000000018002c804 f   MSVCRT:utility.obj
 0001:0002b864       __scrt_dllmain_uninitialize_c 000000018002c864 f   MSVCRT:utility.obj
 0001:0002b894       __scrt_dllmain_uninitialize_critical 000000018002c894 f   MSVCRT:utility.obj
 0001:0002b8a8       __scrt_initialize_crt      000000018002c8a8 f   MSVCRT:utility.obj
 0001:0002b8f4       __scrt_initialize_onexit_tables 000000018002c8f4 f   MSVCRT:utility.obj
 0001:0002b9cc       __scrt_is_nonwritable_in_current_image 000000018002c9cc f   MSVCRT:utility.obj
 0001:0002ba68       __scrt_release_startup_lock 000000018002ca68 f   MSVCRT:utility.obj
 0001:0002ba8c       __scrt_uninitialize_crt    000000018002ca8c f   MSVCRT:utility.obj
 0001:0002bab8       _onexit                    000000018002cab8 f   MSVCRT:utility.obj
 0001:0002bb08       at_quick_exit              000000018002cb08 f   MSVCRT:utility.obj
 0001:0002bb40       atexit                     000000018002cb40 f   MSVCRT:utility.obj
 0001:0002bb58       __scrt_get_dyn_tls_init_callback 000000018002cb58 f   MSVCRT:dyn_tls_init.obj
 0001:0002bb60       __crt_debugger_hook        000000018002cb60 f   MSVCRT:utility_desktop.obj
 0001:0002bb68       __scrt_fastfail            000000018002cb68 f   MSVCRT:utility_desktop.obj
 0001:0002bcb4       __scrt_get_show_window_mode 000000018002ccb4 f   MSVCRT:utility_desktop.obj
 0001:0002bcf0       __scrt_initialize_mta      000000018002ccf0 f   MSVCRT:utility_desktop.obj
 0001:0002bcf8       __scrt_initialize_winrt    000000018002ccf8 f   MSVCRT:utility_desktop.obj
 0001:0002bcfc       __scrt_is_managed_app      000000018002ccfc f   MSVCRT:utility_desktop.obj
 0001:0002bd50       __scrt_set_unhandled_exception_filter 000000018002cd50 f   MSVCRT:utility_desktop.obj
 0001:0002bd60       __scrt_stub_for_initialize_mta 000000018002cd60 f   MSVCRT:utility_desktop.obj
 0001:0002bd60       __scrt_exe_initialize_mta  000000018002cd60 f   MSVCRT:utility_desktop.obj
 0001:0002bd64       __scrt_unhandled_exception_filter 000000018002cd64 f   MSVCRT:utility_desktop.obj
 0001:0002bd9c       _RTC_Initialize            000000018002cd9c f   MSVCRT:initsect.obj
 0001:0002bdd8       _RTC_Terminate             000000018002cdd8 f   MSVCRT:initsect.obj
 0001:0002be14       _guard_check_icall_nop     000000018002ce14 f i MSVCRT:guard_support.obj
 0001:0002be18       ReadNoFence64              000000018002ce18 f i MSVCRT:guard_support.obj
 0001:0002be1c       ReadPointerNoFence         000000018002ce1c f i MSVCRT:guard_support.obj
 0001:0002be20       _guard_icall_checks_enforced 000000018002ce20 f i MSVCRT:guard_support.obj
 0001:0002be38       _guard_rf_checks_enforced  000000018002ce38 f i MSVCRT:guard_support.obj
 0001:0002be3c       __isa_available_init       000000018002ce3c f   MSVCRT:cpu_disp.obj
 0001:0002bfb8       _get_startup_argv_mode     000000018002cfb8 f   MSVCRT:argv_mode.obj
 0001:0002bfc0       __scrt_is_ucrt_dll_in_use  000000018002cfc0 f   MSVCRT:ucrt_detection.obj
 0001:0002bfd0       RtlCaptureContext          000000018002cfd0 f   kernel32:KERNEL32.dll
 0001:0002bfd6       RtlLookupFunctionEntry     000000018002cfd6 f   kernel32:KERNEL32.dll
 0001:0002bfdc       RtlVirtualUnwind           000000018002cfdc f   kernel32:KERNEL32.dll
 0001:0002bfe2       UnhandledExceptionFilter   000000018002cfe2 f   kernel32:KERNEL32.dll
 0001:0002bfe8       SetUnhandledExceptionFilter 000000018002cfe8 f   kernel32:KERNEL32.dll
 0001:0002bfee       GetCurrentProcess          000000018002cfee f   kernel32:KERNEL32.dll
 0001:0002bff4       TerminateProcess           000000018002cff4 f   kernel32:KERNEL32.dll
 0001:0002bffa       IsProcessorFeaturePresent  000000018002cffa f   kernel32:KERNEL32.dll
 0001:0002c000       QueryPerformanceCounter    000000018002d000 f   kernel32:KERNEL32.dll
 0001:0002c006       GetCurrentProcessId        000000018002d006 f   kernel32:KERNEL32.dll
 0001:0002c00c       GetCurrentThreadId         000000018002d00c f   kernel32:KERNEL32.dll
 0001:0002c012       GetSystemTimeAsFileTime    000000018002d012 f   kernel32:KERNEL32.dll
 0001:0002c018       DisableThreadLibraryCalls  000000018002d018 f   kernel32:KERNEL32.dll
 0001:0002c01e       InitializeSListHead        000000018002d01e f   kernel32:KERNEL32.dll
 0001:0002c024       IsDebuggerPresent          000000018002d024 f   kernel32:KERNEL32.dll
 0001:0002c02a       GetStartupInfoW            000000018002d02a f   kernel32:KERNEL32.dll
 0001:0002c030       GetModuleHandleW           000000018002d030 f   kernel32:KERNEL32.dll
 0001:0002c036       memcpy                     000000018002d036 f   vcruntime:VCRUNTIME140.dll
 0001:0002c03c       memset                     000000018002d03c f   vcruntime:VCRUNTIME140.dll
 0001:0002c042       __C_specific_handler       000000018002d042 f   vcruntime:VCRUNTIME140.dll
 0001:0002c048       __std_type_info_destroy_list 000000018002d048 f   vcruntime:VCRUNTIME140.dll
 0001:0002c04e       strcmp                     000000018002d04e f   ucrt:api-ms-win-crt-string-l1-1-0.dll
 0001:0002c054       strcat                     000000018002d054 f   ucrt:api-ms-win-crt-string-l1-1-0.dll
 0001:0002c05a       frexp                      000000018002d05a f   ucrt:api-ms-win-crt-math-l1-1-0.dll
 0001:0002c060       ldexp                      000000018002d060 f   ucrt:api-ms-win-crt-math-l1-1-0.dll
 0001:0002c066       __stdio_common_vsprintf    000000018002d066 f   ucrt:api-ms-win-crt-stdio-l1-1-0.dll
 0001:0002c06c       free                       000000018002d06c f   ucrt:api-ms-win-crt-heap-l1-1-0.dll
 0001:0002c072       malloc                     000000018002d072 f   ucrt:api-ms-win-crt-heap-l1-1-0.dll
 0001:0002c078       strlen                     000000018002d078 f   ucrt:api-ms-win-crt-string-l1-1-0.dll
 0001:0002c07e       _initterm                  000000018002d07e f   ucrt:api-ms-win-crt-runtime-l1-1-0.dll
 0001:0002c084       _initterm_e                000000018002d084 f   ucrt:api-ms-win-crt-runtime-l1-1-0.dll
 0001:0002c08a       _seh_filter_dll            000000018002d08a f   ucrt:api-ms-win-crt-runtime-l1-1-0.dll
 0001:0002c090       _configure_narrow_argv     000000018002d090 f   ucrt:api-ms-win-crt-runtime-l1-1-0.dll
 0001:0002c096       _initialize_narrow_environment 000000018002d096 f   ucrt:api-ms-win-crt-runtime-l1-1-0.dll
 0001:0002c09c       _initialize_onexit_table   000000018002d09c f   ucrt:api-ms-win-crt-runtime-l1-1-0.dll
 0001:0002c0a2       _register_onexit_function  000000018002d0a2 f   ucrt:api-ms-win-crt-runtime-l1-1-0.dll
 0001:0002c0a8       _execute_onexit_table      000000018002d0a8 f   ucrt:api-ms-win-crt-runtime-l1-1-0.dll
 0001:0002c0ae       _crt_atexit                000000018002d0ae f   ucrt:api-ms-win-crt-runtime-l1-1-0.dll
 0001:0002c0b4       _crt_at_quick_exit         000000018002d0b4 f   ucrt:api-ms-win-crt-runtime-l1-1-0.dll
 0001:0002c0ba       _cexit                     000000018002d0ba f   ucrt:api-ms-win-crt-runtime-l1-1-0.dll
 0001:0002c0c0       terminate                  000000018002d0c0 f   ucrt:api-ms-win-crt-runtime-l1-1-0.dll
 0001:0002c0c8       __scrt_stub_for_acrt_initialize 000000018002d0c8 f   MSVCRT:ucrt_stubs.obj
 0001:0002c0c8       __acrt_initialize          000000018002d0c8 f   MSVCRT:ucrt_stubs.obj
 0001:0002c0c8       __vcrt_initialize          000000018002d0c8 f   MSVCRT:ucrt_stubs.obj
 0001:0002c0cc       __scrt_stub_for_acrt_thread_attach 000000018002d0cc f   MSVCRT:ucrt_stubs.obj
 0001:0002c0cc       __vcrt_thread_attach       000000018002d0cc f   MSVCRT:ucrt_stubs.obj
 0001:0002c0cc       __acrt_thread_attach       000000018002d0cc f   MSVCRT:ucrt_stubs.obj
 0001:0002c0d0       __scrt_stub_for_acrt_thread_detach 000000018002d0d0 f   MSVCRT:ucrt_stubs.obj
 0001:0002c0d0       __acrt_thread_detach       000000018002d0d0 f   MSVCRT:ucrt_stubs.obj
 0001:0002c0d0       __vcrt_thread_detach       000000018002d0d0 f   MSVCRT:ucrt_stubs.obj
 0001:0002c0d4       __vcrt_uninitialize        000000018002d0d4 f   MSVCRT:ucrt_stubs.obj
 0001:0002c0d4       __acrt_uninitialize        000000018002d0d4 f   MSVCRT:ucrt_stubs.obj
 0001:0002c0d4       __scrt_stub_for_acrt_uninitialize 000000018002d0d4 f   MSVCRT:ucrt_stubs.obj
 0001:0002c0d8       __scrt_stub_for_acrt_uninitialize_critical 000000018002d0d8 f   MSVCRT:ucrt_stubs.obj
 0001:0002c0d8       __acrt_uninitialize_critical 000000018002d0d8 f   MSVCRT:ucrt_stubs.obj
 0001:0002c0d8       __vcrt_uninitialize_critical 000000018002d0d8 f   MSVCRT:ucrt_stubs.obj
 0001:0002c0dc       __scrt_stub_for_is_c_termination_complete 000000018002d0dc f   MSVCRT:ucrt_stubs.obj
 0001:0002c0dc       _is_c_termination_complete 000000018002d0dc f   MSVCRT:ucrt_stubs.obj
 0001:0002c0f0       _guard_dispatch_icall_nop  000000018002d0f0 f   MSVCRT:guard_dispatch.obj
 0002:00000000       __imp_SetUnhandledExceptionFilter 000000018002e000     kernel32:KERNEL32.dll
 0002:00000008       __imp_GetCurrentProcessId  000000018002e008     kernel32:KERNEL32.dll
 0002:00000010       __imp_RtlCaptureContext    000000018002e010     kernel32:KERNEL32.dll
 0002:00000018       __imp_GetCurrentThreadId   000000018002e018     kernel32:KERNEL32.dll
 0002:00000020       __imp_RtlLookupFunctionEntry 000000018002e020     kernel32:KERNEL32.dll
 0002:00000028       __imp_RtlVirtualUnwind     000000018002e028     kernel32:KERNEL32.dll
 0002:00000030       __imp_UnhandledExceptionFilter 000000018002e030     kernel32:KERNEL32.dll
 0002:00000038       __imp_GetSystemTimeAsFileTime 000000018002e038     kernel32:KERNEL32.dll
 0002:00000040       __imp_DisableThreadLibraryCalls 000000018002e040     kernel32:KERNEL32.dll
 0002:00000048       __imp_InitializeSListHead  000000018002e048     kernel32:KERNEL32.dll
 0002:00000050       __imp_IsDebuggerPresent    000000018002e050     kernel32:KERNEL32.dll
 0002:00000058       __imp_GetStartupInfoW      000000018002e058     kernel32:KERNEL32.dll
 0002:00000060       __imp_GetModuleHandleW     000000018002e060     kernel32:KERNEL32.dll
 0002:00000068       __imp_IsProcessorFeaturePresent 000000018002e068     kernel32:KERNEL32.dll
 0002:00000070       __imp_TerminateProcess     000000018002e070     kernel32:KERNEL32.dll
 0002:00000078       __imp_GetCurrentProcess    000000018002e078     kernel32:KERNEL32.dll
 0002:00000080       __imp_QueryPerformanceCounter 000000018002e080     kernel32:KERNEL32.dll
 0002:00000088       \177KERNEL32_NULL_THUNK_DATA 000000018002e088     kernel32:KERNEL32.dll
 0002:00000090       __imp_memcpy               000000018002e090     vcruntime:VCRUNTIME140.dll
 0002:00000098       __imp___std_type_info_destroy_list 000000018002e098     vcruntime:VCRUNTIME140.dll
 0002:000000a0       __imp_memset               000000018002e0a0     vcruntime:VCRUNTIME140.dll
 0002:000000a8       __imp___C_specific_handler 000000018002e0a8     vcruntime:VCRUNTIME140.dll
 0002:000000b0       \177VCRUNTIME140_NULL_THUNK_DATA 000000018002e0b0     vcruntime:VCRUNTIME140.dll
 0002:000000b8       __imp_free                 000000018002e0b8     ucrt:api-ms-win-crt-heap-l1-1-0.dll
 0002:000000c0       __imp_malloc               000000018002e0c0     ucrt:api-ms-win-crt-heap-l1-1-0.dll
 0002:000000c8       \177api-ms-win-crt-heap-l1-1-0_NULL_THUNK_DATA 000000018002e0c8     ucrt:api-ms-win-crt-heap-l1-1-0.dll
 0002:000000d0       __imp_frexp                000000018002e0d0     ucrt:api-ms-win-crt-math-l1-1-0.dll
 0002:000000d8       __imp_ldexp                000000018002e0d8     ucrt:api-ms-win-crt-math-l1-1-0.dll
 0002:000000e0       \177api-ms-win-crt-math-l1-1-0_NULL_THUNK_DATA 000000018002e0e0     ucrt:api-ms-win-crt-math-l1-1-0.dll
 0002:000000e8       __imp__seh_filter_dll      000000018002e0e8     ucrt:api-ms-win-crt-runtime-l1-1-0.dll
 0002:000000f0       __imp__configure_narrow_argv 000000018002e0f0     ucrt:api-ms-win-crt-runtime-l1-1-0.dll
 0002:000000f8       __imp__initialize_onexit_table 000000018002e0f8     ucrt:api-ms-win-crt-runtime-l1-1-0.dll
 0002:00000100       __imp__initterm            000000018002e100     ucrt:api-ms-win-crt-runtime-l1-1-0.dll
 0002:00000108       __imp__register_onexit_function 000000018002e108     ucrt:api-ms-win-crt-runtime-l1-1-0.dll
 0002:00000110       __imp__execute_onexit_table 000000018002e110     ucrt:api-ms-win-crt-runtime-l1-1-0.dll
 0002:00000118       __imp__crt_atexit          000000018002e118     ucrt:api-ms-win-crt-runtime-l1-1-0.dll
 0002:00000120       __imp__crt_at_quick_exit   000000018002e120     ucrt:api-ms-win-crt-runtime-l1-1-0.dll
 0002:00000128       __imp__cexit               000000018002e128     ucrt:api-ms-win-crt-runtime-l1-1-0.dll
 0002:00000130       __imp_terminate            000000018002e130     ucrt:api-ms-win-crt-runtime-l1-1-0.dll
 0002:00000138       __imp__initialize_narrow_environment 000000018002e138     ucrt:api-ms-win-crt-runtime-l1-1-0.dll
 0002:00000140       __imp__initterm_e          000000018002e140     ucrt:api-ms-win-crt-runtime-l1-1-0.dll
 0002:00000148       \177api-ms-win-crt-runtime-l1-1-0_NULL_THUNK_DATA 000000018002e148     ucrt:api-ms-win-crt-runtime-l1-1-0.dll
 0002:00000150       __imp___stdio_common_vsprintf 000000018002e150     ucrt:api-ms-win-crt-stdio-l1-1-0.dll
 0002:00000158       \177api-ms-win-crt-stdio-l1-1-0_NULL_THUNK_DATA 000000018002e158     ucrt:api-ms-win-crt-stdio-l1-1-0.dll
 0002:00000160       __imp_strlen               000000018002e160     ucrt:api-ms-win-crt-string-l1-1-0.dll
 0002:00000168       __imp_strcat               000000018002e168     ucrt:api-ms-win-crt-string-l1-1-0.dll
 0002:00000170       __imp_strcmp               000000018002e170     ucrt:api-ms-win-crt-string-l1-1-0.dll
 0002:00000178       \177api-ms-win-crt-string-l1-1-0_NULL_THUNK_DATA 000000018002e178     ucrt:api-ms-win-crt-string-l1-1-0.dll
 0002:00000180       __imp_covrtTransInitFcn    000000018002e180     libcovrt:libcovrt.dll
 0002:00000188       __imp_covrtDeleteStateflowInstanceData 000000018002e188     libcovrt:libcovrt.dll
 0002:00000190       __imp_covrtStateInitFcn    000000018002e190     libcovrt:libcovrt.dll
 0002:00000198       __imp_covrtEmlIfEval       000000018002e198     libcovrt:libcovrt.dll
 0002:000001a0       __imp_covrtEmlFcnEval      000000018002e1a0     libcovrt:libcovrt.dll
 0002:000001a8       __imp_covrtEmlIfInitFcn    000000018002e1a8     libcovrt:libcovrt.dll
 0002:000001b0       __imp_covrtEmlFcnInitFcn   000000018002e1b0     libcovrt:libcovrt.dll
 0002:000001b8       __imp_covrtEmlInitFcn      000000018002e1b8     libcovrt:libcovrt.dll
 0002:000001c0       __imp_covrtSigUpdateFcn    000000018002e1c0     libcovrt:libcovrt.dll
 0002:000001c8       __imp_covrtChartInitFcn    000000018002e1c8     libcovrt:libcovrt.dll
 0002:000001d0       __imp_covrtCreateStateflowInstanceData 000000018002e1d0     libcovrt:libcovrt.dll
 0002:000001d8       \177libcovrt_NULL_THUNK_DATA 000000018002e1d8     libcovrt:libcovrt.dll
 0002:000001e0       __imp_emlrtLicenseCheckR2022a 000000018002e1e0     libemlrt:libemlrt.dll
 0002:000001e8       __imp_emlrtSizeMulR2012b   000000018002e1e8     libemlrt:libemlrt.dll
 0002:000001f0       __imp_emlrtIntegerCheckR2012b 000000018002e1f0     libemlrt:libemlrt.dll
 0002:000001f8       __imp_emlrtHeapAllocationErrorR2012b 000000018002e1f8     libemlrt:libemlrt.dll
 0002:00000200       __imp_emlrtFreeMex         000000018002e200     libemlrt:libemlrt.dll
 0002:00000208       __imp_emlrtCallocMex       000000018002e208     libemlrt:libemlrt.dll
 0002:00000210       __imp_emlrtDynamicBoundsCheckR2012b 000000018002e210     libemlrt:libemlrt.dll
 0002:00000218       __imp_emlrtNonNegativeCheckR2012b 000000018002e218     libemlrt:libemlrt.dll
 0002:00000220       __imp_emlrtMallocMex       000000018002e220     libemlrt:libemlrt.dll
 0002:00000228       \177libemlrt_NULL_THUNK_DATA 000000018002e228     libemlrt:libemlrt.dll
 0002:00000230       __imp_mexUnlock_800        000000018002e230     libmex:libmex.dll
 0002:00000238       __imp_mexIsLocked_800      000000018002e238     libmex:libmex.dll
 0002:00000240       __imp_mexMakeArrayPersistent_800 000000018002e240     libmex:libmex.dll
 0002:00000248       __imp_mexWarnMsgTxt_800    000000018002e248     libmex:libmex.dll
 0002:00000250       __imp_mexErrMsgTxt_800     000000018002e250     libmex:libmex.dll
 0002:00000258       __imp_mexLock_800          000000018002e258     libmex:libmex.dll
 0002:00000260       __imp_mexCallMATLAB_800    000000018002e260     libmex:libmex.dll
 0002:00000268       \177libmex_NULL_THUNK_DATA 000000018002e268     libmex:libmex.dll
 0002:00000270       __imp_drotg                000000018002e270     libmwblas:libmwblas.dll
 0002:00000278       \177libmwblas_NULL_THUNK_DATA 000000018002e278     libmwblas:libmwblas.dll
 0002:00000280       __imp_muDoubleScalarSqrt   000000018002e280     libmwmathutil:libmwmathutil.dll
 0002:00000288       __imp_muDoubleScalarFloor  000000018002e288     libmwmathutil:libmwmathutil.dll
 0002:00000290       __imp_muDoubleScalarIsNaN  000000018002e290     libmwmathutil:libmwmathutil.dll
 0002:00000298       __imp_muDoubleScalarIsInf  000000018002e298     libmwmathutil:libmwmathutil.dll
 0002:000002a0       __imp_muSingleScalarIsNaN  000000018002e2a0     libmwmathutil:libmwmathutil.dll
 0002:000002a8       __imp_muSingleScalarIsInf  000000018002e2a8     libmwmathutil:libmwmathutil.dll
 0002:000002b0       __imp_muIntScalarMin_sint32 000000018002e2b0     libmwmathutil:libmwmathutil.dll
 0002:000002b8       __imp_muDoubleScalarMin    000000018002e2b8     libmwmathutil:libmwmathutil.dll
 0002:000002c0       __imp_muDoubleScalarAbs    000000018002e2c0     libmwmathutil:libmwmathutil.dll
 0002:000002c8       __imp_muDoubleScalarMax    000000018002e2c8     libmwmathutil:libmwmathutil.dll
 0002:000002d0       \177libmwmathutil_NULL_THUNK_DATA 000000018002e2d0     libmwmathutil:libmwmathutil.dll
 0002:000002d8       __imp_initialisePoses      000000018002e2d8     libmwreadAprilTag:libmwreadAprilTag.dll
 0002:000002e0       __imp_getAprilTagIdPoseDetections 000000018002e2e0     libmwreadAprilTag:libmwreadAprilTag.dll
 0002:000002e8       __imp_initialiseOutput     000000018002e2e8     libmwreadAprilTag:libmwreadAprilTag.dll
 0002:000002f0       \177libmwreadAprilTag_NULL_THUNK_DATA 000000018002e2f0     libmwreadAprilTag:libmwreadAprilTag.dll
 0002:000002f8       __imp_mxCreateDoubleScalar_800 000000018002e2f8     libmx:libmx.dll
 0002:00000300       __imp_mxGetN_800           000000018002e300     libmx:libmx.dll
 0002:00000308       __imp_mxIsComplex_800      000000018002e308     libmx:libmx.dll
 0002:00000310       __imp_mxIsNumeric_800      000000018002e310     libmx:libmx.dll
 0002:00000318       __imp_mxGetClassID_800     000000018002e318     libmx:libmx.dll
 0002:00000320       __imp_mxGetM_800           000000018002e320     libmx:libmx.dll
 0002:00000328       __imp_mxCalloc_800         000000018002e328     libmx:libmx.dll
 0002:00000330       __imp_mxGetNaN_800         000000018002e330     libmx:libmx.dll
 0002:00000338       __imp_mxCreateStructMatrix_800 000000018002e338     libmx:libmx.dll
 0002:00000340       __imp_mxCreateCellMatrix_800 000000018002e340     libmx:libmx.dll
 0002:00000348       __imp_mxCreateString_800   000000018002e348     libmx:libmx.dll
 0002:00000350       __imp_mxSetField_800       000000018002e350     libmx:libmx.dll
 0002:00000358       __imp_mxSetCell_800        000000018002e358     libmx:libmx.dll
 0002:00000360       __imp_mxDuplicateArray_800 000000018002e360     libmx:libmx.dll
 0002:00000368       __imp_mxGetString_800      000000018002e368     libmx:libmx.dll
 0002:00000370       __imp_mxCreateDoubleMatrix_800 000000018002e370     libmx:libmx.dll
 0002:00000378       __imp_mxDestroyArray_800   000000018002e378     libmx:libmx.dll
 0002:00000380       __imp_mxGetPr_800          000000018002e380     libmx:libmx.dll
 0002:00000388       __imp_mxGetScalar_800      000000018002e388     libmx:libmx.dll
 0002:00000390       __imp_mxIsChar_800         000000018002e390     libmx:libmx.dll
 0002:00000398       \177libmx_NULL_THUNK_DATA  000000018002e398     libmx:libmx.dll
 0002:000003a0       __imp_utFree               000000018002e3a0     libut:libut.dll
 0002:000003a8       __imp_utMalloc             000000018002e3a8     libut:libut.dll
 0002:000003b0       \177libut_NULL_THUNK_DATA  000000018002e3b0     libut:libut.dll
 0002:000003b8       __imp_call_sf_machine_global_method_dispatcher 000000018002e3b8     sf_runtime:sf_runtime.dll
 0002:000003c0       __imp_callMdlMethodAndReportError 000000018002e3c0     sf_runtime:sf_runtime.dll
 0002:000003c8       __imp_sf_get_hasSeparateUpdateOutputs 000000018002e3c8     sf_runtime:sf_runtime.dll
 0002:000003d0       __imp_sf_get_ChartInfoStruct_CodeGen 000000018002e3d0     sf_runtime:sf_runtime.dll
 0002:000003d8       __imp_ssGetOutputPortSignal_wrapper 000000018002e3d8     sf_runtime:sf_runtime.dll
 0002:000003e0       __imp_sf_mex_error_direct_call 000000018002e3e0     sf_runtime:sf_runtime.dll
 0002:000003e8       __imp_sf_clear_error_manager_info 000000018002e3e8     sf_runtime:sf_runtime.dll
 0002:000003f0       __imp_sf_mex_destroy       000000018002e3f0     sf_runtime:sf_runtime.dll
 0002:000003f8       __imp_sf_mex_dup           000000018002e3f8     sf_runtime:sf_runtime.dll
 0002:00000400       __imp_sf_mex_assign        000000018002e400     sf_runtime:sf_runtime.dll
 0002:00000408       __imp_sf_mex_getcell       000000018002e408     sf_runtime:sf_runtime.dll
 0002:00000410       __imp_sf_mex_setcell       000000018002e410     sf_runtime:sf_runtime.dll
 0002:00000418       __imp_sf_mex_createcellmatrix 000000018002e418     sf_runtime:sf_runtime.dll
 0002:00000420       __imp_sf_mex_create        000000018002e420     sf_runtime:sf_runtime.dll
 0002:00000428       __imp_sf_mex_error_message 000000018002e428     sf_runtime:sf_runtime.dll
 0002:00000430       __imp_sf_mex_call          000000018002e430     sf_runtime:sf_runtime.dll
 0002:00000438       __imp_sfListenerInitializeRuntimeVars 000000018002e438     sf_runtime:sf_runtime.dll
 0002:00000440       __imp_sfListenerLightTerminate 000000018002e440     sf_runtime:sf_runtime.dll
 0002:00000448       __imp_sfListenerCacheSimStruct 000000018002e448     sf_runtime:sf_runtime.dll
 0002:00000450       __imp_sf_set_work_widths   000000018002e450     sf_runtime:sf_runtime.dll
 0002:00000458       __imp_sf_warn_if_symbolic_dimension_param_changed 000000018002e458     sf_runtime:sf_runtime.dll
 0002:00000460       __imp_setDebuggerFlag      000000018002e460     sf_runtime:sf_runtime.dll
 0002:00000468       __imp_setDataBrowseFcn     000000018002e468     sf_runtime:sf_runtime.dll
 0002:00000470       __imp_sfDoAnimationWrapper 000000018002e470     sf_runtime:sf_runtime.dll
 0002:00000478       __imp_sf_get_time          000000018002e478     sf_runtime:sf_runtime.dll
 0002:00000480       __imp_sf_clear_rtw_identifier 000000018002e480     sf_runtime:sf_runtime.dll
 0002:00000488       __imp_sim_mode_is_external 000000018002e488     sf_runtime:sf_runtime.dll
 0002:00000490       __imp_sim_mode_is_rtw_gen  000000018002e490     sf_runtime:sf_runtime.dll
 0002:00000498       __imp_sf_get_chart_instance_ptr 000000018002e498     sf_runtime:sf_runtime.dll
 0002:000004a0       __imp_sfrtGetCovrtInstance 000000018002e4a0     sf_runtime:sf_runtime.dll
 0002:000004a8       __imp_sfrtGetEmlrtCtx      000000018002e4a8     sf_runtime:sf_runtime.dll
 0002:000004b0       __imp_sf_free_ChartRunTimeInfo 000000018002e4b0     sf_runtime:sf_runtime.dll
 0002:000004b8       __imp_sf_init_ChartRunTimeInfo 000000018002e4b8     sf_runtime:sf_runtime.dll
 0002:000004c0       __imp_sf_mex_decode        000000018002e4c0     sf_runtime:sf_runtime.dll
 0002:000004c8       __imp_sf_load_rtw_optimization_info 000000018002e4c8     sf_runtime:sf_runtime.dll
 0002:000004d0       __imp_getRuntimeInstanceInfoAsVoid 000000018002e4d0     sf_runtime:sf_runtime.dll
 0002:000004d8       __imp_sf_mex_import        000000018002e4d8     sf_runtime:sf_runtime.dll
 0002:000004e0       __imp_ssGetInputPortSignal_wrapper 000000018002e4e0     sf_runtime:sf_runtime.dll
 0002:000004e8       \177sf_runtime_NULL_THUNK_DATA 000000018002e4e8     sf_runtime:sf_runtime.dll
 0002:000004f0       __guard_check_icall_fptr   000000018002e4f0     MSVCRT:guard_support.obj
 0002:000004f8       __guard_dispatch_icall_fptr 000000018002e4f8     MSVCRT:guard_support.obj
 0002:00000500       __xc_a                     000000018002e500     MSVCRT:initializers.obj
 0002:00000508       __xc_z                     000000018002e508     MSVCRT:initializers.obj
 0002:00000510       __xi_a                     000000018002e510     MSVCRT:initializers.obj
 0002:00000518       __xi_z                     000000018002e518     MSVCRT:initializers.obj
 0002:00000520       __xp_a                     000000018002e520     MSVCRT:initializers.obj
 0002:00000528       __xp_z                     000000018002e528     MSVCRT:initializers.obj
 0002:00000530       __xt_a                     000000018002e530     MSVCRT:initializers.obj
 0002:00000538       __xt_z                     000000018002e538     MSVCRT:initializers.obj
 0002:00000540       __real@41b676d8cb000000    000000018002e540     CameraCalImageCapture_sfun.obj
 0002:00000548       __real@41bfbc03f7000000    000000018002e548     CameraCalImageCapture_sfun.obj
 0002:00000550       __real@41c10e978c000000    000000018002e550     CameraCalImageCapture_sfun.obj
 0002:00000558       __real@41c5e4ce15000000    000000018002e558     CameraCalImageCapture_sfun.obj
 0002:00000560       __real@41ca0a6762000000    000000018002e560     CameraCalImageCapture_sfun.obj
 0002:00000568       __real@41d573e654000000    000000018002e568     CameraCalImageCapture_sfun.obj
 0002:00000570       __real@41d816d7e5800000    000000018002e570     CameraCalImageCapture_sfun.obj
 0002:00000578       __real@41d8b3264c000000    000000018002e578     CameraCalImageCapture_sfun.obj
 0002:00000580       __real@41e6ee9e7c800000    000000018002e580     CameraCalImageCapture_sfun.obj
 0002:00000588       __real@41e941b00d000000    000000018002e588     CameraCalImageCapture_sfun.obj
 0002:00000590       __real@41ea0499f3600000    000000018002e590     CameraCalImageCapture_sfun.obj
 0002:00000598       __real@41ee04c326400000    000000018002e598     CameraCalImageCapture_sfun.obj
 0002:000005a8       __real@00000000            000000018002e5a8     c2_CameraCalImageCapture.obj
 0002:000005b0       __real@0000000000000000    000000018002e5b0     c2_CameraCalImageCapture.obj
 0002:000005b8       __real@0000000000000001    000000018002e5b8     c2_CameraCalImageCapture.obj
 0002:000005c0       __real@0020000000000000    000000018002e5c0     c2_CameraCalImageCapture.obj
 0002:000005c8       __real@02e9000000000000    000000018002e5c8     c2_CameraCalImageCapture.obj
 0002:000005d0       __real@0350000000000000    000000018002e5d0     c2_CameraCalImageCapture.obj
 0002:000005d8       __real@1cc0000000000000    000000018002e5d8     c2_CameraCalImageCapture.obj
 0002:000005e0       __real@3cb0000000000000    000000018002e5e0     c2_CameraCalImageCapture.obj
 0002:000005e8       __real@3d80000000000000    000000018002e5e8     c2_CameraCalImageCapture.obj
 0002:000005f0       __real@3f50624dd2f1a9fc    000000018002e5f0     c2_CameraCalImageCapture.obj
 0002:000005f8       __real@3ff0000000000000    000000018002e5f8     c2_CameraCalImageCapture.obj
 0002:00000600       __real@40000000            000000018002e600     c2_CameraCalImageCapture.obj
 0002:00000608       __real@4000000000000000    000000018002e608     c2_CameraCalImageCapture.obj
 0002:00000610       __real@4008000000000000    000000018002e610     c2_CameraCalImageCapture.obj
 0002:00000618       __real@4010000000000000    000000018002e618     c2_CameraCalImageCapture.obj
 0002:00000620       __real@4024000000000000    000000018002e620     c2_CameraCalImageCapture.obj
 0002:00000628       __real@4034000000000000    000000018002e628     c2_CameraCalImageCapture.obj
 0002:00000630       __real@404d400000000000    000000018002e630     c2_CameraCalImageCapture.obj
 0002:00000638       __real@4052c00000000000    000000018002e638     c2_CameraCalImageCapture.obj
 0002:00000640       __real@4064000000000000    000000018002e640     c2_CameraCalImageCapture.obj
 0002:00000648       __real@407e000000000000    000000018002e648     c2_CameraCalImageCapture.obj
 0002:00000650       __real@41c14e3775000000    000000018002e650     c2_CameraCalImageCapture.obj
 0002:00000658       __real@41c4d4b591000000    000000018002e658     c2_CameraCalImageCapture.obj
 0002:00000660       __real@41da5ed1c1800000    000000018002e660     c2_CameraCalImageCapture.obj
 0002:00000668       __real@41e791b8be800000    000000018002e668     c2_CameraCalImageCapture.obj
 0002:00000670       __real@bff0000000000000    000000018002e670     c2_CameraCalImageCapture.obj
 0002:00000680       __xmm@80000000000000008000000000000000 000000018002e680     c2_CameraCalImageCapture.obj
 0002:00000690       DYNAMIC_DIMENSION_DEF      000000018002e690     CameraCalImageCapture_sfun_registry.obj
 0002:000006a8       __real@41602cbca0000000    000000018002e6a8     CameraCalImageCapture_sfun_registry.obj
 0002:000006b0       __real@77800000            000000018002e6b0     half_type.obj
 0002:000006c8       _pDefaultRawDllMain        000000018002e6c8     MSVCRT:dll_dllmain.obj
 0002:000006c8       _pRawDllMain               000000018002e6c8     MSVCRT:dll_dllmain.obj
 0002:000006f0       _load_config_used          000000018002e6f0     MSVCRT:loadcfg.obj
 0002:00000a08       __rtc_iaa                  000000018002ea08     MSVCRT:initsect.obj
 0002:00000a10       __rtc_izz                  000000018002ea10     MSVCRT:initsect.obj
 0002:00000a18       __rtc_taa                  000000018002ea18     MSVCRT:initsect.obj
 0002:00000a20       __rtc_tzz                  000000018002ea20     MSVCRT:initsect.obj
 0002:000016f4       __IMPORT_DESCRIPTOR_libmwreadAprilTag 000000018002f6f4     libmwreadAprilTag:libmwreadAprilTag.dll
 0002:00001708       __IMPORT_DESCRIPTOR_libmwblas 000000018002f708     libmwblas:libmwblas.dll
 0002:0000171c       __IMPORT_DESCRIPTOR_sf_runtime 000000018002f71c     sf_runtime:sf_runtime.dll
 0002:00001730       __IMPORT_DESCRIPTOR_libmx  000000018002f730     libmx:libmx.dll
 0002:00001744       __IMPORT_DESCRIPTOR_libmex 000000018002f744     libmex:libmex.dll
 0002:00001758       __IMPORT_DESCRIPTOR_libut  000000018002f758     libut:libut.dll
 0002:0000176c       __IMPORT_DESCRIPTOR_libmwmathutil 000000018002f76c     libmwmathutil:libmwmathutil.dll
 0002:00001780       __IMPORT_DESCRIPTOR_libemlrt 000000018002f780     libemlrt:libemlrt.dll
 0002:00001794       __IMPORT_DESCRIPTOR_libcovrt 000000018002f794     libcovrt:libcovrt.dll
 0002:000017a8       __IMPORT_DESCRIPTOR_KERNEL32 000000018002f7a8     kernel32:KERNEL32.dll
 0002:000017bc       __IMPORT_DESCRIPTOR_VCRUNTIME140 000000018002f7bc     vcruntime:VCRUNTIME140.dll
 0002:000017d0       __IMPORT_DESCRIPTOR_api-ms-win-crt-string-l1-1-0 000000018002f7d0     ucrt:api-ms-win-crt-string-l1-1-0.dll
 0002:000017e4       __IMPORT_DESCRIPTOR_api-ms-win-crt-math-l1-1-0 000000018002f7e4     ucrt:api-ms-win-crt-math-l1-1-0.dll
 0002:000017f8       __IMPORT_DESCRIPTOR_api-ms-win-crt-stdio-l1-1-0 000000018002f7f8     ucrt:api-ms-win-crt-stdio-l1-1-0.dll
 0002:0000180c       __IMPORT_DESCRIPTOR_api-ms-win-crt-heap-l1-1-0 000000018002f80c     ucrt:api-ms-win-crt-heap-l1-1-0.dll
 0002:00001820       __IMPORT_DESCRIPTOR_api-ms-win-crt-runtime-l1-1-0 000000018002f820     ucrt:api-ms-win-crt-runtime-l1-1-0.dll
 0002:00001834       __NULL_IMPORT_DESCRIPTOR   000000018002f834     libmwreadAprilTag:libmwreadAprilTag.dll
 0003:0000a640       DYNAMIC_DIMENSION          000000018003b640     CameraCalImageCapture_sfun_registry.obj
 0003:0000cbd0       __security_cookie_complement 000000018003dbd0     MSVCRT:gs_cookie.obj
 0003:0000cbd8       __security_cookie          000000018003dbd8     MSVCRT:gs_cookie.obj
 0003:0000cbe0       _fltused                   000000018003dbe0     MSVCRT:fltused.obj
 0003:0000cbe4       __scrt_native_dllmain_reason 000000018003dbe4     MSVCRT:utility.obj
 0003:0000cbe8       __isa_available            000000018003dbe8     MSVCRT:cpu_disp.obj
 0003:0000cbec       __isa_enabled              000000018003dbec     MSVCRT:cpu_disp.obj
 0003:0000cbf0       __memcpy_nt_iters          000000018003dbf0     MSVCRT:cpu_disp.obj
 0003:0000cc00       __scrt_ucrt_dll_is_in_use  000000018003dc00     MSVCRT:ucrt_stubs.obj
 0003:0000d7d0       ?__type_info_root_node@@3U__type_info_node@@A 000000018003e7d0     MSVCRT:tncleanup.obj
 0003:0000d7e0       ?_OptionsStorage@?1??__local_stdio_printf_options@@9@4_KA 000000018003e7e0     MSVCRT:default_local_stdio_options.obj
 0003:0000d7e8       ?_OptionsStorage@?1??__local_stdio_scanf_options@@9@4_KA 000000018003e7e8     MSVCRT:default_local_stdio_options.obj
 0003:0000d7f0       __scrt_current_native_startup_state 000000018003e7f0     MSVCRT:utility.obj
 0003:0000d7f8       __scrt_native_startup_lock 000000018003e7f8     MSVCRT:utility.obj
 0003:0000d838       __scrt_debugger_hook_flag  000000018003e838     MSVCRT:utility_desktop.obj
 0003:0000d83c       __favor                    000000018003e83c     MSVCRT:cpu_disp.obj
 0003:0000d840       ?_OptionsStorage@?1??__local_stdio_printf_options@@9@9 000000018003e840     <common>
 0003:0000d848       __dyn_tls_init_callback    000000018003e848     <common>

 entry point at        0001:0002b498

 Static symbols

 0000:00000000       .debug$S                   0000000180000000     sf_runtime:sf_runtime.dll
 0000:00000000       .debug$S                   0000000180000000     libmx:libmx.dll
 0000:00000000       .debug$S                   0000000180000000     libmx:libmx.dll
 0000:00000000       .debug$S                   0000000180000000     libmx:libmx.dll
 0000:00000000       .debug$S                   0000000180000000     libmx:libmx.dll
 0000:00000000       .debug$S                   0000000180000000     libmx:libmx.dll
 0000:00000000       .debug$S                   0000000180000000     CameraCalImageCapture_sfun.exp
 0000:00000000       .debug$S                   0000000180000000     libmx:libmx.dll
 0000:00000000       .debug$S                   0000000180000000     libmx:libmx.dll
 0000:00000000       .debug$S                   0000000180000000     libmx:libmx.dll
 0000:00000000       .debug$S                   0000000180000000     libmex:libmex.dll
 0000:00000000       .debug$S                   0000000180000000     libmex:libmex.dll
 0000:00000000       .debug$S                   0000000180000000     libmex:libmex.dll
 0000:00000000       .debug$S                   0000000180000000     ucrt:api-ms-win-crt-runtime-l1-1-0.dll
 0000:00000000       .debug$S                   0000000180000000     ucrt:api-ms-win-crt-runtime-l1-1-0.dll
 0000:00000000       .debug$S                   0000000180000000     ucrt:api-ms-win-crt-runtime-l1-1-0.dll
 0000:00000000       .debug$S                   0000000180000000     ucrt:api-ms-win-crt-runtime-l1-1-0.dll
 0000:00000000       .debug$S                   0000000180000000     ucrt:api-ms-win-crt-runtime-l1-1-0.dll
 0000:00000000       .debug$S                   0000000180000000     ucrt:api-ms-win-crt-runtime-l1-1-0.dll
 0000:00000000       .debug$S                   0000000180000000     ucrt:api-ms-win-crt-runtime-l1-1-0.dll
 0000:00000000       .debug$S                   0000000180000000     ucrt:api-ms-win-crt-runtime-l1-1-0.dll
 0000:00000000       .debug$S                   0000000180000000     ucrt:api-ms-win-crt-runtime-l1-1-0.dll
 0000:00000000       .debug$S                   0000000180000000     ucrt:api-ms-win-crt-runtime-l1-1-0.dll
 0000:00000000       .debug$S                   0000000180000000     ucrt:api-ms-win-crt-runtime-l1-1-0.dll
 0000:00000000       .debug$S                   0000000180000000     ucrt:api-ms-win-crt-runtime-l1-1-0.dll
 0000:00000000       .debug$S                   0000000180000000     ucrt:api-ms-win-crt-string-l1-1-0.dll
 0000:00000000       .debug$S                   0000000180000000     ucrt:api-ms-win-crt-heap-l1-1-0.dll
 0000:00000000       .debug$S                   0000000180000000     ucrt:api-ms-win-crt-heap-l1-1-0.dll
 0000:00000000       .debug$S                   0000000180000000     ucrt:api-ms-win-crt-stdio-l1-1-0.dll
 0000:00000000       .debug$S                   0000000180000000     ucrt:api-ms-win-crt-math-l1-1-0.dll
 0000:00000000       .debug$S                   0000000180000000     ucrt:api-ms-win-crt-math-l1-1-0.dll
 0000:00000000       .debug$S                   0000000180000000     ucrt:api-ms-win-crt-string-l1-1-0.dll
 0000:00000000       .debug$S                   0000000180000000     ucrt:api-ms-win-crt-string-l1-1-0.dll
 0000:00000000       .debug$S                   0000000180000000     libmex:libmex.dll
 0000:00000000       .debug$S                   0000000180000000     vcruntime:VCRUNTIME140.dll
 0000:00000000       .debug$S                   0000000180000000     vcruntime:VCRUNTIME140.dll
 0000:00000000       .debug$S                   0000000180000000     vcruntime:VCRUNTIME140.dll
 0000:00000000       .debug$S                   0000000180000000     vcruntime:VCRUNTIME140.dll
 0000:00000000       .debug$S                   0000000180000000     libmex:libmex.dll
 0000:00000000       .debug$S                   0000000180000000     kernel32:KERNEL32.dll
 0000:00000000       .debug$S                   0000000180000000     kernel32:KERNEL32.dll
 0000:00000000       .debug$S                   0000000180000000     kernel32:KERNEL32.dll
 0000:00000000       .debug$S                   0000000180000000     kernel32:KERNEL32.dll
 0000:00000000       .debug$S                   0000000180000000     kernel32:KERNEL32.dll
 0000:00000000       .debug$S                   0000000180000000     kernel32:KERNEL32.dll
 0000:00000000       .debug$S                   0000000180000000     kernel32:KERNEL32.dll
 0000:00000000       .debug$S                   0000000180000000     kernel32:KERNEL32.dll
 0000:00000000       .debug$S                   0000000180000000     kernel32:KERNEL32.dll
 0000:00000000       .debug$S                   0000000180000000     kernel32:KERNEL32.dll
 0000:00000000       .debug$S                   0000000180000000     kernel32:KERNEL32.dll
 0000:00000000       .debug$S                   0000000180000000     kernel32:KERNEL32.dll
 0000:00000000       .debug$S                   0000000180000000     kernel32:KERNEL32.dll
 0000:00000000       .debug$S                   0000000180000000     kernel32:KERNEL32.dll
 0000:00000000       .debug$S                   0000000180000000     kernel32:KERNEL32.dll
 0000:00000000       .debug$S                   0000000180000000     kernel32:KERNEL32.dll
 0000:00000000       .debug$S                   0000000180000000     kernel32:KERNEL32.dll
 0000:00000000       .debug$S                   0000000180000000     libmex:libmex.dll
 0000:00000000       .debug$S                   0000000180000000     libmex:libmex.dll
 0000:00000000       .debug$S                   0000000180000000     libut:libut.dll
 0000:00000000       .debug$S                   0000000180000000     libut:libut.dll
 0002:fffd2000       __guard_fids__guard_icall_checks_enforced 0000000180000000     MSVCRT:guard_support.obj
 0002:fffd2000       __guard_fids__             0000000180000000     MSVCRT:guard_support.obj
 0000:00000000       .debug$S                   0000000180000000     libmwmathutil:libmwmathutil.dll
 0000:00000000       .debug$S                   0000000180000000     libmwmathutil:libmwmathutil.dll
 0000:00000000       .debug$S                   0000000180000000     libmwmathutil:libmwmathutil.dll
 0000:00000000       .debug$S                   0000000180000000     libmwmathutil:libmwmathutil.dll
 0000:00000000       .debug$S                   0000000180000000     libmwmathutil:libmwmathutil.dll
 0000:00000000       .debug$S                   0000000180000000     libmwmathutil:libmwmathutil.dll
 0000:00000000       .debug$S                   0000000180000000     libmwmathutil:libmwmathutil.dll
 0000:00000000       .debug$S                   0000000180000000     libmwmathutil:libmwmathutil.dll
 0002:fffd2000       __guard_fids___scrt_set_unhandled_exception_filter 0000000180000000     MSVCRT:utility_desktop.obj
 0000:00000000       .debug$S                   0000000180000000     libmwmathutil:libmwmathutil.dll
 0000:00000000       .debug$S                   0000000180000000     libmwmathutil:libmwmathutil.dll
 0000:00000000       .debug$S                   0000000180000000     libemlrt:libemlrt.dll
 0000:00000000       .debug$S                   0000000180000000     libmwreadAprilTag:libmwreadAprilTag.dll
 0000:00000000       .debug$S                   0000000180000000     libemlrt:libemlrt.dll
 0000:00000000       .debug$S                   0000000180000000     libemlrt:libemlrt.dll
 0000:00000000       .debug$S                   0000000180000000     libemlrt:libemlrt.dll
 0000:00000000       .debug$S                   0000000180000000     libemlrt:libemlrt.dll
 0000:00000000       .debug$S                   0000000180000000     libemlrt:libemlrt.dll
 0000:00000000       .debug$S                   0000000180000000     libmwreadAprilTag:libmwreadAprilTag.dll
 0000:00000000       .debug$S                   0000000180000000     libemlrt:libemlrt.dll
 0000:00000000       .debug$S                   0000000180000000     libmwreadAprilTag:libmwreadAprilTag.dll
 0000:00000000       .debug$S                   0000000180000000     libemlrt:libemlrt.dll
 0000:00000000       .debug$S                   0000000180000000     libemlrt:libemlrt.dll
 0000:00000000       .debug$S                   0000000180000000     libcovrt:libcovrt.dll
 0000:00000000       .debug$S                   0000000180000000     libmwblas:libmwblas.dll
 0000:00000000       .debug$S                   0000000180000000     libcovrt:libcovrt.dll
 0000:00000000       .debug$S                   0000000180000000     libcovrt:libcovrt.dll
 0000:00000000       .debug$S                   0000000180000000     libcovrt:libcovrt.dll
 0000:00000000       .debug$S                   0000000180000000     sf_runtime:sf_runtime.dll
 0000:00000000       .debug$S                   0000000180000000     libcovrt:libcovrt.dll
 0000:00000000       .debug$S                   0000000180000000     sf_runtime:sf_runtime.dll
 0000:00000000       .debug$S                   0000000180000000     libcovrt:libcovrt.dll
 0000:00000000       .debug$S                   0000000180000000     sf_runtime:sf_runtime.dll
 0000:00000000       .debug$S                   0000000180000000     libcovrt:libcovrt.dll
 0000:00000000       .debug$S                   0000000180000000     sf_runtime:sf_runtime.dll
 0000:00000000       .debug$S                   0000000180000000     libcovrt:libcovrt.dll
 0000:00000000       .debug$S                   0000000180000000     sf_runtime:sf_runtime.dll
 0000:00000000       .debug$S                   0000000180000000     libcovrt:libcovrt.dll
 0000:00000000       .debug$S                   0000000180000000     sf_runtime:sf_runtime.dll
 0000:00000000       .debug$S                   0000000180000000     libcovrt:libcovrt.dll
 0000:00000000       .debug$S                   0000000180000000     sf_runtime:sf_runtime.dll
 0000:00000000       .debug$S                   0000000180000000     libcovrt:libcovrt.dll
 0000:00000000       .debug$S                   0000000180000000     sf_runtime:sf_runtime.dll
 0000:00000000       .debug$S                   0000000180000000     libmx:libmx.dll
 0000:00000000       .debug$S                   0000000180000000     sf_runtime:sf_runtime.dll
 0000:00000000       .debug$S                   0000000180000000     libmx:libmx.dll
 0000:00000000       .debug$S                   0000000180000000     sf_runtime:sf_runtime.dll
 0000:00000000       .debug$S                   0000000180000000     libmx:libmx.dll
 0000:00000000       .debug$S                   0000000180000000     sf_runtime:sf_runtime.dll
 0000:00000000       .debug$S                   0000000180000000     libmx:libmx.dll
 0000:00000000       .debug$S                   0000000180000000     sf_runtime:sf_runtime.dll
 0000:00000000       .debug$S                   0000000180000000     sf_runtime:sf_runtime.dll
 0000:00000000       .debug$S                   0000000180000000     sf_runtime:sf_runtime.dll
 0000:00000000       .debug$S                   0000000180000000     libmx:libmx.dll
 0000:00000000       .debug$S                   0000000180000000     libmx:libmx.dll
 0000:00000000       .debug$S                   0000000180000000     sf_runtime:sf_runtime.dll
 0000:00000000       .debug$S                   0000000180000000     libmx:libmx.dll
 0000:00000000       .debug$S                   0000000180000000     sf_runtime:sf_runtime.dll
 0000:00000000       .debug$S                   0000000180000000     libmx:libmx.dll
 0000:00000000       .debug$S                   0000000180000000     sf_runtime:sf_runtime.dll
 0000:00000000       .debug$S                   0000000180000000     libmx:libmx.dll
 0000:00000000       .debug$S                   0000000180000000     sf_runtime:sf_runtime.dll
 0000:00000000       .debug$S                   0000000180000000     sf_runtime:sf_runtime.dll
 0000:00000000       .debug$S                   0000000180000000     libmx:libmx.dll
 0000:00000000       .debug$S                   0000000180000000     libmx:libmx.dll
 0000:00000000       .debug$S                   0000000180000000     sf_runtime:sf_runtime.dll
 0000:00000000       .debug$S                   0000000180000000     libmx:libmx.dll
 0000:00000000       .debug$S                   0000000180000000     sf_runtime:sf_runtime.dll
 0000:00000000       .debug$S                   0000000180000000     sf_runtime:sf_runtime.dll
 0000:00000000       .debug$S                   0000000180000000     sf_runtime:sf_runtime.dll
 0002:fffd2000       __guard_fids_?dllmain_dispatch@@YAHQEAUHINSTANCE__@@KQEAX@Z 0000000180000000     MSVCRT:dll_dllmain.obj
 0000:00000000       .debug$S                   0000000180000000     sf_runtime:sf_runtime.dll
 0000:00000000       .debug$S                   0000000180000000     sf_runtime:sf_runtime.dll
 0000:00000000       .debug$S                   0000000180000000     sf_runtime:sf_runtime.dll
 0000:00000000       .debug$S                   0000000180000000     sf_runtime:sf_runtime.dll
 0000:00000000       .debug$S                   0000000180000000     sf_runtime:sf_runtime.dll
 0000:00000000       .debug$S                   0000000180000000     sf_runtime:sf_runtime.dll
 0000:00000000       .debug$S                   0000000180000000     sf_runtime:sf_runtime.dll
 0000:00000000       .debug$S                   0000000180000000     sf_runtime:sf_runtime.dll
 0000:00000000       .debug$S                   0000000180000000     sf_runtime:sf_runtime.dll
 0000:00000000       .debug$S                   0000000180000000     sf_runtime:sf_runtime.dll
 0000:00000000       .debug$S                   0000000180000000     sf_runtime:sf_runtime.dll
 0000:00000000       .debug$S                   0000000180000000     sf_runtime:sf_runtime.dll
 0000:00000000       .debug$S                   0000000180000000     sf_runtime:sf_runtime.dll
 0000:00000000       .debug$S                   0000000180000000     sf_runtime:sf_runtime.dll
 0001:00001150       initialize_c2_CameraCalImageCapture 0000000180002150 f   c2_CameraCalImageCapture.obj
 0001:00001210       initialize_params_c2_CameraCalImageCapture 0000000180002210 f   c2_CameraCalImageCapture.obj
 0001:00001220       mdl_start_c2_CameraCalImageCapture 0000000180002220 f   c2_CameraCalImageCapture.obj
 0001:00001230       mdl_terminate_c2_CameraCalImageCapture 0000000180002230 f   c2_CameraCalImageCapture.obj
 0001:00001240       mdl_setup_runtime_resources_c2_CameraCalImageCapture 0000000180002240 f   c2_CameraCalImageCapture.obj
[...]
 0004:000006a8       $pdata$_ssSetInputPortMatrixDimensions 000000018003f6a8     CameraCalImageCapture_sfun_registry.obj
 0004:000006b4       $pdata$_ssSetOutputPortMatrixDimensions 000000018003f6b4     CameraCalImageCapture_sfun_registry.obj
 0004:000006c0       $pdata$_ssSetInputPortVectorDimension 000000018003f6c0     CameraCalImageCapture_sfun_registry.obj
 0004:000006cc       $pdata$_ssSetOutputPortVectorDimension 000000018003f6cc     CameraCalImageCapture_sfun_registry.obj
 0004:000006d8       $pdata$ssIsRunTimeParamTunable 000000018003f6d8     CameraCalImageCapture_sfun_registry.obj
 0004:000006e4       $pdata$ssGetSFuncBlockHandle 000000018003f6e4     CameraCalImageCapture_sfun_registry.obj
 0004:000006f0       $pdata$_ssGetCallSystemNumFcnCallDestinations 000000018003f6f0     CameraCalImageCapture_sfun_registry.obj
 0004:000006fc       $pdata$_ssGetCurrentInputPortWidth 000000018003f6fc     CameraCalImageCapture_sfun_registry.obj
 0004:00000708       $pdata$_ssGetCurrentOutputPortWidth 000000018003f708     CameraCalImageCapture_sfun_registry.obj
 0004:00000714       $pdata$ssGetIsZeroCrossControlDisabled 000000018003f714     CameraCalImageCapture_sfun_registry.obj
 0004:00000720       $pdata$ssSetIsInputPortUsedForContZcSignal 000000018003f720     CameraCalImageCapture_sfun_registry.obj
 0004:0000072c       $pdata$ssSetZcSignalIsZcElementDisc 000000018003f72c     CameraCalImageCapture_sfun_registry.obj
 0004:00000738       $pdata$ssSetZcSignalName   000000018003f738     CameraCalImageCapture_sfun_registry.obj
 0004:00000744       $pdata$ssSetZcSignalWidth  000000018003f744     CameraCalImageCapture_sfun_registry.obj
 0004:00000750       $pdata$ssSetZcSignalZcEventType 000000018003f750     CameraCalImageCapture_sfun_registry.obj
 0004:0000075c       $pdata$ssSetZcSignalType   000000018003f75c     CameraCalImageCapture_sfun_registry.obj
 0004:00000768       $pdata$ssSetZcSignalZcTol  000000018003f768     CameraCalImageCapture_sfun_registry.obj
 0004:00000774       $pdata$ssSetZcSignalNeedsEventNotification 000000018003f774     CameraCalImageCapture_sfun_registry.obj
 0004:00000780       $pdata$ssCreateAndAddZcSignalInfo 000000018003f780     CameraCalImageCapture_sfun_registry.obj
 0004:0000078c       $pdata$ssCloneAndAddZcSignalInfo 000000018003f78c     CameraCalImageCapture_sfun_registry.obj
 0004:00000798       $pdata$ssGetNumZcSignals   000000018003f798     CameraCalImageCapture_sfun_registry.obj
 0004:000007a4       $pdata$ssGetZcSignalVector 000000018003f7a4     CameraCalImageCapture_sfun_registry.obj
 0004:000007b0       $pdata$ssGetZcSignalName   000000018003f7b0     CameraCalImageCapture_sfun_registry.obj
 0004:000007bc       $pdata$ssGetZcSignalWidth  000000018003f7bc     CameraCalImageCapture_sfun_registry.obj
 0004:000007c8       $pdata$ssGetZcSignalZcEventType 000000018003f7c8     CameraCalImageCapture_sfun_registry.obj
 0004:000007d4       $pdata$ssGetZcSignalZcEvents 000000018003f7d4     CameraCalImageCapture_sfun_registry.obj
 0004:000007e0       $pdata$ssGetZcSignalType   000000018003f7e0     CameraCalImageCapture_sfun_registry.obj
 0004:000007ec       $pdata$ssGetZcSignalZcTol  000000018003f7ec     CameraCalImageCapture_sfun_registry.obj
 0004:000007f8       $pdata$ssGetZcSignalNeedsEventNotification 000000018003f7f8     CameraCalImageCapture_sfun_registry.obj
 0004:00000804       $pdata$ssGetZcSignalIsZcElementDisc 000000018003f804     CameraCalImageCapture_sfun_registry.obj
 0004:00000810       $pdata$ssGetIsInputPortElementContinuous 000000018003f810     CameraCalImageCapture_sfun_registry.obj
 0004:0000081c       $pdata$_ssGetAbsTol        000000018003f81c     CameraCalImageCapture_sfun_registry.obj
 0004:00000828       $pdata$_ssSetInputPortReusableFcn 000000018003f828     CameraCalImageCapture_sfun_registry.obj
 0004:00000834       $pdata$_ssSetOutputPortReusableFcn 000000018003f834     CameraCalImageCapture_sfun_registry.obj
 0004:00000840       $pdata$_ssSetSymbolicDimsSupport 000000018003f840     CameraCalImageCapture_sfun_registry.obj
 0004:0000084c       $pdata$_ssRegisterSymbolicDimsExpr 000000018003f84c     CameraCalImageCapture_sfun_registry.obj
 0004:00000858       $pdata$_ssRegisterSymbolicDimsMATLABExpr 000000018003f858     CameraCalImageCapture_sfun_registry.obj
 0004:00000864       $pdata$_ssRegisterSymbolicDims 000000018003f864     CameraCalImageCapture_sfun_registry.obj
 0004:00000870       $pdata$_ssRegisterSymbolicDimsString 000000018003f870     CameraCalImageCapture_sfun_registry.obj
 0004:0000087c       $pdata$_ssRegisterSymbolicDimsIntValue 000000018003f87c     CameraCalImageCapture_sfun_registry.obj
 0004:00000888       $pdata$_ssRegisterSymbolicEqualRelation 000000018003f888     CameraCalImageCapture_sfun_registry.obj
 0004:00000894       $pdata$_ssRegisterSymbolicEqualValue 000000018003f894     CameraCalImageCapture_sfun_registry.obj
 0004:000008a0       $pdata$_ssAmendLeadingSymbolicDims 000000018003f8a0     CameraCalImageCapture_sfun_registry.obj
 0004:000008ac       $pdata$_ssAmendTrailingSymbolicDims 000000018003f8ac     CameraCalImageCapture_sfun_registry.obj
 0004:000008b8       $pdata$_ssRegisterSymbolicDimsPlus 000000018003f8b8     CameraCalImageCapture_sfun_registry.obj
 0004:000008c4       $pdata$_ssRegisterSymbolicDimsMinus 000000018003f8c4     CameraCalImageCapture_sfun_registry.obj
 0004:000008d0       $pdata$_ssRegisterSymbolicDimsMultiply 000000018003f8d0     CameraCalImageCapture_sfun_registry.obj
 0004:000008dc       $pdata$_ssRegisterSymbolicDimsDivide 000000018003f8dc     CameraCalImageCapture_sfun_registry.obj
 0004:000008e8       $pdata$_ssGetNumSymbolicDims 000000018003f8e8     CameraCalImageCapture_sfun_registry.obj
 0004:000008f4       $pdata$_ssGetSymbolicDim   000000018003f8f4     CameraCalImageCapture_sfun_registry.obj
 0004:00000900       $pdata$_ssSetInputPortSymbolicDimsId 000000018003f900     CameraCalImageCapture_sfun_registry.obj
 0004:0000090c       $pdata$_ssGetCompInputPortSymbolicDimsId 000000018003f90c     CameraCalImageCapture_sfun_registry.obj
 0004:00000918       $pdata$_ssSetCompInputPortSymbolicDimsId 000000018003f918     CameraCalImageCapture_sfun_registry.obj
 0004:00000924       $pdata$_ssSetOutputPortSymbolicDimsId 000000018003f924     CameraCalImageCapture_sfun_registry.obj
 0004:00000930       $pdata$_ssGetCompOutputPortSymbolicDimsId 000000018003f930     CameraCalImageCapture_sfun_registry.obj
 0004:0000093c       $pdata$_ssSetCompOutputPortSymbolicDimsId 000000018003f93c     CameraCalImageCapture_sfun_registry.obj
 0004:00000948       $pdata$_ssGetDWorkSymbolicDimsId 000000018003f948     CameraCalImageCapture_sfun_registry.obj
 0004:00000954       $pdata$_ssSetDWorkSymbolicDimsId 000000018003f954     CameraCalImageCapture_sfun_registry.obj
 0004:00000960       $pdata$_ssGetCompDWorkSymbolicDimsId 000000018003f960     CameraCalImageCapture_sfun_registry.obj
 0004:0000096c       $pdata$_ssSetCompDWorkSymbolicDimsId 000000018003f96c     CameraCalImageCapture_sfun_registry.obj
 0004:00000978       $pdata$_ssCreateSLCGStringBuffer 000000018003f978     CameraCalImageCapture_sfun_registry.obj
 0004:00000984       $pdata$_ssAddToSLCGStringBuffer 000000018003f984     CameraCalImageCapture_sfun_registry.obj
 0004:00000990       $pdata$_ssGetPointerContainedData 000000018003f990     CameraCalImageCapture_sfun_registry.obj
 0004:0000099c       $pdata$_ssGetPointerContainedDataWidth 000000018003f99c     CameraCalImageCapture_sfun_registry.obj
 0004:000009a8       $pdata$_ssRegisterDynamicArrayDataTypeFcn 000000018003f9a8     CameraCalImageCapture_sfun_registry.obj
 0004:000009b4       $pdata$_ssGetDynamicArrayContainedDataCurrentWidthFcn 000000018003f9b4     CameraCalImageCapture_sfun_registry.obj
 0004:000009c0       $pdata$_ssGetDynamicArrayContainedDataFcn 000000018003f9c0     CameraCalImageCapture_sfun_registry.obj
 0004:000009cc       $pdata$_ssGetInputPortDynamicArrayDataFcn 000000018003f9cc     CameraCalImageCapture_sfun_registry.obj
 0004:000009d8       $pdata$_ssGetOutputPortDynamicArrayDataFcn 000000018003f9d8     CameraCalImageCapture_sfun_registry.obj
 0004:000009e4       $pdata$_ssGetInputPortDynamicArrayContainedDataFcn 000000018003f9e4     CameraCalImageCapture_sfun_registry.obj
 0004:000009f0       $pdata$_ssGetOutputPortDynamicArrayContainedDataFcn 000000018003f9f0     CameraCalImageCapture_sfun_registry.obj
 0004:000009fc       $pdata$sf_process_check_sum_call 000000018003f9fc     CameraCalImageCapture_sfun_registry.obj
 0004:00000a08       $pdata$sf_process_get_third_party_uses_info_call 000000018003fa08     CameraCalImageCapture_sfun_registry.obj
 0004:00000a14       $pdata$sf_process_get_jit_fallback_info_call 000000018003fa14     CameraCalImageCapture_sfun_registry.obj
 0004:00000a20       $pdata$sf_process_get_post_codegen_info_call 000000018003fa20     CameraCalImageCapture_sfun_registry.obj
 0004:00000a2c       $pdata$sf_process_get_updateBuildInfo_args_info_call 000000018003fa2c     CameraCalImageCapture_sfun_registry.obj
 0004:00000a38       $pdata$sf_process_get_eml_resolved_functions_info_call 000000018003fa38     CameraCalImageCapture_sfun_registry.obj
 0004:00000a44       $pdata$sf_mex_unlock_call  000000018003fa44     CameraCalImageCapture_sfun_registry.obj
 0004:00000a50       $pdata$ProcessMexSfunctionCmdLineCall 000000018003fa50     CameraCalImageCapture_sfun_registry.obj
 0004:00000a5c       $pdata$sf_machine_global_initializer_called 000000018003fa5c     CameraCalImageCapture_sfun_registry.obj
 0004:00000a68       $pdata$sf_machine_global_method_dispatcher 000000018003fa68     CameraCalImageCapture_sfun_registry.obj
 0004:00000a74       $pdata$sf_machine_global_terminator 000000018003fa74     CameraCalImageCapture_sfun_registry.obj
 0004:00000a80       $pdata$sf_register_machine_exported_symbols 000000018003fa80     CameraCalImageCapture_sfun_registry.obj
 0004:00000a8c       $pdata$sf_machine_global_initializer 000000018003fa8c     CameraCalImageCapture_sfun_registry.obj
 0004:00000a98       $pdata$mdlGetSimState      000000018003fa98     CameraCalImageCapture_sfun_registry.obj
 0004:00000aa4       $pdata$mdlSetSimState      000000018003faa4     CameraCalImageCapture_sfun_registry.obj
 0004:00000ab0       $pdata$mdlSetWorkWidths    000000018003fab0     CameraCalImageCapture_sfun_registry.obj
 0004:00000abc       $pdata$mdlProcessParameters 000000018003fabc     CameraCalImageCapture_sfun_registry.obj
 0004:00000ac8       $pdata$mdl_setup_runtime_resources_processing 000000018003fac8     CameraCalImageCapture_sfun_registry.obj
 0004:00000ad4       $pdata$mdlSetupRuntimeResources 000000018003fad4     CameraCalImageCapture_sfun_registry.obj
 0004:00000ae0       $pdata$mdl_cleanup_runtime_resources_processing 000000018003fae0     CameraCalImageCapture_sfun_registry.obj
 0004:00000aec       $pdata$mdlCleanupRuntimeResources 000000018003faec     CameraCalImageCapture_sfun_registry.obj
 0004:00000af8       $pdata$mdl_start_processing 000000018003faf8     CameraCalImageCapture_sfun_registry.obj
 0004:00000b04       $pdata$mdlStart            000000018003fb04     CameraCalImageCapture_sfun_registry.obj
 0004:00000b10       $pdata$mdl_terminate_processing 000000018003fb10     CameraCalImageCapture_sfun_registry.obj
 0004:00000b1c       $pdata$mdlTerminate        000000018003fb1c     CameraCalImageCapture_sfun_registry.obj
 0004:00000b28       $pdata$mdlInitializeSizes  000000018003fb28     CameraCalImageCapture_sfun_registry.obj
 0004:00000b34       $pdata$mdlInitializeSampleTimes 000000018003fb34     CameraCalImageCapture_sfun_registry.obj
 0004:00000b40       $pdata$mdl_outputs_continuous_legacy 000000018003fb40     CameraCalImageCapture_sfun_registry.obj
 0004:00000b4c       $pdata$mdl_outputs_processing 000000018003fb4c     CameraCalImageCapture_sfun_registry.obj
 0004:00000b58       $pdata$mdl_zeroCrossings_processing 000000018003fb58     CameraCalImageCapture_sfun_registry.obj
 0004:00000b64       $pdata$mdlZeroCrossings    000000018003fb64     CameraCalImageCapture_sfun_registry.obj
 0004:00000b70       $pdata$mdl_derivatives_processing 000000018003fb70     CameraCalImageCapture_sfun_registry.obj
 0004:00000b7c       $pdata$mdlDerivatives      000000018003fb7c     CameraCalImageCapture_sfun_registry.obj
 0004:00000b88       $pdata$mdl_initialize_conditions_processing 000000018003fb88     CameraCalImageCapture_sfun_registry.obj
 0004:00000b94       $pdata$mdlInitializeConditions 000000018003fb94     CameraCalImageCapture_sfun_registry.obj
 0004:00000ba0       $pdata$mdl_ext_mode_exec_processing 000000018003fba0     CameraCalImageCapture_sfun_registry.obj
 0004:00000bac       $pdata$mdlExtModeExec      000000018003fbac     CameraCalImageCapture_sfun_registry.obj
 0004:00000bb8       $pdata$mdlRTW              000000018003fbb8     CameraCalImageCapture_sfun_registry.obj
 0004:00000bc4       $pdata$mdl_enable_processing 000000018003fbc4     CameraCalImageCapture_sfun_registry.obj
 0004:00000bd0       $pdata$mdlEnable           000000018003fbd0     CameraCalImageCapture_sfun_registry.obj
 0004:00000bdc       $pdata$mdl_disable_processing 000000018003fbdc     CameraCalImageCapture_sfun_registry.obj
 0004:00000be8       $pdata$mdlDisable          000000018003fbe8     CameraCalImageCapture_sfun_registry.obj
 0004:00000bf4       $pdata$mdlOutputs          000000018003fbf4     CameraCalImageCapture_sfun_registry.obj
 0004:00000c00       $pdata$mdl_update_processing 000000018003fc00     CameraCalImageCapture_sfun_registry.obj
 0004:00000c0c       $pdata$mdlUpdate           000000018003fc0c     CameraCalImageCapture_sfun_registry.obj
 0004:00000c18       $pdata$ProcessMexSfunctionEveryCall 000000018003fc18     CameraCalImageCapture_sfun_registry.obj
 0004:00000c24       $pdata$_RegNumInputPortsCB 000000018003fc24     CameraCalImageCapture_sfun_registry.obj
 0004:00000c30       $pdata$_RegNumOutputPortsCB 000000018003fc30     CameraCalImageCapture_sfun_registry.obj
 0004:00000c3c       $pdata$_CreateSimStruct    000000018003fc3c     CameraCalImageCapture_sfun_registry.obj
 0004:00000c48       $pdata$_ProcessMexSfunctionCmdLineCall 000000018003fc48     CameraCalImageCapture_sfun_registry.obj
 0004:00000c54       $pdata$ReportIndexOutOfBoundsError 000000018003fc54     CameraCalImageCapture_sfun_registry.obj
 0004:00000c60       $pdata$_vsnprintf_l        000000018003fc60     CameraCalImageCapture_sfun_registry.obj
 0004:00000c6c       $pdata$_vsprintf_l         000000018003fc6c     CameraCalImageCapture_sfun_registry.obj
 0004:00000c78       $pdata$sprintf             000000018003fc78     CameraCalImageCapture_sfun_registry.obj
 0004:00000c84       $pdata$getBitfieldFromFloat 000000018003fc84     half_type.obj
 0004:00000c90       $pdata$getFloatFromBitfield 000000018003fc90     half_type.obj
 0004:00000c9c       $pdata$getHalfFromBitfield 000000018003fc9c     half_type.obj
 0004:00000ca8       $pdata$halfToFloat         000000018003fca8     half_type.obj
 0004:00000cb4       $pdata$halfToDouble        000000018003fcb4     half_type.obj
 0004:00000cc0       $pdata$floatToHalf         000000018003fcc0     half_type.obj
 0004:00000ccc       $pdata$doubleToHalf        000000018003fccc     half_type.obj
 0004:00000cd8       $pdata$__raise_securityfailure 000000018003fcd8     MSVCRT:gs_report.obj
 0004:00000ce4       $pdata$__report_gsfailure  000000018003fce4     MSVCRT:gs_report.obj
 0004:00000cf0       $pdata$__report_rangecheckfailure 000000018003fcf0     MSVCRT:gs_report.obj
 0004:00000cfc       $pdata$__report_securityfailure 000000018003fcfc     MSVCRT:gs_report.obj
 0004:00000d08       $pdata$__report_securityfailureEx 000000018003fd08     MSVCRT:gs_report.obj
 0004:00000d14       $pdata$capture_current_context 000000018003fd14     MSVCRT:gs_report.obj
 0004:00000d20       $pdata$capture_previous_context 000000018003fd20     MSVCRT:gs_report.obj
 0004:00000d2c       $pdata$__GSHandlerCheck    000000018003fd2c     MSVCRT:gshandler.obj
 0004:00000d38       $pdata$__GSHandlerCheckCommon 000000018003fd38     MSVCRT:gshandler.obj
 0004:00000d50       $pdata$?dllmain_crt_dispatch@@YAHQEAUHINSTANCE__@@KQEAX@Z 000000018003fd50     MSVCRT:dll_dllmain.obj
 0004:00000d5c       $pdata$?dllmain_crt_process_attach@@YAHQEAUHINSTANCE__@@QEAX@Z 000000018003fd5c     MSVCRT:dll_dllmain.obj
 0004:00000d68       $pdata$?dllmain_crt_process_detach@@YAH_N@Z 000000018003fd68     MSVCRT:dll_dllmain.obj
 0004:00000d74       $pdata$?dllmain_dispatch@@YAHQEAUHINSTANCE__@@KQEAX@Z 000000018003fd74     MSVCRT:dll_dllmain.obj
 0004:00000d80       $pdata$_DllMainCRTStartup  000000018003fd80     MSVCRT:dll_dllmain.obj
 0004:00000d8c       $pdata$__get_entropy       000000018003fd8c     MSVCRT:gs_support.obj
 0004:00000d98       $pdata$__security_init_cookie 000000018003fd98     MSVCRT:gs_support.obj
 0004:00000da4       $pdata$DllMain             000000018003fda4     MSVCRT:dll_dllmain_stub.obj
 0004:00000db0       $pdata$__scrt_initialize_default_local_stdio_options 000000018003fdb0     MSVCRT:default_local_stdio_options.obj
 0004:00000dbc       $pdata$?configure_argv@__scrt_narrow_argv_policy@@SAHXZ 000000018003fdbc     MSVCRT:utility.obj
 0004:00000dc8       $pdata$__scrt_acquire_startup_lock 000000018003fdc8     MSVCRT:utility.obj
 0004:00000dd4       $pdata$__scrt_dllmain_after_initialize_c 000000018003fdd4     MSVCRT:utility.obj
 0004:00000de0       $pdata$__scrt_dllmain_before_initialize_c 000000018003fde0     MSVCRT:utility.obj
 0004:00000dec       $pdata$__scrt_dllmain_crt_thread_attach 000000018003fdec     MSVCRT:utility.obj
 0004:00000df8       $pdata$__scrt_dllmain_crt_thread_detach 000000018003fdf8     MSVCRT:utility.obj
 0004:00000e04       $pdata$__scrt_dllmain_exception_filter 000000018003fe04     MSVCRT:utility.obj
 0004:00000e10       $pdata$__scrt_dllmain_uninitialize_c 000000018003fe10     MSVCRT:utility.obj
 0004:00000e1c       $pdata$__scrt_dllmain_uninitialize_critical 000000018003fe1c     MSVCRT:utility.obj
 0004:00000e28       $pdata$__scrt_initialize_crt 000000018003fe28     MSVCRT:utility.obj
 0004:00000e34       $pdata$__scrt_initialize_onexit_tables 000000018003fe34     MSVCRT:utility.obj
 0004:00000e40       $pdata$__scrt_is_nonwritable_in_current_image 000000018003fe40     MSVCRT:utility.obj
 0004:00000e4c       $pdata$__scrt_release_startup_lock 000000018003fe4c     MSVCRT:utility.obj
 0004:00000e58       $pdata$__scrt_uninitialize_crt 000000018003fe58     MSVCRT:utility.obj
 0004:00000e64       $pdata$_onexit             000000018003fe64     MSVCRT:utility.obj
 0004:00000e70       $pdata$atexit              000000018003fe70     MSVCRT:utility.obj
 0004:00000e7c       $pdata$__scrt_fastfail     000000018003fe7c     MSVCRT:utility_desktop.obj
 0004:00000e88       $pdata$__scrt_get_show_window_mode 000000018003fe88     MSVCRT:utility_desktop.obj
 0004:00000e94       $pdata$__scrt_is_managed_app 000000018003fe94     MSVCRT:utility_desktop.obj
 0004:00000ea0       $pdata$__scrt_unhandled_exception_filter 000000018003fea0     MSVCRT:utility_desktop.obj
 0004:00000eac       $pdata$_RTC_Initialize     000000018003feac     MSVCRT:initsect.obj
 0004:00000eb8       $pdata$_RTC_Terminate      000000018003feb8     MSVCRT:initsect.obj
 0004:00000ec4       $pdata$__isa_available_init 000000018003fec4     MSVCRT:cpu_disp.obj
 0004:00000edc       $pdata$?fin$0@?0??dllmain_crt_process_attach@@YAHQEAUHINSTANCE__@@QEAX@Z@4HA 000000018003fedc     MSVCRT:dll_dllmain.obj
 0004:00000ee8       $pdata$?fin$0@?0??dllmain_crt_process_detach@@YAH_N@Z@4HA 000000018003fee8     MSVCRT:dll_dllmain.obj
 0004:00000ef4       $pdata$?filt$0@?0??dllmain_dispatch@@YAHQEAUHINSTANCE__@@KQEAX@Z@4HA 000000018003fef4     MSVCRT:dll_dllmain.obj
 0004:00000f00       $pdata$__scrt_is_nonwritable_in_current_image$filt$0 000000018003ff00     MSVCRT:utility.obj
