 CameraCalImageCapture_sfun

 Timestamp is 656531e4 (Mon Nov 27 19:18:44 2023)

 Preferred load address is 0000000180000000

 Start         Length     Name                   Class
 0001:00000000 00079c20H .text$mn                CODE
 0001:00079c20 00000020H .text$mn$00             CODE
 0001:00079c40 00000bb9H .text$x                 CODE
 0002:00000000 00000598H .idata$5                DATA
 0002:00000598 00000010H .00cfg                  DATA
 0002:000005a8 00000008H .CRT$XCA                DATA
 0002:000005b0 00000008H .CRT$XCZ                DATA
 0002:000005b8 00000008H .CRT$XIA                DATA
 0002:000005c0 00000008H .CRT$XIZ                DATA
 0002:000005c8 00000008H .CRT$XPA                DATA
 0002:000005d0 00000008H .CRT$XPZ                DATA
 0002:000005d8 00000008H .CRT$XTA                DATA
 0002:000005e0 00000010H .CRT$XTZ                DATA
 0002:000005e8 00000000H .gfids$y                DATA
 0002:000005f0 00004240H .rdata                  DATA
 0002:00004830 000040acH .rdata$r                DATA
 0002:000088dc 00000254H .rdata$zzzdbg           DATA
 0002:00008b30 00000008H .rtc$IAA                DATA
 0002:00008b38 00000008H .rtc$IZZ                DATA
 0002:00008b40 00000008H .rtc$TAA                DATA
 0002:00008b48 00000008H .rtc$TZZ                DATA
 0002:00008b50 00003640H .xdata                  DATA
 0002:0000c190 000000f0H .xdata$x                DATA
 0002:0000c280 00000418H .edata                  DATA
 0002:0000c698 00000154H .idata$2                DATA
 0002:0000c7ec 00000014H .idata$3                DATA
 0002:0000c800 00000598H .idata$4                DATA
 0002:0000cd98 00000f2eH .idata$6                DATA
 0003:00000000 0000c8d8H .data                   DATA
 0003:0000c8d8 000017a8H .data$r                 DATA
 0003:0000e080 00000c50H .bss                    DATA
 0004:00000000 00003dd4H .pdata                  DATA

  Address         Publics by Value              Rva+Base               Lib:Object

 0000:00000000       __hybrid_code_map          0000000000000000     <absolute>
 0000:00000000       __hybrid_auxiliary_iat     0000000000000000     <absolute>
 0000:00000000       __guard_fids_table         0000000000000000     <absolute>
 0000:00000000       __guard_iat_table          0000000000000000     <absolute>
 0000:00000000       __guard_fids_count         0000000000000000     <absolute>
 0000:00000000       __guard_iat_count          0000000000000000     <absolute>
 0000:00000000       __hybrid_code_map_count    0000000000000000     <absolute>
 0000:00000000       ___safe_se_handler_table   0000000000000000     <absolute>
 0000:00000000       __guard_longjmp_count      0000000000000000     <absolute>
 0000:00000000       __enclave_config           0000000000000000     <absolute>
 0000:00000000       __guard_longjmp_table      0000000000000000     <absolute>
 0000:00000000       ___safe_se_handler_count   0000000000000000     <absolute>
 0000:00000000       __dynamic_value_reloc_table 0000000000000000     <absolute>
 0000:00000000       __volatile_metadata        0000000000000000     <absolute>
 0000:00000100       __guard_flags              0000000000000100     <absolute>
 0000:00000000       __ImageBase                0000000180000000     <linker-defined>
 0001:00000000       CameraCalImageCapture_initializer 0000000180001000 f   CameraCalImageCapture_sfun.obj
 0001:00000010       CameraCalImageCapture_terminator 0000000180001010 f   CameraCalImageCapture_sfun.obj
 0001:00000020       load_CameraCalImageCapture_optimization_info 0000000180001020 f   CameraCalImageCapture_sfun.obj
 0001:000000d0       unload_CameraCalImageCapture_optimization_info 00000001800010d0 f   CameraCalImageCapture_sfun.obj
 0001:00000100       sf_CameraCalImageCapture_method_dispatcher 0000000180001100 f   CameraCalImageCapture_sfun.obj
 0001:00000150       sf_CameraCalImageCapture_process_check_sum_call 0000000180001150 f   CameraCalImageCapture_sfun.obj
 0001:00000640       sf_CameraCalImageCapture_get_eml_resolved_functions_info 0000000180001640 f   CameraCalImageCapture_sfun.obj
 0001:00000820       sf_CameraCalImageCapture_third_party_uses_info 0000000180001820 f   CameraCalImageCapture_sfun.obj
 0001:000009f0       sf_CameraCalImageCapture_jit_fallback_info 00000001800019f0 f   CameraCalImageCapture_sfun.obj
 0001:00000bc0       sf_CameraCalImageCapture_get_post_codegen_info 0000000180001bc0 f   CameraCalImageCapture_sfun.obj
 0001:00000da0       sf_CameraCalImageCapture_updateBuildInfo_args_info 0000000180001da0 f   CameraCalImageCapture_sfun.obj
 0001:00000f70       CameraCalImageCapture_register_exported_symbols 0000000180001f70 f   CameraCalImageCapture_sfun.obj
 0001:00000f80       sf_c2_CameraCalImageCapture_get_eml_resolved_functions_info 0000000180001f80 f   c2_CameraCalImageCapture.obj
 0001:00001000       sf_c2_CameraCalImageCapture_get_check_sum 0000000180002000 f   c2_CameraCalImageCapture.obj
 0001:000010d0       c2_CameraCalImageCapture_method_dispatcher 00000001800020d0 f   c2_CameraCalImageCapture.obj
 0001:0001ad00       sf_c2_CameraCalImageCapture_third_party_uses_info 000000018001bd00 f   c2_CameraCalImageCapture.obj
 0001:0001ada0       sf_c2_CameraCalImageCapture_jit_fallback_info 000000018001bda0 f   c2_CameraCalImageCapture.obj
 0001:0001af30       sf_c2_CameraCalImageCapture_updateBuildInfo_args_info 000000018001bf30 f   c2_CameraCalImageCapture.obj
 0001:0001b2d0       sf_c2_CameraCalImageCapture_get_post_codegen_info 000000018001c2d0 f   c2_CameraCalImageCapture.obj
 0001:0001b7f0       mexFunction                000000018001c7f0 f   CameraCalImageCapture_sfun_registry.obj
 0001:0001e0c0       _ssSetInputPortDirectFeedThroughFcn 000000018001f0c0 f   CameraCalImageCapture_sfun_registry.obj
 0001:0001e230       _ssSetRWorkValueFcn        000000018001f230 f   CameraCalImageCapture_sfun_registry.obj
 0001:0001e2b0       _ssGetRWorkValueFcn        000000018001f2b0 f   CameraCalImageCapture_sfun_registry.obj
 0001:0001e320       _ssSetIWorkValueFcn        000000018001f320 f   CameraCalImageCapture_sfun_registry.obj
 0001:0001e3a0       _ssGetIWorkValueFcn        000000018001f3a0 f   CameraCalImageCapture_sfun_registry.obj
 0001:0001e410       _ssSetPWorkValueFcn        000000018001f410 f   CameraCalImageCapture_sfun_registry.obj
 0001:0001e490       _ssGetPWorkValueFcn        000000018001f490 f   CameraCalImageCapture_sfun_registry.obj
 0001:0001e500       _ssGetInputPortSignalFcn   000000018001f500 f   CameraCalImageCapture_sfun_registry.obj
 0001:0001e890       _ssGetInputPortBufferDstPortFcn 000000018001f890 f   CameraCalImageCapture_sfun_registry.obj
 0001:0001e910       _ssGetInputPortSignalPtrsFcn 000000018001f910 f   CameraCalImageCapture_sfun_registry.obj
 0001:0001eca0       ssGetParameterTuningCompliance 000000018001fca0 f   CameraCalImageCapture_sfun_registry.obj
 0001:0001ed10       _ssReadInputStringFcn      000000018001fd10 f   CameraCalImageCapture_sfun_registry.obj
 0001:0001ed80       ssGetDTypeIdFromMxArray    000000018001fd80 f   CameraCalImageCapture_sfun_registry.obj
 0001:0001eea0       ssWriteRTWMx2dMatParam     000000018001fea0 f   CameraCalImageCapture_sfun_registry.obj
 0001:0001ef30       ssWriteRTWMxVectParam      000000018001ff30 f   CameraCalImageCapture_sfun_registry.obj
 0001:0001efb0       ssWriteRTWParameters       000000018001ffb0 f   CameraCalImageCapture_sfun_registry.obj
 0001:0001f570       ssWriteRTWParamSettings    0000000180020570 f   CameraCalImageCapture_sfun_registry.obj
 0001:0001fc60       ssWriteRTWStr              0000000180020c60 f   CameraCalImageCapture_sfun_registry.obj
 0001:0001fcc0       ssWriteRTWWorkVect         0000000180020cc0 f   CameraCalImageCapture_sfun_registry.obj
 0001:00020220       ssWarning                  0000000180021220 f   CameraCalImageCapture_sfun_registry.obj
 0001:00020310       ssWriteRTWNameValuePair    0000000180021310 f   CameraCalImageCapture_sfun_registry.obj
 0001:00020810       _ssSetInputPortMatrixDimensions 0000000180021810 f   CameraCalImageCapture_sfun_registry.obj
 0001:00020960       _ssSetOutputPortMatrixDimensions 0000000180021960 f   CameraCalImageCapture_sfun_registry.obj
 0001:00020ab0       _ssSetInputPortVectorDimension 0000000180021ab0 f   CameraCalImageCapture_sfun_registry.obj
 0001:00020b60       _ssSetOutputPortVectorDimension 0000000180021b60 f   CameraCalImageCapture_sfun_registry.obj
 0001:00020c10       ssIsRunTimeParamTunable    0000000180021c10 f   CameraCalImageCapture_sfun_registry.obj
 0001:00020c80       ssGetSFuncBlockHandle      0000000180021c80 f   CameraCalImageCapture_sfun_registry.obj
 0001:00020cf0       _ssGetCallSystemNumFcnCallDestinations 0000000180021cf0 f   CameraCalImageCapture_sfun_registry.obj
 0001:00020d60       _ssGetCurrentInputPortWidth 0000000180021d60 f   CameraCalImageCapture_sfun_registry.obj
 0001:00020ea0       _ssGetCurrentOutputPortWidth 0000000180021ea0 f   CameraCalImageCapture_sfun_registry.obj
 0001:00020fe0       ssGetIsZeroCrossControlDisabled 0000000180021fe0 f   CameraCalImageCapture_sfun_registry.obj
 0001:00021050       ssSetIsInputPortUsedForContZcSignal 0000000180022050 f   CameraCalImageCapture_sfun_registry.obj
 0001:000210c0       ssSetZcSignalIsZcElementDisc 00000001800220c0 f   CameraCalImageCapture_sfun_registry.obj
 0001:00021170       ssSetZcSignalName          0000000180022170 f   CameraCalImageCapture_sfun_registry.obj
 0001:000211e0       ssSetZcSignalWidth         00000001800221e0 f   CameraCalImageCapture_sfun_registry.obj
 0001:00021250       ssSetZcSignalZcEventType   0000000180022250 f   CameraCalImageCapture_sfun_registry.obj
 0001:000212c0       ssSetZcSignalType          00000001800222c0 f   CameraCalImageCapture_sfun_registry.obj
 0001:00021330       ssSetZcSignalZcTol         0000000180022330 f   CameraCalImageCapture_sfun_registry.obj
 0001:000213a0       ssSetZcSignalNeedsEventNotification 00000001800223a0 f   CameraCalImageCapture_sfun_registry.obj
 0001:00021410       ssCreateAndAddZcSignalInfo 0000000180022410 f   CameraCalImageCapture_sfun_registry.obj
 0001:00021480       ssCloneAndAddZcSignalInfo  0000000180022480 f   CameraCalImageCapture_sfun_registry.obj
 0001:000214f0       ssGetNumZcSignals          00000001800224f0 f   CameraCalImageCapture_sfun_registry.obj
 0001:00021560       ssGetZcSignalVector        0000000180022560 f   CameraCalImageCapture_sfun_registry.obj
 0001:000215d0       ssGetZcSignalName          00000001800225d0 f   CameraCalImageCapture_sfun_registry.obj
 0001:00021640       ssGetZcSignalWidth         0000000180022640 f   CameraCalImageCapture_sfun_registry.obj
 0001:000216b0       ssGetZcSignalZcEventType   00000001800226b0 f   CameraCalImageCapture_sfun_registry.obj
 0001:00021720       ssGetZcSignalZcEvents      0000000180022720 f   CameraCalImageCapture_sfun_registry.obj
 0001:00021790       ssGetZcSignalType          0000000180022790 f   CameraCalImageCapture_sfun_registry.obj
 0001:00021800       ssGetZcSignalZcTol         0000000180022800 f   CameraCalImageCapture_sfun_registry.obj
 0001:00021880       ssGetZcSignalNeedsEventNotification 0000000180022880 f   CameraCalImageCapture_sfun_registry.obj
 0001:000218f0       ssGetZcSignalIsZcElementDisc 00000001800228f0 f   CameraCalImageCapture_sfun_registry.obj
 0001:00021990       ssGetIsInputPortElementContinuous 0000000180022990 f   CameraCalImageCapture_sfun_registry.obj
 0001:00021a30       _ssGetAbsTol               0000000180022a30 f   CameraCalImageCapture_sfun_registry.obj
 0001:00021aa0       _ssSetStateAbsTol          0000000180022aa0 f   CameraCalImageCapture_sfun_registry.obj
 0001:00021b80       _ssSetInputPortReusableFcn 0000000180022b80 f   CameraCalImageCapture_sfun_registry.obj
 0001:00021c80       _ssSetOutputPortReusableFcn 0000000180022c80 f   CameraCalImageCapture_sfun_registry.obj
 0001:00021d80       _ssSetSymbolicDimsSupport  0000000180022d80 f   CameraCalImageCapture_sfun_registry.obj
 0001:00021df0       _ssRegisterSymbolicDimsExpr 0000000180022df0 f   CameraCalImageCapture_sfun_registry.obj
 0001:00021e70       _ssRegisterSymbolicDimsMATLABExpr 0000000180022e70 f   CameraCalImageCapture_sfun_registry.obj
 0001:00021f10       _ssRegisterSymbolicDims    0000000180022f10 f   CameraCalImageCapture_sfun_registry.obj
 0001:00021fb0       _ssRegisterSymbolicDimsString 0000000180022fb0 f   CameraCalImageCapture_sfun_registry.obj
 0001:00022030       _ssRegisterSymbolicDimsIntValue 0000000180023030 f   CameraCalImageCapture_sfun_registry.obj
 0001:000220a0       _ssRegisterSymbolicEqualRelation 00000001800230a0 f   CameraCalImageCapture_sfun_registry.obj
 0001:00022110       _ssRegisterSymbolicEqualValue 0000000180023110 f   CameraCalImageCapture_sfun_registry.obj
 0001:00022180       _ssAmendLeadingSymbolicDims 0000000180023180 f   CameraCalImageCapture_sfun_registry.obj
 0001:00022200       _ssAmendTrailingSymbolicDims 0000000180023200 f   CameraCalImageCapture_sfun_registry.obj
 0001:00022280       _ssRegisterSymbolicDimsPlus 0000000180023280 f   CameraCalImageCapture_sfun_registry.obj
 0001:00022300       _ssRegisterSymbolicDimsMinus 0000000180023300 f   CameraCalImageCapture_sfun_registry.obj
 0001:00022380       _ssRegisterSymbolicDimsMultiply 0000000180023380 f   CameraCalImageCapture_sfun_registry.obj
 0001:00022400       _ssRegisterSymbolicDimsDivide 0000000180023400 f   CameraCalImageCapture_sfun_registry.obj
 0001:00022480       _ssGetNumSymbolicDims      0000000180023480 f   CameraCalImageCapture_sfun_registry.obj
 0001:000224f0       _ssGetSymbolicDim          00000001800234f0 f   CameraCalImageCapture_sfun_registry.obj
 0001:00022570       _ssSetInputPortSymbolicDimsId 0000000180023570 f   CameraCalImageCapture_sfun_registry.obj
 0001:000225e0       _ssGetCompInputPortSymbolicDimsId 00000001800235e0 f   CameraCalImageCapture_sfun_registry.obj
 0001:00022650       _ssSetCompInputPortSymbolicDimsId 0000000180023650 f   CameraCalImageCapture_sfun_registry.obj
 0001:000226c0       _ssSetOutputPortSymbolicDimsId 00000001800236c0 f   CameraCalImageCapture_sfun_registry.obj
 0001:00022730       _ssGetCompOutputPortSymbolicDimsId 0000000180023730 f   CameraCalImageCapture_sfun_registry.obj
 0001:000227a0       _ssSetCompOutputPortSymbolicDimsId 00000001800237a0 f   CameraCalImageCapture_sfun_registry.obj
 0001:00022810       _ssGetDWorkSymbolicDimsId  0000000180023810 f   CameraCalImageCapture_sfun_registry.obj
 0001:00022880       _ssSetDWorkSymbolicDimsId  0000000180023880 f   CameraCalImageCapture_sfun_registry.obj
 0001:000228f0       _ssGetCompDWorkSymbolicDimsId 00000001800238f0 f   CameraCalImageCapture_sfun_registry.obj
 0001:00022960       _ssSetCompDWorkSymbolicDimsId 0000000180023960 f   CameraCalImageCapture_sfun_registry.obj
 0001:000229d0       _ssCreateSLCGStringBuffer  00000001800239d0 f   CameraCalImageCapture_sfun_registry.obj
 0001:00022a40       _ssAddToSLCGStringBuffer   0000000180023a40 f   CameraCalImageCapture_sfun_registry.obj
 0001:00022ab0       _ssGetPointerContainedData 0000000180023ab0 f   CameraCalImageCapture_sfun_registry.obj
 0001:00022b40       _ssGetPointerContainedDataWidth 0000000180023b40 f   CameraCalImageCapture_sfun_registry.obj
 0001:00022bd0       _ssRegisterDynamicArrayDataTypeFcn 0000000180023bd0 f   CameraCalImageCapture_sfun_registry.obj
 0001:00022c70       _ssGetDynamicArrayContainedDataCurrentWidthFcn 0000000180023c70 f   CameraCalImageCapture_sfun_registry.obj
 0001:00022d40       _ssGetDynamicArrayContainedDataFcn 0000000180023d40 f   CameraCalImageCapture_sfun_registry.obj
 0001:00022e10       _ssGetInputPortDynamicArrayDataFcn 0000000180023e10 f   CameraCalImageCapture_sfun_registry.obj
 0001:00022ed0       _ssGetOutputPortDynamicArrayDataFcn 0000000180023ed0 f   CameraCalImageCapture_sfun_registry.obj
 0001:00022f90       _ssGetInputPortDynamicArrayContainedDataFcn 0000000180023f90 f   CameraCalImageCapture_sfun_registry.obj
 0001:00023050       _ssGetOutputPortDynamicArrayContainedDataFcn 0000000180024050 f   CameraCalImageCapture_sfun_registry.obj
 0001:00023110       sf_process_check_sum_call  0000000180024110 f   CameraCalImageCapture_sfun_registry.obj
 0001:00023160       sf_process_get_third_party_uses_info_call 0000000180024160 f   CameraCalImageCapture_sfun_registry.obj
 0001:00023390       sf_process_get_jit_fallback_info_call 0000000180024390 f   CameraCalImageCapture_sfun_registry.obj
 0001:000235c0       sf_process_get_post_codegen_info_call 00000001800245c0 f   CameraCalImageCapture_sfun_registry.obj
 0001:000237f0       sf_process_get_updateBuildInfo_args_info_call 00000001800247f0 f   CameraCalImageCapture_sfun_registry.obj
 0001:00023a20       sf_process_get_eml_resolved_functions_info_call 0000000180024a20 f   CameraCalImageCapture_sfun_registry.obj
 0001:00023c50       sf_mex_unlock_call         0000000180024c50 f   CameraCalImageCapture_sfun_registry.obj
 0001:00023e70       sf_machine_global_initializer_called 0000000180024e70 f   CameraCalImageCapture_sfun_registry.obj
 0001:00023ea0       sf_machine_global_method_dispatcher 0000000180024ea0 f   CameraCalImageCapture_sfun_registry.obj
 0001:00023f00       sf_machine_global_terminator 0000000180024f00 f   CameraCalImageCapture_sfun_registry.obj
 0001:00023f30       sf_register_machine_exported_symbols 0000000180024f30 f   CameraCalImageCapture_sfun_registry.obj
 0001:00023f50       callCustomFcn              0000000180024f50 f   CameraCalImageCapture_sfun_registry.obj
 0001:00023f60       sf_machine_global_initializer 0000000180024f60 f   CameraCalImageCapture_sfun_registry.obj
 0001:00023fd0       mdlGetSimState             0000000180024fd0 f   CameraCalImageCapture_sfun_registry.obj
 0001:00024010       mdlSetSimState             0000000180025010 f   CameraCalImageCapture_sfun_registry.obj
 0001:00024980       ProcessMexSfunctionEveryCall 0000000180025980 f   CameraCalImageCapture_sfun_registry.obj
 0001:00025b00       __local_stdio_printf_options 0000000180026b00 f i CameraCalImageCapture_sfun_registry.obj
 0001:00025b10       _vsnprintf_l               0000000180026b10 f i CameraCalImageCapture_sfun_registry.obj
 0001:00025b90       _vsprintf_l                0000000180026b90 f i CameraCalImageCapture_sfun_registry.obj
 0001:00025be0       sprintf                    0000000180026be0 f i CameraCalImageCapture_sfun_registry.obj
 0001:00025c30       mexfilerequiredapiversion  0000000180026c30 f   c_mexapi_version.obj
 0001:00025c60       constructDrawBaseObjectShape 0000000180026c60 f   insertShapeUtilsCore.obj
 0001:00025ca0       getPositionDataPointer     0000000180026ca0 f   insertShapeUtilsCore.obj
 0001:00025d40       deletePositionDataPointer  0000000180026d40 f   insertShapeUtilsCore.obj
 0001:00025d80       getPtsDWPointer            0000000180026d80 f   insertShapeUtilsCore.obj
 0001:00025e10       deletePtsDWPointer         0000000180026e10 f   insertShapeUtilsCore.obj
 0001:00025e30       allocatePolygonEdgePointer 0000000180026e30 f   insertShapeUtilsCore.obj
 0001:00025f30       deallocatePolygonEdgePointer 0000000180026f30 f   insertShapeUtilsCore.obj
 0001:00025f60       getColorDataPointer_single 0000000180026f60 f   insertShapeUtilsCore.obj
 0001:00026000       deleteColorDataPointer_single 0000000180027000 f   insertShapeUtilsCore.obj
 0001:00026040       getColorDataPointer_double 0000000180027040 f   insertShapeUtilsCore.obj
 0001:000260e0       deleteColorDataPointer_double 00000001800270e0 f   insertShapeUtilsCore.obj
 0001:00026120       getColorDataPointer_uint8  0000000180027120 f   insertShapeUtilsCore.obj
 0001:000261a0       deleteColorDataPointer_uint8 00000001800271a0 f   insertShapeUtilsCore.obj
 0001:000261e0       getColorDataPointer_uint16 00000001800271e0 f   insertShapeUtilsCore.obj
 0001:00026280       deleteColorDataPointer_uint16 0000000180027280 f   insertShapeUtilsCore.obj
 0001:000262c0       getColorDataPointer_int16  00000001800272c0 f   insertShapeUtilsCore.obj
 0001:00026360       deleteColorDataPointer_int16 0000000180027360 f   insertShapeUtilsCore.obj
 0001:000263a0       initialiseDrawbaseShape    00000001800273a0 f   insertShapeUtilsCore.obj
 0001:00026400       instantiateDrawBaseShape_single 0000000180027400 f   insertShapeUtilsCore.obj
 0001:000265f0       instantiateDrawBaseShape_double 00000001800275f0 f   insertShapeUtilsCore.obj
 0001:000267e0       instantiateDrawBaseShape_uint8 00000001800277e0 f   insertShapeUtilsCore.obj
 0001:000269d0       instantiateDrawBaseShape_uint16 00000001800279d0 f   insertShapeUtilsCore.obj
 0001:00026bc0       instantiateDrawBaseShape_int16 0000000180027bc0 f   insertShapeUtilsCore.obj
 0001:00026db0       mDrawShapes                0000000180027db0 f   insertShapeUtilsCore.obj
 0001:00026e20       deallocateMemoryShape      0000000180027e20 f   insertShapeUtilsCore.obj
 0001:00026f20       ??$CheckAndGetNumShape@H@@YAEHHPEBHPEAH1@Z 0000000180027f20 f i insertShapeUtilsCore.obj
 0001:00027050       ??$CheckDataDimen@H@@YAEHPEBHHAEAH@Z 0000000180028050 f i insertShapeUtilsCore.obj
 0001:000270e0       ??$CheckDataDimenEven@H@@YAEHPEBHHAEAH1@Z 00000001800280e0 f i insertShapeUtilsCore.obj
 0001:000271a0       ??$FindLineInViewPort@HH@@YAEPEBH0PEAH@Z 00000001800281a0 f i insertShapeUtilsCore.obj
 0001:000280a0       ??$FindVisibleArea@HH@?$DrawCommon@EEHHMMEE@@IEAAXPEBHPEAH@Z 00000001800290a0 f i insertShapeUtilsCore.obj
 0001:00028210       ??$FindVisibleArea@HH@?$DrawCommon@EEHHMMEH@@IEAAXPEBHPEAH@Z 0000000180029210 f i insertShapeUtilsCore.obj
 0001:00028380       ??$FindVisibleArea@HH@?$DrawCommon@FFHHMMEE@@IEAAXPEBHPEAH@Z 0000000180029380 f i insertShapeUtilsCore.obj
 0001:000284f0       ??$FindVisibleArea@HH@?$DrawCommon@FFHHMMEH@@IEAAXPEBHPEAH@Z 00000001800294f0 f i insertShapeUtilsCore.obj
 0001:00028660       ??$FindVisibleArea@HH@?$DrawCommon@GGHHMMEE@@IEAAXPEBHPEAH@Z 0000000180029660 f i insertShapeUtilsCore.obj
 0001:000287d0       ??$FindVisibleArea@HH@?$DrawCommon@GGHHMMEH@@IEAAXPEBHPEAH@Z 00000001800297d0 f i insertShapeUtilsCore.obj
 0001:00028940       ??$FindVisibleArea@HH@?$DrawCommon@MMHHMMEE@@IEAAXPEBHPEAH@Z 0000000180029940 f i insertShapeUtilsCore.obj
 0001:00028ab0       ??$FindVisibleArea@HH@?$DrawCommon@MMHHMMEH@@IEAAXPEBHPEAH@Z 0000000180029ab0 f i insertShapeUtilsCore.obj
 0001:00028c20       ??$FindVisibleArea@HH@?$DrawCommon@NNHHNNEE@@IEAAXPEBHPEAH@Z 0000000180029c20 f i insertShapeUtilsCore.obj
 0001:00028d90       ??$FindVisibleArea@HH@?$DrawCommon@NNHHNNEH@@IEAAXPEBHPEAH@Z 0000000180029d90 f i insertShapeUtilsCore.obj
 0001:00028f00       ??$FindVisibleAreaKeepCoordinate@HH@?$DrawCommon@EEHHMMEH@@IEAAXPEBHPEAH@Z 0000000180029f00 f i insertShapeUtilsCore.obj
 0001:00029070       ??$FindVisibleAreaKeepCoordinate@HH@?$DrawCommon@FFHHMMEH@@IEAAXPEBHPEAH@Z 000000018002a070 f i insertShapeUtilsCore.obj
 0001:000291e0       ??$FindVisibleAreaKeepCoordinate@HH@?$DrawCommon@GGHHMMEH@@IEAAXPEBHPEAH@Z 000000018002a1e0 f i insertShapeUtilsCore.obj
 0001:00029350       ??$FindVisibleAreaKeepCoordinate@HH@?$DrawCommon@MMHHMMEH@@IEAAXPEBHPEAH@Z 000000018002a350 f i insertShapeUtilsCore.obj
 0001:000294c0       ??$FindVisibleAreaKeepCoordinate@HH@?$DrawCommon@NNHHNNEH@@IEAAXPEBHPEAH@Z 000000018002a4c0 f i insertShapeUtilsCore.obj
 0001:00029630       ??$InstantiateShape@EEHHMM@@YAPEAVDrawBase@@PEAEPEAH0PEAM1HEHHHH1HEE011@Z 000000018002a630 f i insertShapeUtilsCore.obj
 0001:0002ade0       ??$InstantiateShape@FFHHMM@@YAPEAVDrawBase@@PEAFPEAH0PEAM1HEHHHH1HEEPEAE11@Z 000000018002bde0 f i insertShapeUtilsCore.obj
 0001:0002c590       ??$InstantiateShape@GGHHMM@@YAPEAVDrawBase@@PEAGPEAH0PEAM1HEHHHH1HEEPEAE11@Z 000000018002d590 f i insertShapeUtilsCore.obj
 0001:0002dd40       ??$InstantiateShape@MMHHMM@@YAPEAVDrawBase@@PEAMPEAH001HEHHHH1HEEPEAE11@Z 000000018002ed40 f i insertShapeUtilsCore.obj
 0001:0002f4f0       ??$InstantiateShape@NNHHNN@@YAPEAVDrawBase@@PEANPEAH001HEHHHH1HEEPEAE11@Z 00000001800304f0 f i insertShapeUtilsCore.obj
 0001:00030ca0       ??$Max@H@?$DrawCommon@EEHHMMEE@@AEAAHHH@Z 0000000180031ca0 f i insertShapeUtilsCore.obj
 0001:00030ce0       ??$Max@H@?$DrawCommon@EEHHMMEH@@AEAAHHH@Z 0000000180031ce0 f i insertShapeUtilsCore.obj
 0001:00030d20       ??$Max@H@?$DrawCommon@FFHHMMEE@@AEAAHHH@Z 0000000180031d20 f i insertShapeUtilsCore.obj
 0001:00030d60       ??$Max@H@?$DrawCommon@FFHHMMEH@@AEAAHHH@Z 0000000180031d60 f i insertShapeUtilsCore.obj
 0001:00030da0       ??$Max@H@?$DrawCommon@GGHHMMEE@@AEAAHHH@Z 0000000180031da0 f i insertShapeUtilsCore.obj
 0001:00030de0       ??$Max@H@?$DrawCommon@GGHHMMEH@@AEAAHHH@Z 0000000180031de0 f i insertShapeUtilsCore.obj
 0001:00030e20       ??$Max@H@?$DrawCommon@MMHHMMEE@@AEAAHHH@Z 0000000180031e20 f i insertShapeUtilsCore.obj
 0001:00030e60       ??$Max@H@?$DrawCommon@MMHHMMEH@@AEAAHHH@Z 0000000180031e60 f i insertShapeUtilsCore.obj
 0001:00030ea0       ??$Max@H@?$DrawCommon@NNHHNNEE@@AEAAHHH@Z 0000000180031ea0 f i insertShapeUtilsCore.obj
 0001:00030ee0       ??$Max@H@?$DrawCommon@NNHHNNEH@@AEAAHHH@Z 0000000180031ee0 f i insertShapeUtilsCore.obj
 0001:00030f20       ??$Min@H@?$DrawCommon@EEHHMMEE@@AEAAHHH@Z 0000000180031f20 f i insertShapeUtilsCore.obj
 0001:00030f60       ??$Min@H@?$DrawCommon@EEHHMMEH@@AEAAHHH@Z 0000000180031f60 f i insertShapeUtilsCore.obj
 0001:00030fa0       ??$Min@H@?$DrawCommon@FFHHMMEE@@AEAAHHH@Z 0000000180031fa0 f i insertShapeUtilsCore.obj
 0001:00030fe0       ??$Min@H@?$DrawCommon@FFHHMMEH@@AEAAHHH@Z 0000000180031fe0 f i insertShapeUtilsCore.obj
 0001:00031020       ??$Min@H@?$DrawCommon@GGHHMMEE@@AEAAHHH@Z 0000000180032020 f i insertShapeUtilsCore.obj
 0001:00031060       ??$Min@H@?$DrawCommon@GGHHMMEH@@AEAAHHH@Z 0000000180032060 f i insertShapeUtilsCore.obj
 0001:000310a0       ??$Min@H@?$DrawCommon@MMHHMMEE@@AEAAHHH@Z 00000001800320a0 f i insertShapeUtilsCore.obj
 0001:000310e0       ??$Min@H@?$DrawCommon@MMHHMMEH@@AEAAHHH@Z 00000001800320e0 f i insertShapeUtilsCore.obj
 0001:00031120       ??$Min@H@?$DrawCommon@NNHHNNEE@@AEAAHHH@Z 0000000180032120 f i insertShapeUtilsCore.obj
 0001:00031160       ??$Min@H@?$DrawCommon@NNHHNNEH@@AEAAHHH@Z 0000000180032160 f i insertShapeUtilsCore.obj
 0001:000311a0       ??$ToIntCoordinate@H@@YAHH@Z 00000001800321a0 f i insertShapeUtilsCore.obj
 0001:000311b0       ??$getColDimen@H@@YAHHPEBH@Z 00000001800321b0 f i insertShapeUtilsCore.obj
 0001:00031200       ??$getPoint@H@@YAXPEAHNNHHHH@Z 0000000180032200 f i insertShapeUtilsCore.obj
 0001:000315b0       ??$getRowDimen@H@@YAHHPEBH@Z 00000001800325b0 f i insertShapeUtilsCore.obj
 0001:00031600       ??$isInbound@H@@YAEHHHH@Z  0000000180032600 f i insertShapeUtilsCore.obj
 0001:00031640       ??$isPointOnLine@H@@YAEPEBNPEBHNN@Z 0000000180032640 f i insertShapeUtilsCore.obj
 0001:00031880       ??$max@H@std@@YAAEBHAEBH0@Z 0000000180032880 f i insertShapeUtilsCore.obj
 0001:000318b0       ??$min@H@std@@YAAEBHAEBH0@Z 00000001800328b0 f i insertShapeUtilsCore.obj
 0001:000318e0       ??$truncatePoint@H@@YAXPEAHHH@Z 00000001800328e0 f i insertShapeUtilsCore.obj
 0001:00031ae0       ??0?$DrawAnyLine@EEHHMMEE@@QEAA@PEAE00HHH0HPEAHHH1EEEPEAMH00211@Z 0000000180032ae0 f i insertShapeUtilsCore.obj
 0001:00031c50       ??0?$DrawAnyLine@EEHHMMEH@@QEAA@PEAE00HHH0HPEAHHH1EEEPEAMH00211@Z 0000000180032c50 f i insertShapeUtilsCore.obj
 0001:00031dc0       ??0?$DrawAnyLine@FFHHMMEE@@QEAA@PEAF00HHH0HPEAHHH1EEEPEAMHPEAE0211@Z 0000000180032dc0 f i insertShapeUtilsCore.obj
 0001:00031f30       ??0?$DrawAnyLine@FFHHMMEH@@QEAA@PEAF00HHH0HPEAHHH1EEEPEAMHPEAE0211@Z 0000000180032f30 f i insertShapeUtilsCore.obj
 0001:000320a0       ??0?$DrawAnyLine@GGHHMMEE@@QEAA@PEAG00HHH0HPEAHHH1EEEPEAMHPEAE0211@Z 00000001800330a0 f i insertShapeUtilsCore.obj
 0001:00032210       ??0?$DrawAnyLine@GGHHMMEH@@QEAA@PEAG00HHH0HPEAHHH1EEEPEAMHPEAE0211@Z 0000000180033210 f i insertShapeUtilsCore.obj
 0001:00032380       ??0?$DrawAnyLine@MMHHMMEE@@QEAA@PEAM00HHH0HPEAHHH1EEE0HPEAE0011@Z 0000000180033380 f i insertShapeUtilsCore.obj
 0001:000324f0       ??0?$DrawAnyLine@MMHHMMEH@@QEAA@PEAM00HHH0HPEAHHH1EEE0HPEAE0011@Z 00000001800334f0 f i insertShapeUtilsCore.obj
 0001:00032660       ??0?$DrawAnyLine@NNHHNNEE@@QEAA@PEAN00HHH0HPEAHHH1EEE0HPEAE0011@Z 0000000180033660 f i insertShapeUtilsCore.obj
 0001:000327d0       ??0?$DrawAnyLine@NNHHNNEH@@QEAA@PEAN00HHH0HPEAHHH1EEE0HPEAE0011@Z 00000001800337d0 f i insertShapeUtilsCore.obj
 0001:00032940       ??0?$DrawCircle@EEHHMMEEE@@QEAA@PEAE00HHH0HPEAHHH1EEEPEAMH002@Z 0000000180033940 f i insertShapeUtilsCore.obj
 0001:00032a80       ??0?$DrawCircle@EEHHMMEEH@@QEAA@PEAE00HHH0HPEAHHH1EEEPEAMH002@Z 0000000180033a80 f i insertShapeUtilsCore.obj
 0001:00032bc0       ??0?$DrawCircle@EEHHMMEHE@@QEAA@PEAE00HHH0HPEAHHH1EEEPEAMH002@Z 0000000180033bc0 f i insertShapeUtilsCore.obj
 0001:00032d00       ??0?$DrawCircle@EEHHMMEHH@@QEAA@PEAE00HHH0HPEAHHH1EEEPEAMH002@Z 0000000180033d00 f i insertShapeUtilsCore.obj
 0001:00032e40       ??0?$DrawCircle@FFHHMMEEE@@QEAA@PEAF00HHH0HPEAHHH1EEEPEAMHPEAE02@Z 0000000180033e40 f i insertShapeUtilsCore.obj
 0001:00032f80       ??0?$DrawCircle@FFHHMMEEH@@QEAA@PEAF00HHH0HPEAHHH1EEEPEAMHPEAE02@Z 0000000180033f80 f i insertShapeUtilsCore.obj
 0001:000330c0       ??0?$DrawCircle@FFHHMMEHE@@QEAA@PEAF00HHH0HPEAHHH1EEEPEAMHPEAE02@Z 00000001800340c0 f i insertShapeUtilsCore.obj
 0001:00033200       ??0?$DrawCircle@FFHHMMEHH@@QEAA@PEAF00HHH0HPEAHHH1EEEPEAMHPEAE02@Z 0000000180034200 f i insertShapeUtilsCore.obj
 0001:00033340       ??0?$DrawCircle@GGHHMMEEE@@QEAA@PEAG00HHH0HPEAHHH1EEEPEAMHPEAE02@Z 0000000180034340 f i insertShapeUtilsCore.obj
 0001:00033480       ??0?$DrawCircle@GGHHMMEEH@@QEAA@PEAG00HHH0HPEAHHH1EEEPEAMHPEAE02@Z 0000000180034480 f i insertShapeUtilsCore.obj
 0001:000335c0       ??0?$DrawCircle@GGHHMMEHE@@QEAA@PEAG00HHH0HPEAHHH1EEEPEAMHPEAE02@Z 00000001800345c0 f i insertShapeUtilsCore.obj
 0001:00033700       ??0?$DrawCircle@GGHHMMEHH@@QEAA@PEAG00HHH0HPEAHHH1EEEPEAMHPEAE02@Z 0000000180034700 f i insertShapeUtilsCore.obj
 0001:00033840       ??0?$DrawCircle@MMHHMMEEE@@QEAA@PEAM00HHH0HPEAHHH1EEE0HPEAE00@Z 0000000180034840 f i insertShapeUtilsCore.obj
 0001:00033980       ??0?$DrawCircle@MMHHMMEEH@@QEAA@PEAM00HHH0HPEAHHH1EEE0HPEAE00@Z 0000000180034980 f i insertShapeUtilsCore.obj
 0001:00033ac0       ??0?$DrawCircle@MMHHMMEHE@@QEAA@PEAM00HHH0HPEAHHH1EEE0HPEAE00@Z 0000000180034ac0 f i insertShapeUtilsCore.obj
 0001:00033c00       ??0?$DrawCircle@MMHHMMEHH@@QEAA@PEAM00HHH0HPEAHHH1EEE0HPEAE00@Z 0000000180034c00 f i insertShapeUtilsCore.obj
 0001:00033d40       ??0?$DrawCircle@NNHHNNEEE@@QEAA@PEAN00HHH0HPEAHHH1EEE0HPEAE00@Z 0000000180034d40 f i insertShapeUtilsCore.obj
 0001:00033e80       ??0?$DrawCircle@NNHHNNEEH@@QEAA@PEAN00HHH0HPEAHHH1EEE0HPEAE00@Z 0000000180034e80 f i insertShapeUtilsCore.obj
 0001:00033fc0       ??0?$DrawCircle@NNHHNNEHE@@QEAA@PEAN00HHH0HPEAHHH1EEE0HPEAE00@Z 0000000180034fc0 f i insertShapeUtilsCore.obj
 0001:00034100       ??0?$DrawCircle@NNHHNNEHH@@QEAA@PEAN00HHH0HPEAHHH1EEE0HPEAE00@Z 0000000180035100 f i insertShapeUtilsCore.obj
 0001:00034240       ??0?$DrawCircleAnySize@EEHHMMEEE@@QEAA@PEAE00HHH0HPEAHHH1EEEPEAMH0021@Z 0000000180035240 f i insertShapeUtilsCore.obj
 0001:000343a0       ??0?$DrawCircleAnySize@EEHHMMEEH@@QEAA@PEAE00HHH0HPEAHHH1EEEPEAMH0021@Z 00000001800353a0 f i insertShapeUtilsCore.obj
 0001:00034500       ??0?$DrawCircleAnySize@EEHHMMEHE@@QEAA@PEAE00HHH0HPEAHHH1EEEPEAMH0021@Z 0000000180035500 f i insertShapeUtilsCore.obj
 0001:00034660       ??0?$DrawCircleAnySize@EEHHMMEHH@@QEAA@PEAE00HHH0HPEAHHH1EEEPEAMH0021@Z 0000000180035660 f i insertShapeUtilsCore.obj
 0001:000347c0       ??0?$DrawCircleAnySize@FFHHMMEEE@@QEAA@PEAF00HHH0HPEAHHH1EEEPEAMHPEAE021@Z 00000001800357c0 f i insertShapeUtilsCore.obj
 0001:00034920       ??0?$DrawCircleAnySize@FFHHMMEEH@@QEAA@PEAF00HHH0HPEAHHH1EEEPEAMHPEAE021@Z 0000000180035920 f i insertShapeUtilsCore.obj
 0001:00034a80       ??0?$DrawCircleAnySize@FFHHMMEHE@@QEAA@PEAF00HHH0HPEAHHH1EEEPEAMHPEAE021@Z 0000000180035a80 f i insertShapeUtilsCore.obj
 0001:00034be0       ??0?$DrawCircleAnySize@FFHHMMEHH@@QEAA@PEAF00HHH0HPEAHHH1EEEPEAMHPEAE021@Z 0000000180035be0 f i insertShapeUtilsCore.obj
 0001:00034d40       ??0?$DrawCircleAnySize@GGHHMMEEE@@QEAA@PEAG00HHH0HPEAHHH1EEEPEAMHPEAE021@Z 0000000180035d40 f i insertShapeUtilsCore.obj
 0001:00034ea0       ??0?$DrawCircleAnySize@GGHHMMEEH@@QEAA@PEAG00HHH0HPEAHHH1EEEPEAMHPEAE021@Z 0000000180035ea0 f i insertShapeUtilsCore.obj
 0001:00035000       ??0?$DrawCircleAnySize@GGHHMMEHE@@QEAA@PEAG00HHH0HPEAHHH1EEEPEAMHPEAE021@Z 0000000180036000 f i insertShapeUtilsCore.obj
 0001:00035160       ??0?$DrawCircleAnySize@GGHHMMEHH@@QEAA@PEAG00HHH0HPEAHHH1EEEPEAMHPEAE021@Z 0000000180036160 f i insertShapeUtilsCore.obj
 0001:000352c0       ??0?$DrawCircleAnySize@MMHHMMEEE@@QEAA@PEAM00HHH0HPEAHHH1EEE0HPEAE001@Z 00000001800362c0 f i insertShapeUtilsCore.obj
 0001:00035420       ??0?$DrawCircleAnySize@MMHHMMEEH@@QEAA@PEAM00HHH0HPEAHHH1EEE0HPEAE001@Z 0000000180036420 f i insertShapeUtilsCore.obj
 0001:00035580       ??0?$DrawCircleAnySize@MMHHMMEHE@@QEAA@PEAM00HHH0HPEAHHH1EEE0HPEAE001@Z 0000000180036580 f i insertShapeUtilsCore.obj
 0001:000356e0       ??0?$DrawCircleAnySize@MMHHMMEHH@@QEAA@PEAM00HHH0HPEAHHH1EEE0HPEAE001@Z 00000001800366e0 f i insertShapeUtilsCore.obj
 0001:00035840       ??0?$DrawCircleAnySize@NNHHNNEEE@@QEAA@PEAN00HHH0HPEAHHH1EEE0HPEAE001@Z 0000000180036840 f i insertShapeUtilsCore.obj
 0001:000359a0       ??0?$DrawCircleAnySize@NNHHNNEEH@@QEAA@PEAN00HHH0HPEAHHH1EEE0HPEAE001@Z 00000001800369a0 f i insertShapeUtilsCore.obj
 0001:00035b00       ??0?$DrawCircleAnySize@NNHHNNEHE@@QEAA@PEAN00HHH0HPEAHHH1EEE0HPEAE001@Z 0000000180036b00 f i insertShapeUtilsCore.obj
 0001:00035c60       ??0?$DrawCircleAnySize@NNHHNNEHH@@QEAA@PEAN00HHH0HPEAHHH1EEE0HPEAE001@Z 0000000180036c60 f i insertShapeUtilsCore.obj
 0001:00035dc0       ??0?$DrawCommon@EEHHMMEE@@QEAA@PEAE00HHH0HPEAHHH1EEEPEAMH002@Z 0000000180036dc0 f i insertShapeUtilsCore.obj
 0001:00035f70       ??0?$DrawCommon@EEHHMMEH@@QEAA@PEAE00HHH0HPEAHHH1EEEPEAMH002@Z 0000000180036f70 f i insertShapeUtilsCore.obj
 0001:00036120       ??0?$DrawCommon@FFHHMMEE@@QEAA@PEAF00HHH0HPEAHHH1EEEPEAMHPEAE02@Z 0000000180037120 f i insertShapeUtilsCore.obj
 0001:000362d0       ??0?$DrawCommon@FFHHMMEH@@QEAA@PEAF00HHH0HPEAHHH1EEEPEAMHPEAE02@Z 00000001800372d0 f i insertShapeUtilsCore.obj
 0001:00036480       ??0?$DrawCommon@GGHHMMEE@@QEAA@PEAG00HHH0HPEAHHH1EEEPEAMHPEAE02@Z 0000000180037480 f i insertShapeUtilsCore.obj
 0001:00036630       ??0?$DrawCommon@GGHHMMEH@@QEAA@PEAG00HHH0HPEAHHH1EEEPEAMHPEAE02@Z 0000000180037630 f i insertShapeUtilsCore.obj
 0001:000367e0       ??0?$DrawCommon@MMHHMMEE@@QEAA@PEAM00HHH0HPEAHHH1EEE0HPEAE00@Z 00000001800377e0 f i insertShapeUtilsCore.obj
 0001:00036990       ??0?$DrawCommon@MMHHMMEH@@QEAA@PEAM00HHH0HPEAHHH1EEE0HPEAE00@Z 0000000180037990 f i insertShapeUtilsCore.obj
 0001:00036b40       ??0?$DrawCommon@NNHHNNEE@@QEAA@PEAN00HHH0HPEAHHH1EEE0HPEAE00@Z 0000000180037b40 f i insertShapeUtilsCore.obj
 0001:00036cf0       ??0?$DrawCommon@NNHHNNEH@@QEAA@PEAN00HHH0HPEAHHH1EEE0HPEAE00@Z 0000000180037cf0 f i insertShapeUtilsCore.obj
 0001:00036ea0       ??0?$DrawFilledPolygon@EEHHMMEE@@QEAA@PEAE00HHH0HPEAHHH1EEEPEAMH002PEAV?$ScanLineBase@HHE@@11@Z 0000000180037ea0 f i insertShapeUtilsCore.obj
 0001:00037030       ??0?$DrawFilledPolygon@EEHHMMEH@@QEAA@PEAE00HHH0HPEAHHH1EEEPEAMH002PEAV?$ScanLineBase@HHH@@11@Z 0000000180038030 f i insertShapeUtilsCore.obj
 0001:000371c0       ??0?$DrawFilledPolygon@FFHHMMEE@@QEAA@PEAF00HHH0HPEAHHH1EEEPEAMHPEAE02PEAV?$ScanLineBase@HHE@@11@Z 00000001800381c0 f i insertShapeUtilsCore.obj
 0001:00037350       ??0?$DrawFilledPolygon@FFHHMMEH@@QEAA@PEAF00HHH0HPEAHHH1EEEPEAMHPEAE02PEAV?$ScanLineBase@HHH@@11@Z 0000000180038350 f i insertShapeUtilsCore.obj
 0001:000374e0       ??0?$DrawFilledPolygon@GGHHMMEE@@QEAA@PEAG00HHH0HPEAHHH1EEEPEAMHPEAE02PEAV?$ScanLineBase@HHE@@11@Z 00000001800384e0 f i insertShapeUtilsCore.obj
 0001:00037670       ??0?$DrawFilledPolygon@GGHHMMEH@@QEAA@PEAG00HHH0HPEAHHH1EEEPEAMHPEAE02PEAV?$ScanLineBase@HHH@@11@Z 0000000180038670 f i insertShapeUtilsCore.obj
 0001:00037800       ??0?$DrawFilledPolygon@MMHHMMEE@@QEAA@PEAM00HHH0HPEAHHH1EEE0HPEAE00PEAV?$ScanLineBase@HHE@@11@Z 0000000180038800 f i insertShapeUtilsCore.obj
 0001:00037990       ??0?$DrawFilledPolygon@MMHHMMEH@@QEAA@PEAM00HHH0HPEAHHH1EEE0HPEAE00PEAV?$ScanLineBase@HHH@@11@Z 0000000180038990 f i insertShapeUtilsCore.obj
 0001:00037b20       ??0?$DrawFilledPolygon@NNHHNNEE@@QEAA@PEAN00HHH0HPEAHHH1EEE0HPEAE00PEAV?$ScanLineBase@HHE@@11@Z 0000000180038b20 f i insertShapeUtilsCore.obj
 0001:00037cb0       ??0?$DrawFilledPolygon@NNHHNNEH@@QEAA@PEAN00HHH0HPEAHHH1EEE0HPEAE00PEAV?$ScanLineBase@HHH@@11@Z 0000000180038cb0 f i insertShapeUtilsCore.obj
 0001:00037e40       ??0?$DrawFilledRectangle@EEHHMME@@QEAA@PEAE00HHH0HPEAHHH1EEEPEAMH002@Z 0000000180038e40 f i insertShapeUtilsCore.obj
 0001:00037f80       ??0?$DrawFilledRectangle@FFHHMME@@QEAA@PEAF00HHH0HPEAHHH1EEEPEAMHPEAE02@Z 0000000180038f80 f i insertShapeUtilsCore.obj
 0001:000380c0       ??0?$DrawFilledRectangle@GGHHMME@@QEAA@PEAG00HHH0HPEAHHH1EEEPEAMHPEAE02@Z 00000001800390c0 f i insertShapeUtilsCore.obj
 0001:00038200       ??0?$DrawFilledRectangle@MMHHMME@@QEAA@PEAM00HHH0HPEAHHH1EEE0HPEAE00@Z 0000000180039200 f i insertShapeUtilsCore.obj
 0001:00038340       ??0?$DrawFilledRectangle@NNHHNNE@@QEAA@PEAN00HHH0HPEAHHH1EEE0HPEAE00@Z 0000000180039340 f i insertShapeUtilsCore.obj
 0001:00038480       ??0?$DrawFilledRectangleAnySize@EEHHMME@@QEAA@PEAE00HHH0HPEAHHH1EEEPEAMH002PEBH@Z 0000000180039480 f i insertShapeUtilsCore.obj
 0001:000385e0       ??0?$DrawFilledRectangleAnySize@FFHHMME@@QEAA@PEAF00HHH0HPEAHHH1EEEPEAMHPEAE02PEBH@Z 00000001800395e0 f i insertShapeUtilsCore.obj
 0001:00038740       ??0?$DrawFilledRectangleAnySize@GGHHMME@@QEAA@PEAG00HHH0HPEAHHH1EEEPEAMHPEAE02PEBH@Z 0000000180039740 f i insertShapeUtilsCore.obj
 0001:000388a0       ??0?$DrawFilledRectangleAnySize@MMHHMME@@QEAA@PEAM00HHH0HPEAHHH1EEE0HPEAE00PEBH@Z 00000001800398a0 f i insertShapeUtilsCore.obj
 0001:00038a00       ??0?$DrawFilledRectangleAnySize@NNHHNNE@@QEAA@PEAN00HHH0HPEAHHH1EEE0HPEAE00PEBH@Z 0000000180039a00 f i insertShapeUtilsCore.obj
 0001:00038b60       ??0?$DrawLine@EEHHMMEE@@QEAA@PEAE00HHH0HPEAHHH1EEEPEAMH002@Z 0000000180039b60 f i insertShapeUtilsCore.obj
 0001:00038ca0       ??0?$DrawLine@EEHHMMEH@@QEAA@PEAE00HHH0HPEAHHH1EEEPEAMH002@Z 0000000180039ca0 f i insertShapeUtilsCore.obj
 0001:00038de0       ??0?$DrawLine@FFHHMMEE@@QEAA@PEAF00HHH0HPEAHHH1EEEPEAMHPEAE02@Z 0000000180039de0 f i insertShapeUtilsCore.obj
 0001:00038f20       ??0?$DrawLine@FFHHMMEH@@QEAA@PEAF00HHH0HPEAHHH1EEEPEAMHPEAE02@Z 0000000180039f20 f i insertShapeUtilsCore.obj
 0001:00039060       ??0?$DrawLine@GGHHMMEE@@QEAA@PEAG00HHH0HPEAHHH1EEEPEAMHPEAE02@Z 000000018003a060 f i insertShapeUtilsCore.obj
 0001:000391a0       ??0?$DrawLine@GGHHMMEH@@QEAA@PEAG00HHH0HPEAHHH1EEEPEAMHPEAE02@Z 000000018003a1a0 f i insertShapeUtilsCore.obj
 0001:000392e0       ??0?$DrawLine@MMHHMMEE@@QEAA@PEAM00HHH0HPEAHHH1EEE0HPEAE00@Z 000000018003a2e0 f i insertShapeUtilsCore.obj
 0001:00039420       ??0?$DrawLine@MMHHMMEH@@QEAA@PEAM00HHH0HPEAHHH1EEE0HPEAE00@Z 000000018003a420 f i insertShapeUtilsCore.obj
 0001:00039560       ??0?$DrawLine@NNHHNNEE@@QEAA@PEAN00HHH0HPEAHHH1EEE0HPEAE00@Z 000000018003a560 f i insertShapeUtilsCore.obj
 0001:000396a0       ??0?$DrawLine@NNHHNNEH@@QEAA@PEAN00HHH0HPEAHHH1EEE0HPEAE00@Z 000000018003a6a0 f i insertShapeUtilsCore.obj
 0001:000397e0       ??0?$DrawMarkerLine@EEHHMMEE@@QEAA@PEAE00HHH0HPEAHHH1EEEPEAMH002@Z 000000018003a7e0 f i insertShapeUtilsCore.obj
 0001:00039920       ??0?$DrawMarkerLine@FFHHMMEE@@QEAA@PEAF00HHH0HPEAHHH1EEEPEAMHPEAE02@Z 000000018003a920 f i insertShapeUtilsCore.obj
 0001:00039a60       ??0?$DrawMarkerLine@GGHHMMEE@@QEAA@PEAG00HHH0HPEAHHH1EEEPEAMHPEAE02@Z 000000018003aa60 f i insertShapeUtilsCore.obj
 0001:00039ba0       ??0?$DrawMarkerLine@MMHHMMEE@@QEAA@PEAM00HHH0HPEAHHH1EEE0HPEAE00@Z 000000018003aba0 f i insertShapeUtilsCore.obj
 0001:00039ce0       ??0?$DrawMarkerLine@NNHHNNEE@@QEAA@PEAN00HHH0HPEAHHH1EEE0HPEAE00@Z 000000018003ace0 f i insertShapeUtilsCore.obj
 0001:00039e20       ??0?$DrawPolygon@EEHHMMEE@@QEAA@PEAE00HHH0HPEAHHH1EEEPEAMH00211@Z 000000018003ae20 f i insertShapeUtilsCore.obj
 0001:00039f90       ??0?$DrawPolygon@EEHHMMEH@@QEAA@PEAE00HHH0HPEAHHH1EEEPEAMH00211@Z 000000018003af90 f i insertShapeUtilsCore.obj
 0001:0003a100       ??0?$DrawPolygon@FFHHMMEE@@QEAA@PEAF00HHH0HPEAHHH1EEEPEAMHPEAE0211@Z 000000018003b100 f i insertShapeUtilsCore.obj
 0001:0003a270       ??0?$DrawPolygon@FFHHMMEH@@QEAA@PEAF00HHH0HPEAHHH1EEEPEAMHPEAE0211@Z 000000018003b270 f i insertShapeUtilsCore.obj
 0001:0003a3e0       ??0?$DrawPolygon@GGHHMMEE@@QEAA@PEAG00HHH0HPEAHHH1EEEPEAMHPEAE0211@Z 000000018003b3e0 f i insertShapeUtilsCore.obj
 0001:0003a550       ??0?$DrawPolygon@GGHHMMEH@@QEAA@PEAG00HHH0HPEAHHH1EEEPEAMHPEAE0211@Z 000000018003b550 f i insertShapeUtilsCore.obj
 0001:0003a6c0       ??0?$DrawPolygon@MMHHMMEE@@QEAA@PEAM00HHH0HPEAHHH1EEE0HPEAE0011@Z 000000018003b6c0 f i insertShapeUtilsCore.obj
 0001:0003a830       ??0?$DrawPolygon@MMHHMMEH@@QEAA@PEAM00HHH0HPEAHHH1EEE0HPEAE0011@Z 000000018003b830 f i insertShapeUtilsCore.obj
 0001:0003a9a0       ??0?$DrawPolygon@NNHHNNEE@@QEAA@PEAN00HHH0HPEAHHH1EEE0HPEAE0011@Z 000000018003b9a0 f i insertShapeUtilsCore.obj
 0001:0003ab10       ??0?$DrawPolygon@NNHHNNEH@@QEAA@PEAN00HHH0HPEAHHH1EEE0HPEAE0011@Z 000000018003bb10 f i insertShapeUtilsCore.obj
 0001:0003ac80       ??0?$DrawRectangleAnySize@EEHHMME@@QEAA@PEAE00HHH0HPEAHHH1EEEPEAMH0021@Z 000000018003bc80 f i insertShapeUtilsCore.obj
 0001:0003ade0       ??0?$DrawRectangleAnySize@FFHHMME@@QEAA@PEAF00HHH0HPEAHHH1EEEPEAMHPEAE021@Z 000000018003bde0 f i insertShapeUtilsCore.obj
 0001:0003af40       ??0?$DrawRectangleAnySize@GGHHMME@@QEAA@PEAG00HHH0HPEAHHH1EEEPEAMHPEAE021@Z 000000018003bf40 f i insertShapeUtilsCore.obj
 0001:0003b0a0       ??0?$DrawRectangleAnySize@MMHHMME@@QEAA@PEAM00HHH0HPEAHHH1EEE0HPEAE001@Z 000000018003c0a0 f i insertShapeUtilsCore.obj
 0001:0003b200       ??0?$DrawRectangleAnySize@NNHHNNE@@QEAA@PEAN00HHH0HPEAHHH1EEE0HPEAE001@Z 000000018003c200 f i insertShapeUtilsCore.obj
 0001:0003b360       ??0?$MidPointFullCircle@H@@QEAA@XZ 000000018003c360 f i insertShapeUtilsCore.obj
 0001:0003b370       ??0?$Polygon@HHE@@QEAA@PEBHPEAH11HHHEE@Z 000000018003c370 f i insertShapeUtilsCore.obj
 0001:0003b420       ??0?$Polygon@HHH@@QEAA@PEBHPEAH11HHHEE@Z 000000018003c420 f i insertShapeUtilsCore.obj
 0001:0003b4d0       ??0?$ScanLine@HHE@@QEAA@PEAV?$Polygon@HHE@@HHHH@Z 000000018003c4d0 f i insertShapeUtilsCore.obj
 0001:0003b560       ??0?$ScanLine@HHH@@QEAA@PEAV?$Polygon@HHH@@HHHH@Z 000000018003c560 f i insertShapeUtilsCore.obj
 0001:0003b5f0       ??0?$ScanLineBase@HHE@@QEAA@PEAV?$Polygon@HHE@@HHHH@Z 000000018003c5f0 f i insertShapeUtilsCore.obj
 0001:0003b680       ??0?$ScanLineBase@HHH@@QEAA@PEAV?$Polygon@HHH@@HHHH@Z 000000018003c680 f i insertShapeUtilsCore.obj
 0001:0003b710       ??0DrawBase@@QEAA@XZ       000000018003c710 f i insertShapeUtilsCore.obj
 0001:0003b730       ??1?$DrawAnyLine@EEHHMMEE@@UEAA@XZ 000000018003c730 f i insertShapeUtilsCore.obj
 0001:0003b760       ??1?$DrawAnyLine@EEHHMMEH@@UEAA@XZ 000000018003c760 f i insertShapeUtilsCore.obj
 0001:0003b790       ??1?$DrawAnyLine@FFHHMMEE@@UEAA@XZ 000000018003c790 f i insertShapeUtilsCore.obj
 0001:0003b7c0       ??1?$DrawAnyLine@FFHHMMEH@@UEAA@XZ 000000018003c7c0 f i insertShapeUtilsCore.obj
 0001:0003b7f0       ??1?$DrawAnyLine@GGHHMMEE@@UEAA@XZ 000000018003c7f0 f i insertShapeUtilsCore.obj
 0001:0003b820       ??1?$DrawAnyLine@GGHHMMEH@@UEAA@XZ 000000018003c820 f i insertShapeUtilsCore.obj
 0001:0003b850       ??1?$DrawAnyLine@MMHHMMEE@@UEAA@XZ 000000018003c850 f i insertShapeUtilsCore.obj
 0001:0003b880       ??1?$DrawAnyLine@MMHHMMEH@@UEAA@XZ 000000018003c880 f i insertShapeUtilsCore.obj
 0001:0003b8b0       ??1?$DrawAnyLine@NNHHNNEE@@UEAA@XZ 000000018003c8b0 f i insertShapeUtilsCore.obj
 0001:0003b8e0       ??1?$DrawAnyLine@NNHHNNEH@@UEAA@XZ 000000018003c8e0 f i insertShapeUtilsCore.obj
 0001:0003b910       ??1?$DrawCircle@EEHHMMEEE@@UEAA@XZ 000000018003c910 f i insertShapeUtilsCore.obj
 0001:0003b930       ??1?$DrawCircle@EEHHMMEEH@@UEAA@XZ 000000018003c930 f i insertShapeUtilsCore.obj
 0001:0003b950       ??1?$DrawCircle@EEHHMMEHE@@UEAA@XZ 000000018003c950 f i insertShapeUtilsCore.obj
 0001:0003b970       ??1?$DrawCircle@EEHHMMEHH@@UEAA@XZ 000000018003c970 f i insertShapeUtilsCore.obj
 0001:0003b990       ??1?$DrawCircle@FFHHMMEEE@@UEAA@XZ 000000018003c990 f i insertShapeUtilsCore.obj
 0001:0003b9b0       ??1?$DrawCircle@FFHHMMEEH@@UEAA@XZ 000000018003c9b0 f i insertShapeUtilsCore.obj
 0001:0003b9d0       ??1?$DrawCircle@FFHHMMEHE@@UEAA@XZ 000000018003c9d0 f i insertShapeUtilsCore.obj
 0001:0003b9f0       ??1?$DrawCircle@FFHHMMEHH@@UEAA@XZ 000000018003c9f0 f i insertShapeUtilsCore.obj
 0001:0003ba10       ??1?$DrawCircle@GGHHMMEEE@@UEAA@XZ 000000018003ca10 f i insertShapeUtilsCore.obj
 0001:0003ba30       ??1?$DrawCircle@GGHHMMEEH@@UEAA@XZ 000000018003ca30 f i insertShapeUtilsCore.obj
 0001:0003ba50       ??1?$DrawCircle@GGHHMMEHE@@UEAA@XZ 000000018003ca50 f i insertShapeUtilsCore.obj
 0001:0003ba70       ??1?$DrawCircle@GGHHMMEHH@@UEAA@XZ 000000018003ca70 f i insertShapeUtilsCore.obj
 0001:0003ba90       ??1?$DrawCircle@MMHHMMEEE@@UEAA@XZ 000000018003ca90 f i insertShapeUtilsCore.obj
 0001:0003bab0       ??1?$DrawCircle@MMHHMMEEH@@UEAA@XZ 000000018003cab0 f i insertShapeUtilsCore.obj
 0001:0003bad0       ??1?$DrawCircle@MMHHMMEHE@@UEAA@XZ 000000018003cad0 f i insertShapeUtilsCore.obj
 0001:0003baf0       ??1?$DrawCircle@MMHHMMEHH@@UEAA@XZ 000000018003caf0 f i insertShapeUtilsCore.obj
 0001:0003bb10       ??1?$DrawCircle@NNHHNNEEE@@UEAA@XZ 000000018003cb10 f i insertShapeUtilsCore.obj
 0001:0003bb30       ??1?$DrawCircle@NNHHNNEEH@@UEAA@XZ 000000018003cb30 f i insertShapeUtilsCore.obj
 0001:0003bb50       ??1?$DrawCircle@NNHHNNEHE@@UEAA@XZ 000000018003cb50 f i insertShapeUtilsCore.obj
 0001:0003bb70       ??1?$DrawCircle@NNHHNNEHH@@UEAA@XZ 000000018003cb70 f i insertShapeUtilsCore.obj
 0001:0003bb90       ??1?$DrawCircleAnySize@EEHHMMEEE@@UEAA@XZ 000000018003cb90 f i insertShapeUtilsCore.obj
 0001:0003bbc0       ??1?$DrawCircleAnySize@EEHHMMEEH@@UEAA@XZ 000000018003cbc0 f i insertShapeUtilsCore.obj
 0001:0003bbf0       ??1?$DrawCircleAnySize@EEHHMMEHE@@UEAA@XZ 000000018003cbf0 f i insertShapeUtilsCore.obj
 0001:0003bc20       ??1?$DrawCircleAnySize@EEHHMMEHH@@UEAA@XZ 000000018003cc20 f i insertShapeUtilsCore.obj
 0001:0003bc50       ??1?$DrawCircleAnySize@FFHHMMEEE@@UEAA@XZ 000000018003cc50 f i insertShapeUtilsCore.obj
 0001:0003bc80       ??1?$DrawCircleAnySize@FFHHMMEEH@@UEAA@XZ 000000018003cc80 f i insertShapeUtilsCore.obj
 0001:0003bcb0       ??1?$DrawCircleAnySize@FFHHMMEHE@@UEAA@XZ 000000018003ccb0 f i insertShapeUtilsCore.obj
 0001:0003bce0       ??1?$DrawCircleAnySize@FFHHMMEHH@@UEAA@XZ 000000018003cce0 f i insertShapeUtilsCore.obj
 0001:0003bd10       ??1?$DrawCircleAnySize@GGHHMMEEE@@UEAA@XZ 000000018003cd10 f i insertShapeUtilsCore.obj
 0001:0003bd40       ??1?$DrawCircleAnySize@GGHHMMEEH@@UEAA@XZ 000000018003cd40 f i insertShapeUtilsCore.obj
 0001:0003bd70       ??1?$DrawCircleAnySize@GGHHMMEHE@@UEAA@XZ 000000018003cd70 f i insertShapeUtilsCore.obj
 0001:0003bda0       ??1?$DrawCircleAnySize@GGHHMMEHH@@UEAA@XZ 000000018003cda0 f i insertShapeUtilsCore.obj
 0001:0003bdd0       ??1?$DrawCircleAnySize@MMHHMMEEE@@UEAA@XZ 000000018003cdd0 f i insertShapeUtilsCore.obj
 0001:0003be00       ??1?$DrawCircleAnySize@MMHHMMEEH@@UEAA@XZ 000000018003ce00 f i insertShapeUtilsCore.obj
 0001:0003be30       ??1?$DrawCircleAnySize@MMHHMMEHE@@UEAA@XZ 000000018003ce30 f i insertShapeUtilsCore.obj
 0001:0003be60       ??1?$DrawCircleAnySize@MMHHMMEHH@@UEAA@XZ 000000018003ce60 f i insertShapeUtilsCore.obj
 0001:0003be90       ??1?$DrawCircleAnySize@NNHHNNEEE@@UEAA@XZ 000000018003ce90 f i insertShapeUtilsCore.obj
 0001:0003bec0       ??1?$DrawCircleAnySize@NNHHNNEEH@@UEAA@XZ 000000018003cec0 f i insertShapeUtilsCore.obj
 0001:0003bef0       ??1?$DrawCircleAnySize@NNHHNNEHE@@UEAA@XZ 000000018003cef0 f i insertShapeUtilsCore.obj
 0001:0003bf20       ??1?$DrawCircleAnySize@NNHHNNEHH@@UEAA@XZ 000000018003cf20 f i insertShapeUtilsCore.obj
 0001:0003bf50       ??1?$DrawCommon@EEHHMMEE@@UEAA@XZ 000000018003cf50 f i insertShapeUtilsCore.obj
 0001:0003bf80       ??1?$DrawCommon@EEHHMMEH@@UEAA@XZ 000000018003cf80 f i insertShapeUtilsCore.obj
 0001:0003bfb0       ??1?$DrawCommon@FFHHMMEE@@UEAA@XZ 000000018003cfb0 f i insertShapeUtilsCore.obj
 0001:0003bfe0       ??1?$DrawCommon@FFHHMMEH@@UEAA@XZ 000000018003cfe0 f i insertShapeUtilsCore.obj
 0001:0003c010       ??1?$DrawCommon@GGHHMMEE@@UEAA@XZ 000000018003d010 f i insertShapeUtilsCore.obj
 0001:0003c040       ??1?$DrawCommon@GGHHMMEH@@UEAA@XZ 000000018003d040 f i insertShapeUtilsCore.obj
 0001:0003c070       ??1?$DrawCommon@MMHHMMEE@@UEAA@XZ 000000018003d070 f i insertShapeUtilsCore.obj
 0001:0003c0a0       ??1?$DrawCommon@MMHHMMEH@@UEAA@XZ 000000018003d0a0 f i insertShapeUtilsCore.obj
 0001:0003c0d0       ??1?$DrawCommon@NNHHNNEE@@UEAA@XZ 000000018003d0d0 f i insertShapeUtilsCore.obj
 0001:0003c100       ??1?$DrawCommon@NNHHNNEH@@UEAA@XZ 000000018003d100 f i insertShapeUtilsCore.obj
 0001:0003c130       ??1?$DrawFilledPolygon@EEHHMMEE@@UEAA@XZ 000000018003d130 f i insertShapeUtilsCore.obj
 0001:0003c1b0       ??1?$DrawFilledPolygon@EEHHMMEH@@UEAA@XZ 000000018003d1b0 f i insertShapeUtilsCore.obj
 0001:0003c230       ??1?$DrawFilledPolygon@FFHHMMEE@@UEAA@XZ 000000018003d230 f i insertShapeUtilsCore.obj
 0001:0003c2b0       ??1?$DrawFilledPolygon@FFHHMMEH@@UEAA@XZ 000000018003d2b0 f i insertShapeUtilsCore.obj
 0001:0003c330       ??1?$DrawFilledPolygon@GGHHMMEE@@UEAA@XZ 000000018003d330 f i insertShapeUtilsCore.obj
 0001:0003c3b0       ??1?$DrawFilledPolygon@GGHHMMEH@@UEAA@XZ 000000018003d3b0 f i insertShapeUtilsCore.obj
 0001:0003c430       ??1?$DrawFilledPolygon@MMHHMMEE@@UEAA@XZ 000000018003d430 f i insertShapeUtilsCore.obj
 0001:0003c4b0       ??1?$DrawFilledPolygon@MMHHMMEH@@UEAA@XZ 000000018003d4b0 f i insertShapeUtilsCore.obj
 0001:0003c530       ??1?$DrawFilledPolygon@NNHHNNEE@@UEAA@XZ 000000018003d530 f i insertShapeUtilsCore.obj
 0001:0003c5b0       ??1?$DrawFilledPolygon@NNHHNNEH@@UEAA@XZ 000000018003d5b0 f i insertShapeUtilsCore.obj
 0001:0003c630       ??1?$DrawFilledRectangle@EEHHMME@@UEAA@XZ 000000018003d630 f i insertShapeUtilsCore.obj
 0001:0003c650       ??1?$DrawFilledRectangle@FFHHMME@@UEAA@XZ 000000018003d650 f i insertShapeUtilsCore.obj
 0001:0003c670       ??1?$DrawFilledRectangle@GGHHMME@@UEAA@XZ 000000018003d670 f i insertShapeUtilsCore.obj
 0001:0003c690       ??1?$DrawFilledRectangle@MMHHMME@@UEAA@XZ 000000018003d690 f i insertShapeUtilsCore.obj
 0001:0003c6b0       ??1?$DrawFilledRectangle@NNHHNNE@@UEAA@XZ 000000018003d6b0 f i insertShapeUtilsCore.obj
 0001:0003c6d0       ??1?$DrawFilledRectangleAnySize@EEHHMME@@UEAA@XZ 000000018003d6d0 f i insertShapeUtilsCore.obj
 0001:0003c700       ??1?$DrawFilledRectangleAnySize@FFHHMME@@UEAA@XZ 000000018003d700 f i insertShapeUtilsCore.obj
 0001:0003c730       ??1?$DrawFilledRectangleAnySize@GGHHMME@@UEAA@XZ 000000018003d730 f i insertShapeUtilsCore.obj
 0001:0003c760       ??1?$DrawFilledRectangleAnySize@MMHHMME@@UEAA@XZ 000000018003d760 f i insertShapeUtilsCore.obj
 0001:0003c790       ??1?$DrawFilledRectangleAnySize@NNHHNNE@@UEAA@XZ 000000018003d790 f i insertShapeUtilsCore.obj
 0001:0003c7c0       ??1?$DrawLine@EEHHMMEE@@UEAA@XZ 000000018003d7c0 f i insertShapeUtilsCore.obj
 0001:0003c7f0       ??1?$DrawLine@EEHHMMEH@@UEAA@XZ 000000018003d7f0 f i insertShapeUtilsCore.obj
 0001:0003c820       ??1?$DrawLine@FFHHMMEE@@UEAA@XZ 000000018003d820 f i insertShapeUtilsCore.obj
 0001:0003c850       ??1?$DrawLine@FFHHMMEH@@UEAA@XZ 000000018003d850 f i insertShapeUtilsCore.obj
 0001:0003c880       ??1?$DrawLine@GGHHMMEE@@UEAA@XZ 000000018003d880 f i insertShapeUtilsCore.obj
 0001:0003c8b0       ??1?$DrawLine@GGHHMMEH@@UEAA@XZ 000000018003d8b0 f i insertShapeUtilsCore.obj
 0001:0003c8e0       ??1?$DrawLine@MMHHMMEE@@UEAA@XZ 000000018003d8e0 f i insertShapeUtilsCore.obj
 0001:0003c910       ??1?$DrawLine@MMHHMMEH@@UEAA@XZ 000000018003d910 f i insertShapeUtilsCore.obj
 0001:0003c940       ??1?$DrawLine@NNHHNNEE@@UEAA@XZ 000000018003d940 f i insertShapeUtilsCore.obj
 0001:0003c970       ??1?$DrawLine@NNHHNNEH@@UEAA@XZ 000000018003d970 f i insertShapeUtilsCore.obj
 0001:0003c9a0       ??1?$DrawMarkerLine@EEHHMMEE@@UEAA@XZ 000000018003d9a0 f i insertShapeUtilsCore.obj
 0001:0003c9c0       ??1?$DrawMarkerLine@FFHHMMEE@@UEAA@XZ 000000018003d9c0 f i insertShapeUtilsCore.obj
 0001:0003c9e0       ??1?$DrawMarkerLine@GGHHMMEE@@UEAA@XZ 000000018003d9e0 f i insertShapeUtilsCore.obj
 0001:0003ca00       ??1?$DrawMarkerLine@MMHHMMEE@@UEAA@XZ 000000018003da00 f i insertShapeUtilsCore.obj
 0001:0003ca20       ??1?$DrawMarkerLine@NNHHNNEE@@UEAA@XZ 000000018003da20 f i insertShapeUtilsCore.obj
 0001:0003ca40       ??1?$DrawPolygon@EEHHMMEE@@UEAA@XZ 000000018003da40 f i insertShapeUtilsCore.obj
 0001:0003ca70       ??1?$DrawPolygon@EEHHMMEH@@UEAA@XZ 000000018003da70 f i insertShapeUtilsCore.obj
 0001:0003caa0       ??1?$DrawPolygon@FFHHMMEE@@UEAA@XZ 000000018003daa0 f i insertShapeUtilsCore.obj
 0001:0003cad0       ??1?$DrawPolygon@FFHHMMEH@@UEAA@XZ 000000018003dad0 f i insertShapeUtilsCore.obj
 0001:0003cb00       ??1?$DrawPolygon@GGHHMMEE@@UEAA@XZ 000000018003db00 f i insertShapeUtilsCore.obj
 0001:0003cb30       ??1?$DrawPolygon@GGHHMMEH@@UEAA@XZ 000000018003db30 f i insertShapeUtilsCore.obj
 0001:0003cb60       ??1?$DrawPolygon@MMHHMMEE@@UEAA@XZ 000000018003db60 f i insertShapeUtilsCore.obj
 0001:0003cb90       ??1?$DrawPolygon@MMHHMMEH@@UEAA@XZ 000000018003db90 f i insertShapeUtilsCore.obj
 0001:0003cbc0       ??1?$DrawPolygon@NNHHNNEE@@UEAA@XZ 000000018003dbc0 f i insertShapeUtilsCore.obj
 0001:0003cbf0       ??1?$DrawPolygon@NNHHNNEH@@UEAA@XZ 000000018003dbf0 f i insertShapeUtilsCore.obj
 0001:0003cc20       ??1?$DrawRectangleAnySize@EEHHMME@@UEAA@XZ 000000018003dc20 f i insertShapeUtilsCore.obj
 0001:0003cc50       ??1?$DrawRectangleAnySize@FFHHMME@@UEAA@XZ 000000018003dc50 f i insertShapeUtilsCore.obj
 0001:0003cc80       ??1?$DrawRectangleAnySize@GGHHMME@@UEAA@XZ 000000018003dc80 f i insertShapeUtilsCore.obj
 0001:0003ccb0       ??1?$DrawRectangleAnySize@MMHHMME@@UEAA@XZ 000000018003dcb0 f i insertShapeUtilsCore.obj
 0001:0003cce0       ??1?$DrawRectangleAnySize@NNHHNNE@@UEAA@XZ 000000018003dce0 f i insertShapeUtilsCore.obj
 0001:0003cd10       ??1?$ScanLine@HHE@@UEAA@XZ 000000018003dd10 f i insertShapeUtilsCore.obj
 0001:0003cd30       ??1?$ScanLine@HHH@@UEAA@XZ 000000018003dd30 f i insertShapeUtilsCore.obj
 0001:0003cd50       ??1?$ScanLineBase@HHE@@UEAA@XZ 000000018003dd50 f i insertShapeUtilsCore.obj
 0001:0003cda0       ??1?$ScanLineBase@HHH@@UEAA@XZ 000000018003dda0 f i insertShapeUtilsCore.obj
 0001:0003cdf0       ??1DrawBase@@UEAA@XZ       000000018003ddf0 f i insertShapeUtilsCore.obj
 0001:0003ce10       ??_G?$DrawAnyLine@EEHHMMEE@@UEAAPEAXI@Z 000000018003de10 f i insertShapeUtilsCore.obj
 0001:0003ce10       ??_E?$DrawAnyLine@EEHHMMEE@@UEAAPEAXI@Z 000000018003de10 f i insertShapeUtilsCore.obj
 0001:0003ce50       ??_G?$DrawAnyLine@EEHHMMEH@@UEAAPEAXI@Z 000000018003de50 f i insertShapeUtilsCore.obj
 0001:0003ce50       ??_E?$DrawAnyLine@EEHHMMEH@@UEAAPEAXI@Z 000000018003de50 f i insertShapeUtilsCore.obj
 0001:0003ce90       ??_E?$DrawAnyLine@FFHHMMEE@@UEAAPEAXI@Z 000000018003de90 f i insertShapeUtilsCore.obj
 0001:0003ce90       ??_G?$DrawAnyLine@FFHHMMEE@@UEAAPEAXI@Z 000000018003de90 f i insertShapeUtilsCore.obj
 0001:0003ced0       ??_G?$DrawAnyLine@FFHHMMEH@@UEAAPEAXI@Z 000000018003ded0 f i insertShapeUtilsCore.obj
 0001:0003ced0       ??_E?$DrawAnyLine@FFHHMMEH@@UEAAPEAXI@Z 000000018003ded0 f i insertShapeUtilsCore.obj
 0001:0003cf10       ??_E?$DrawAnyLine@GGHHMMEE@@UEAAPEAXI@Z 000000018003df10 f i insertShapeUtilsCore.obj
 0001:0003cf10       ??_G?$DrawAnyLine@GGHHMMEE@@UEAAPEAXI@Z 000000018003df10 f i insertShapeUtilsCore.obj
 0001:0003cf50       ??_E?$DrawAnyLine@GGHHMMEH@@UEAAPEAXI@Z 000000018003df50 f i insertShapeUtilsCore.obj
 0001:0003cf50       ??_G?$DrawAnyLine@GGHHMMEH@@UEAAPEAXI@Z 000000018003df50 f i insertShapeUtilsCore.obj
 0001:0003cf90       ??_E?$DrawAnyLine@MMHHMMEE@@UEAAPEAXI@Z 000000018003df90 f i insertShapeUtilsCore.obj
 0001:0003cf90       ??_G?$DrawAnyLine@MMHHMMEE@@UEAAPEAXI@Z 000000018003df90 f i insertShapeUtilsCore.obj
 0001:0003cfd0       ??_E?$DrawAnyLine@MMHHMMEH@@UEAAPEAXI@Z 000000018003dfd0 f i insertShapeUtilsCore.obj
 0001:0003cfd0       ??_G?$DrawAnyLine@MMHHMMEH@@UEAAPEAXI@Z 000000018003dfd0 f i insertShapeUtilsCore.obj
 0001:0003d010       ??_G?$DrawAnyLine@NNHHNNEE@@UEAAPEAXI@Z 000000018003e010 f i insertShapeUtilsCore.obj
 0001:0003d010       ??_E?$DrawAnyLine@NNHHNNEE@@UEAAPEAXI@Z 000000018003e010 f i insertShapeUtilsCore.obj
 0001:0003d050       ??_G?$DrawAnyLine@NNHHNNEH@@UEAAPEAXI@Z 000000018003e050 f i insertShapeUtilsCore.obj
 0001:0003d050       ??_E?$DrawAnyLine@NNHHNNEH@@UEAAPEAXI@Z 000000018003e050 f i insertShapeUtilsCore.obj
 0001:0003d090       ??_G?$DrawCircle@EEHHMMEEE@@UEAAPEAXI@Z 000000018003e090 f i insertShapeUtilsCore.obj
 0001:0003d090       ??_E?$DrawCircle@EEHHMMEEE@@UEAAPEAXI@Z 000000018003e090 f i insertShapeUtilsCore.obj
 0001:0003d0d0       ??_G?$DrawCircle@EEHHMMEEH@@UEAAPEAXI@Z 000000018003e0d0 f i insertShapeUtilsCore.obj
 0001:0003d0d0       ??_E?$DrawCircle@EEHHMMEEH@@UEAAPEAXI@Z 000000018003e0d0 f i insertShapeUtilsCore.obj
 0001:0003d110       ??_G?$DrawCircle@EEHHMMEHE@@UEAAPEAXI@Z 000000018003e110 f i insertShapeUtilsCore.obj
 0001:0003d110       ??_E?$DrawCircle@EEHHMMEHE@@UEAAPEAXI@Z 000000018003e110 f i insertShapeUtilsCore.obj
 0001:0003d150       ??_E?$DrawCircle@EEHHMMEHH@@UEAAPEAXI@Z 000000018003e150 f i insertShapeUtilsCore.obj
 0001:0003d150       ??_G?$DrawCircle@EEHHMMEHH@@UEAAPEAXI@Z 000000018003e150 f i insertShapeUtilsCore.obj
 0001:0003d190       ??_E?$DrawCircle@FFHHMMEEE@@UEAAPEAXI@Z 000000018003e190 f i insertShapeUtilsCore.obj
 0001:0003d190       ??_G?$DrawCircle@FFHHMMEEE@@UEAAPEAXI@Z 000000018003e190 f i insertShapeUtilsCore.obj
 0001:0003d1d0       ??_G?$DrawCircle@FFHHMMEEH@@UEAAPEAXI@Z 000000018003e1d0 f i insertShapeUtilsCore.obj
 0001:0003d1d0       ??_E?$DrawCircle@FFHHMMEEH@@UEAAPEAXI@Z 000000018003e1d0 f i insertShapeUtilsCore.obj
 0001:0003d210       ??_E?$DrawCircle@FFHHMMEHE@@UEAAPEAXI@Z 000000018003e210 f i insertShapeUtilsCore.obj
 0001:0003d210       ??_G?$DrawCircle@FFHHMMEHE@@UEAAPEAXI@Z 000000018003e210 f i insertShapeUtilsCore.obj
 0001:0003d250       ??_G?$DrawCircle@FFHHMMEHH@@UEAAPEAXI@Z 000000018003e250 f i insertShapeUtilsCore.obj
 0001:0003d250       ??_E?$DrawCircle@FFHHMMEHH@@UEAAPEAXI@Z 000000018003e250 f i insertShapeUtilsCore.obj
 0001:0003d290       ??_E?$DrawCircle@GGHHMMEEE@@UEAAPEAXI@Z 000000018003e290 f i insertShapeUtilsCore.obj
 0001:0003d290       ??_G?$DrawCircle@GGHHMMEEE@@UEAAPEAXI@Z 000000018003e290 f i insertShapeUtilsCore.obj
 0001:0003d2d0       ??_E?$DrawCircle@GGHHMMEEH@@UEAAPEAXI@Z 000000018003e2d0 f i insertShapeUtilsCore.obj
 0001:0003d2d0       ??_G?$DrawCircle@GGHHMMEEH@@UEAAPEAXI@Z 000000018003e2d0 f i insertShapeUtilsCore.obj
 0001:0003d310       ??_E?$DrawCircle@GGHHMMEHE@@UEAAPEAXI@Z 000000018003e310 f i insertShapeUtilsCore.obj
 0001:0003d310       ??_G?$DrawCircle@GGHHMMEHE@@UEAAPEAXI@Z 000000018003e310 f i insertShapeUtilsCore.obj
 0001:0003d350       ??_G?$DrawCircle@GGHHMMEHH@@UEAAPEAXI@Z 000000018003e350 f i insertShapeUtilsCore.obj
 0001:0003d350       ??_E?$DrawCircle@GGHHMMEHH@@UEAAPEAXI@Z 000000018003e350 f i insertShapeUtilsCore.obj
 0001:0003d390       ??_E?$DrawCircle@MMHHMMEEE@@UEAAPEAXI@Z 000000018003e390 f i insertShapeUtilsCore.obj
 0001:0003d390       ??_G?$DrawCircle@MMHHMMEEE@@UEAAPEAXI@Z 000000018003e390 f i insertShapeUtilsCore.obj
 0001:0003d3d0       ??_E?$DrawCircle@MMHHMMEEH@@UEAAPEAXI@Z 000000018003e3d0 f i insertShapeUtilsCore.obj
 0001:0003d3d0       ??_G?$DrawCircle@MMHHMMEEH@@UEAAPEAXI@Z 000000018003e3d0 f i insertShapeUtilsCore.obj
 0001:0003d410       ??_G?$DrawCircle@MMHHMMEHE@@UEAAPEAXI@Z 000000018003e410 f i insertShapeUtilsCore.obj
 0001:0003d410       ??_E?$DrawCircle@MMHHMMEHE@@UEAAPEAXI@Z 000000018003e410 f i insertShapeUtilsCore.obj
 0001:0003d450       ??_E?$DrawCircle@MMHHMMEHH@@UEAAPEAXI@Z 000000018003e450 f i insertShapeUtilsCore.obj
 0001:0003d450       ??_G?$DrawCircle@MMHHMMEHH@@UEAAPEAXI@Z 000000018003e450 f i insertShapeUtilsCore.obj
 0001:0003d490       ??_E?$DrawCircle@NNHHNNEEE@@UEAAPEAXI@Z 000000018003e490 f i insertShapeUtilsCore.obj
 0001:0003d490       ??_G?$DrawCircle@NNHHNNEEE@@UEAAPEAXI@Z 000000018003e490 f i insertShapeUtilsCore.obj
 0001:0003d4d0       ??_E?$DrawCircle@NNHHNNEEH@@UEAAPEAXI@Z 000000018003e4d0 f i insertShapeUtilsCore.obj
 0001:0003d4d0       ??_G?$DrawCircle@NNHHNNEEH@@UEAAPEAXI@Z 000000018003e4d0 f i insertShapeUtilsCore.obj
 0001:0003d510       ??_E?$DrawCircle@NNHHNNEHE@@UEAAPEAXI@Z 000000018003e510 f i insertShapeUtilsCore.obj
 0001:0003d510       ??_G?$DrawCircle@NNHHNNEHE@@UEAAPEAXI@Z 000000018003e510 f i insertShapeUtilsCore.obj
 0001:0003d550       ??_E?$DrawCircle@NNHHNNEHH@@UEAAPEAXI@Z 000000018003e550 f i insertShapeUtilsCore.obj
 0001:0003d550       ??_G?$DrawCircle@NNHHNNEHH@@UEAAPEAXI@Z 000000018003e550 f i insertShapeUtilsCore.obj
 0001:0003d590       ??_E?$DrawCircleAnySize@EEHHMMEEE@@UEAAPEAXI@Z 000000018003e590 f i insertShapeUtilsCore.obj
 0001:0003d590       ??_G?$DrawCircleAnySize@EEHHMMEEE@@UEAAPEAXI@Z 000000018003e590 f i insertShapeUtilsCore.obj
 0001:0003d5d0       ??_E?$DrawCircleAnySize@EEHHMMEEH@@UEAAPEAXI@Z 000000018003e5d0 f i insertShapeUtilsCore.obj
 0001:0003d5d0       ??_G?$DrawCircleAnySize@EEHHMMEEH@@UEAAPEAXI@Z 000000018003e5d0 f i insertShapeUtilsCore.obj
 0001:0003d610       ??_G?$DrawCircleAnySize@EEHHMMEHE@@UEAAPEAXI@Z 000000018003e610 f i insertShapeUtilsCore.obj
 0001:0003d610       ??_E?$DrawCircleAnySize@EEHHMMEHE@@UEAAPEAXI@Z 000000018003e610 f i insertShapeUtilsCore.obj
 0001:0003d650       ??_E?$DrawCircleAnySize@EEHHMMEHH@@UEAAPEAXI@Z 000000018003e650 f i insertShapeUtilsCore.obj
 0001:0003d650       ??_G?$DrawCircleAnySize@EEHHMMEHH@@UEAAPEAXI@Z 000000018003e650 f i insertShapeUtilsCore.obj
 0001:0003d690       ??_E?$DrawCircleAnySize@FFHHMMEEE@@UEAAPEAXI@Z 000000018003e690 f i insertShapeUtilsCore.obj
 0001:0003d690       ??_G?$DrawCircleAnySize@FFHHMMEEE@@UEAAPEAXI@Z 000000018003e690 f i insertShapeUtilsCore.obj
 0001:0003d6d0       ??_E?$DrawCircleAnySize@FFHHMMEEH@@UEAAPEAXI@Z 000000018003e6d0 f i insertShapeUtilsCore.obj
 0001:0003d6d0       ??_G?$DrawCircleAnySize@FFHHMMEEH@@UEAAPEAXI@Z 000000018003e6d0 f i insertShapeUtilsCore.obj
 0001:0003d710       ??_G?$DrawCircleAnySize@FFHHMMEHE@@UEAAPEAXI@Z 000000018003e710 f i insertShapeUtilsCore.obj
 0001:0003d710       ??_E?$DrawCircleAnySize@FFHHMMEHE@@UEAAPEAXI@Z 000000018003e710 f i insertShapeUtilsCore.obj
 0001:0003d750       ??_G?$DrawCircleAnySize@FFHHMMEHH@@UEAAPEAXI@Z 000000018003e750 f i insertShapeUtilsCore.obj
 0001:0003d750       ??_E?$DrawCircleAnySize@FFHHMMEHH@@UEAAPEAXI@Z 000000018003e750 f i insertShapeUtilsCore.obj
 0001:0003d790       ??_G?$DrawCircleAnySize@GGHHMMEEE@@UEAAPEAXI@Z 000000018003e790 f i insertShapeUtilsCore.obj
 0001:0003d790       ??_E?$DrawCircleAnySize@GGHHMMEEE@@UEAAPEAXI@Z 000000018003e790 f i insertShapeUtilsCore.obj
 0001:0003d7d0       ??_G?$DrawCircleAnySize@GGHHMMEEH@@UEAAPEAXI@Z 000000018003e7d0 f i insertShapeUtilsCore.obj
 0001:0003d7d0       ??_E?$DrawCircleAnySize@GGHHMMEEH@@UEAAPEAXI@Z 000000018003e7d0 f i insertShapeUtilsCore.obj
 0001:0003d810       ??_G?$DrawCircleAnySize@GGHHMMEHE@@UEAAPEAXI@Z 000000018003e810 f i insertShapeUtilsCore.obj
 0001:0003d810       ??_E?$DrawCircleAnySize@GGHHMMEHE@@UEAAPEAXI@Z 000000018003e810 f i insertShapeUtilsCore.obj
 0001:0003d850       ??_G?$DrawCircleAnySize@GGHHMMEHH@@UEAAPEAXI@Z 000000018003e850 f i insertShapeUtilsCore.obj
 0001:0003d850       ??_E?$DrawCircleAnySize@GGHHMMEHH@@UEAAPEAXI@Z 000000018003e850 f i insertShapeUtilsCore.obj
 0001:0003d890       ??_G?$DrawCircleAnySize@MMHHMMEEE@@UEAAPEAXI@Z 000000018003e890 f i insertShapeUtilsCore.obj
 0001:0003d890       ??_E?$DrawCircleAnySize@MMHHMMEEE@@UEAAPEAXI@Z 000000018003e890 f i insertShapeUtilsCore.obj
 0001:0003d8d0       ??_G?$DrawCircleAnySize@MMHHMMEEH@@UEAAPEAXI@Z 000000018003e8d0 f i insertShapeUtilsCore.obj
 0001:0003d8d0       ??_E?$DrawCircleAnySize@MMHHMMEEH@@UEAAPEAXI@Z 000000018003e8d0 f i insertShapeUtilsCore.obj
 0001:0003d910       ??_G?$DrawCircleAnySize@MMHHMMEHE@@UEAAPEAXI@Z 000000018003e910 f i insertShapeUtilsCore.obj
 0001:0003d910       ??_E?$DrawCircleAnySize@MMHHMMEHE@@UEAAPEAXI@Z 000000018003e910 f i insertShapeUtilsCore.obj
 0001:0003d950       ??_E?$DrawCircleAnySize@MMHHMMEHH@@UEAAPEAXI@Z 000000018003e950 f i insertShapeUtilsCore.obj
 0001:0003d950       ??_G?$DrawCircleAnySize@MMHHMMEHH@@UEAAPEAXI@Z 000000018003e950 f i insertShapeUtilsCore.obj
 0001:0003d990       ??_E?$DrawCircleAnySize@NNHHNNEEE@@UEAAPEAXI@Z 000000018003e990 f i insertShapeUtilsCore.obj
 0001:0003d990       ??_G?$DrawCircleAnySize@NNHHNNEEE@@UEAAPEAXI@Z 000000018003e990 f i insertShapeUtilsCore.obj
 0001:0003d9d0       ??_G?$DrawCircleAnySize@NNHHNNEEH@@UEAAPEAXI@Z 000000018003e9d0 f i insertShapeUtilsCore.obj
 0001:0003d9d0       ??_E?$DrawCircleAnySize@NNHHNNEEH@@UEAAPEAXI@Z 000000018003e9d0 f i insertShapeUtilsCore.obj
 0001:0003da10       ??_G?$DrawCircleAnySize@NNHHNNEHE@@UEAAPEAXI@Z 000000018003ea10 f i insertShapeUtilsCore.obj
 0001:0003da10       ??_E?$DrawCircleAnySize@NNHHNNEHE@@UEAAPEAXI@Z 000000018003ea10 f i insertShapeUtilsCore.obj
 0001:0003da50       ??_G?$DrawCircleAnySize@NNHHNNEHH@@UEAAPEAXI@Z 000000018003ea50 f i insertShapeUtilsCore.obj
 0001:0003da50       ??_E?$DrawCircleAnySize@NNHHNNEHH@@UEAAPEAXI@Z 000000018003ea50 f i insertShapeUtilsCore.obj
 0001:0003da90       ??_E?$DrawCommon@EEHHMMEE@@UEAAPEAXI@Z 000000018003ea90 f i insertShapeUtilsCore.obj
 0001:0003da90       ??_G?$DrawCommon@EEHHMMEE@@UEAAPEAXI@Z 000000018003ea90 f i insertShapeUtilsCore.obj
 0001:0003dad0       ??_G?$DrawCommon@EEHHMMEH@@UEAAPEAXI@Z 000000018003ead0 f i insertShapeUtilsCore.obj
 0001:0003dad0       ??_E?$DrawCommon@EEHHMMEH@@UEAAPEAXI@Z 000000018003ead0 f i insertShapeUtilsCore.obj
 0001:0003db10       ??_E?$DrawCommon@FFHHMMEE@@UEAAPEAXI@Z 000000018003eb10 f i insertShapeUtilsCore.obj
 0001:0003db10       ??_G?$DrawCommon@FFHHMMEE@@UEAAPEAXI@Z 000000018003eb10 f i insertShapeUtilsCore.obj
 0001:0003db50       ??_E?$DrawCommon@FFHHMMEH@@UEAAPEAXI@Z 000000018003eb50 f i insertShapeUtilsCore.obj
 0001:0003db50       ??_G?$DrawCommon@FFHHMMEH@@UEAAPEAXI@Z 000000018003eb50 f i insertShapeUtilsCore.obj
 0001:0003db90       ??_E?$DrawCommon@GGHHMMEE@@UEAAPEAXI@Z 000000018003eb90 f i insertShapeUtilsCore.obj
 0001:0003db90       ??_G?$DrawCommon@GGHHMMEE@@UEAAPEAXI@Z 000000018003eb90 f i insertShapeUtilsCore.obj
 0001:0003dbd0       ??_E?$DrawCommon@GGHHMMEH@@UEAAPEAXI@Z 000000018003ebd0 f i insertShapeUtilsCore.obj
 0001:0003dbd0       ??_G?$DrawCommon@GGHHMMEH@@UEAAPEAXI@Z 000000018003ebd0 f i insertShapeUtilsCore.obj
 0001:0003dc10       ??_G?$DrawCommon@MMHHMMEE@@UEAAPEAXI@Z 000000018003ec10 f i insertShapeUtilsCore.obj
 0001:0003dc10       ??_E?$DrawCommon@MMHHMMEE@@UEAAPEAXI@Z 000000018003ec10 f i insertShapeUtilsCore.obj
 0001:0003dc50       ??_G?$DrawCommon@MMHHMMEH@@UEAAPEAXI@Z 000000018003ec50 f i insertShapeUtilsCore.obj
 0001:0003dc50       ??_E?$DrawCommon@MMHHMMEH@@UEAAPEAXI@Z 000000018003ec50 f i insertShapeUtilsCore.obj
 0001:0003dc90       ??_E?$DrawCommon@NNHHNNEE@@UEAAPEAXI@Z 000000018003ec90 f i insertShapeUtilsCore.obj
 0001:0003dc90       ??_G?$DrawCommon@NNHHNNEE@@UEAAPEAXI@Z 000000018003ec90 f i insertShapeUtilsCore.obj
 0001:0003dcd0       ??_G?$DrawCommon@NNHHNNEH@@UEAAPEAXI@Z 000000018003ecd0 f i insertShapeUtilsCore.obj
 0001:0003dcd0       ??_E?$DrawCommon@NNHHNNEH@@UEAAPEAXI@Z 000000018003ecd0 f i insertShapeUtilsCore.obj
 0001:0003dd10       ??_E?$DrawFilledPolygon@EEHHMMEE@@UEAAPEAXI@Z 000000018003ed10 f i insertShapeUtilsCore.obj
 0001:0003dd10       ??_G?$DrawFilledPolygon@EEHHMMEE@@UEAAPEAXI@Z 000000018003ed10 f i insertShapeUtilsCore.obj
 0001:0003dd50       ??_E?$DrawFilledPolygon@EEHHMMEH@@UEAAPEAXI@Z 000000018003ed50 f i insertShapeUtilsCore.obj
 0001:0003dd50       ??_G?$DrawFilledPolygon@EEHHMMEH@@UEAAPEAXI@Z 000000018003ed50 f i insertShapeUtilsCore.obj
 0001:0003dd90       ??_E?$DrawFilledPolygon@FFHHMMEE@@UEAAPEAXI@Z 000000018003ed90 f i insertShapeUtilsCore.obj
 0001:0003dd90       ??_G?$DrawFilledPolygon@FFHHMMEE@@UEAAPEAXI@Z 000000018003ed90 f i insertShapeUtilsCore.obj
 0001:0003ddd0       ??_E?$DrawFilledPolygon@FFHHMMEH@@UEAAPEAXI@Z 000000018003edd0 f i insertShapeUtilsCore.obj
 0001:0003ddd0       ??_G?$DrawFilledPolygon@FFHHMMEH@@UEAAPEAXI@Z 000000018003edd0 f i insertShapeUtilsCore.obj
 0001:0003de10       ??_G?$DrawFilledPolygon@GGHHMMEE@@UEAAPEAXI@Z 000000018003ee10 f i insertShapeUtilsCore.obj
 0001:0003de10       ??_E?$DrawFilledPolygon@GGHHMMEE@@UEAAPEAXI@Z 000000018003ee10 f i insertShapeUtilsCore.obj
 0001:0003de50       ??_E?$DrawFilledPolygon@GGHHMMEH@@UEAAPEAXI@Z 000000018003ee50 f i insertShapeUtilsCore.obj
 0001:0003de50       ??_G?$DrawFilledPolygon@GGHHMMEH@@UEAAPEAXI@Z 000000018003ee50 f i insertShapeUtilsCore.obj
 0001:0003de90       ??_E?$DrawFilledPolygon@MMHHMMEE@@UEAAPEAXI@Z 000000018003ee90 f i insertShapeUtilsCore.obj
 0001:0003de90       ??_G?$DrawFilledPolygon@MMHHMMEE@@UEAAPEAXI@Z 000000018003ee90 f i insertShapeUtilsCore.obj
 0001:0003ded0       ??_G?$DrawFilledPolygon@MMHHMMEH@@UEAAPEAXI@Z 000000018003eed0 f i insertShapeUtilsCore.obj
 0001:0003ded0       ??_E?$DrawFilledPolygon@MMHHMMEH@@UEAAPEAXI@Z 000000018003eed0 f i insertShapeUtilsCore.obj
 0001:0003df10       ??_E?$DrawFilledPolygon@NNHHNNEE@@UEAAPEAXI@Z 000000018003ef10 f i insertShapeUtilsCore.obj
 0001:0003df10       ??_G?$DrawFilledPolygon@NNHHNNEE@@UEAAPEAXI@Z 000000018003ef10 f i insertShapeUtilsCore.obj
 0001:0003df50       ??_G?$DrawFilledPolygon@NNHHNNEH@@UEAAPEAXI@Z 000000018003ef50 f i insertShapeUtilsCore.obj
 0001:0003df50       ??_E?$DrawFilledPolygon@NNHHNNEH@@UEAAPEAXI@Z 000000018003ef50 f i insertShapeUtilsCore.obj
 0001:0003df90       ??_G?$DrawFilledRectangle@EEHHMME@@UEAAPEAXI@Z 000000018003ef90 f i insertShapeUtilsCore.obj
 0001:0003df90       ??_E?$DrawFilledRectangle@EEHHMME@@UEAAPEAXI@Z 000000018003ef90 f i insertShapeUtilsCore.obj
 0001:0003dfd0       ??_G?$DrawFilledRectangle@FFHHMME@@UEAAPEAXI@Z 000000018003efd0 f i insertShapeUtilsCore.obj
 0001:0003dfd0       ??_E?$DrawFilledRectangle@FFHHMME@@UEAAPEAXI@Z 000000018003efd0 f i insertShapeUtilsCore.obj
 0001:0003e010       ??_G?$DrawFilledRectangle@GGHHMME@@UEAAPEAXI@Z 000000018003f010 f i insertShapeUtilsCore.obj
 0001:0003e010       ??_E?$DrawFilledRectangle@GGHHMME@@UEAAPEAXI@Z 000000018003f010 f i insertShapeUtilsCore.obj
 0001:0003e050       ??_G?$DrawFilledRectangle@MMHHMME@@UEAAPEAXI@Z 000000018003f050 f i insertShapeUtilsCore.obj
 0001:0003e050       ??_E?$DrawFilledRectangle@MMHHMME@@UEAAPEAXI@Z 000000018003f050 f i insertShapeUtilsCore.obj
 0001:0003e090       ??_G?$DrawFilledRectangle@NNHHNNE@@UEAAPEAXI@Z 000000018003f090 f i insertShapeUtilsCore.obj
 0001:0003e090       ??_E?$DrawFilledRectangle@NNHHNNE@@UEAAPEAXI@Z 000000018003f090 f i insertShapeUtilsCore.obj
 0001:0003e0d0       ??_E?$DrawFilledRectangleAnySize@EEHHMME@@UEAAPEAXI@Z 000000018003f0d0 f i insertShapeUtilsCore.obj
 0001:0003e0d0       ??_G?$DrawFilledRectangleAnySize@EEHHMME@@UEAAPEAXI@Z 000000018003f0d0 f i insertShapeUtilsCore.obj
 0001:0003e110       ??_G?$DrawFilledRectangleAnySize@FFHHMME@@UEAAPEAXI@Z 000000018003f110 f i insertShapeUtilsCore.obj
 0001:0003e110       ??_E?$DrawFilledRectangleAnySize@FFHHMME@@UEAAPEAXI@Z 000000018003f110 f i insertShapeUtilsCore.obj
 0001:0003e150       ??_G?$DrawFilledRectangleAnySize@GGHHMME@@UEAAPEAXI@Z 000000018003f150 f i insertShapeUtilsCore.obj
 0001:0003e150       ??_E?$DrawFilledRectangleAnySize@GGHHMME@@UEAAPEAXI@Z 000000018003f150 f i insertShapeUtilsCore.obj
 0001:0003e190       ??_G?$DrawFilledRectangleAnySize@MMHHMME@@UEAAPEAXI@Z 000000018003f190 f i insertShapeUtilsCore.obj
 0001:0003e190       ??_E?$DrawFilledRectangleAnySize@MMHHMME@@UEAAPEAXI@Z 000000018003f190 f i insertShapeUtilsCore.obj
 0001:0003e1d0       ??_E?$DrawFilledRectangleAnySize@NNHHNNE@@UEAAPEAXI@Z 000000018003f1d0 f i insertShapeUtilsCore.obj
 0001:0003e1d0       ??_G?$DrawFilledRectangleAnySize@NNHHNNE@@UEAAPEAXI@Z 000000018003f1d0 f i insertShapeUtilsCore.obj
 0001:0003e210       ??_E?$DrawLine@EEHHMMEE@@UEAAPEAXI@Z 000000018003f210 f i insertShapeUtilsCore.obj
 0001:0003e210       ??_G?$DrawLine@EEHHMMEE@@UEAAPEAXI@Z 000000018003f210 f i insertShapeUtilsCore.obj
 0001:0003e250       ??_G?$DrawLine@EEHHMMEH@@UEAAPEAXI@Z 000000018003f250 f i insertShapeUtilsCore.obj
 0001:0003e250       ??_E?$DrawLine@EEHHMMEH@@UEAAPEAXI@Z 000000018003f250 f i insertShapeUtilsCore.obj
 0001:0003e290       ??_E?$DrawLine@FFHHMMEE@@UEAAPEAXI@Z 000000018003f290 f i insertShapeUtilsCore.obj
 0001:0003e290       ??_G?$DrawLine@FFHHMMEE@@UEAAPEAXI@Z 000000018003f290 f i insertShapeUtilsCore.obj
 0001:0003e2d0       ??_E?$DrawLine@FFHHMMEH@@UEAAPEAXI@Z 000000018003f2d0 f i insertShapeUtilsCore.obj
 0001:0003e2d0       ??_G?$DrawLine@FFHHMMEH@@UEAAPEAXI@Z 000000018003f2d0 f i insertShapeUtilsCore.obj
 0001:0003e310       ??_G?$DrawLine@GGHHMMEE@@UEAAPEAXI@Z 000000018003f310 f i insertShapeUtilsCore.obj
 0001:0003e310       ??_E?$DrawLine@GGHHMMEE@@UEAAPEAXI@Z 000000018003f310 f i insertShapeUtilsCore.obj
 0001:0003e350       ??_G?$DrawLine@GGHHMMEH@@UEAAPEAXI@Z 000000018003f350 f i insertShapeUtilsCore.obj
 0001:0003e350       ??_E?$DrawLine@GGHHMMEH@@UEAAPEAXI@Z 000000018003f350 f i insertShapeUtilsCore.obj
 0001:0003e390       ??_G?$DrawLine@MMHHMMEE@@UEAAPEAXI@Z 000000018003f390 f i insertShapeUtilsCore.obj
 0001:0003e390       ??_E?$DrawLine@MMHHMMEE@@UEAAPEAXI@Z 000000018003f390 f i insertShapeUtilsCore.obj
 0001:0003e3d0       ??_E?$DrawLine@MMHHMMEH@@UEAAPEAXI@Z 000000018003f3d0 f i insertShapeUtilsCore.obj
 0001:0003e3d0       ??_G?$DrawLine@MMHHMMEH@@UEAAPEAXI@Z 000000018003f3d0 f i insertShapeUtilsCore.obj
 0001:0003e410       ??_E?$DrawLine@NNHHNNEE@@UEAAPEAXI@Z 000000018003f410 f i insertShapeUtilsCore.obj
 0001:0003e410       ??_G?$DrawLine@NNHHNNEE@@UEAAPEAXI@Z 000000018003f410 f i insertShapeUtilsCore.obj
 0001:0003e450       ??_E?$DrawLine@NNHHNNEH@@UEAAPEAXI@Z 000000018003f450 f i insertShapeUtilsCore.obj
 0001:0003e450       ??_G?$DrawLine@NNHHNNEH@@UEAAPEAXI@Z 000000018003f450 f i insertShapeUtilsCore.obj
 0001:0003e490       ??_G?$DrawMarkerLine@EEHHMMEE@@UEAAPEAXI@Z 000000018003f490 f i insertShapeUtilsCore.obj
 0001:0003e490       ??_E?$DrawMarkerLine@EEHHMMEE@@UEAAPEAXI@Z 000000018003f490 f i insertShapeUtilsCore.obj
 0001:0003e4d0       ??_G?$DrawMarkerLine@FFHHMMEE@@UEAAPEAXI@Z 000000018003f4d0 f i insertShapeUtilsCore.obj
 0001:0003e4d0       ??_E?$DrawMarkerLine@FFHHMMEE@@UEAAPEAXI@Z 000000018003f4d0 f i insertShapeUtilsCore.obj
 0001:0003e510       ??_G?$DrawMarkerLine@GGHHMMEE@@UEAAPEAXI@Z 000000018003f510 f i insertShapeUtilsCore.obj
 0001:0003e510       ??_E?$DrawMarkerLine@GGHHMMEE@@UEAAPEAXI@Z 000000018003f510 f i insertShapeUtilsCore.obj
 0001:0003e550       ??_G?$DrawMarkerLine@MMHHMMEE@@UEAAPEAXI@Z 000000018003f550 f i insertShapeUtilsCore.obj
 0001:0003e550       ??_E?$DrawMarkerLine@MMHHMMEE@@UEAAPEAXI@Z 000000018003f550 f i insertShapeUtilsCore.obj
 0001:0003e590       ??_E?$DrawMarkerLine@NNHHNNEE@@UEAAPEAXI@Z 000000018003f590 f i insertShapeUtilsCore.obj
 0001:0003e590       ??_G?$DrawMarkerLine@NNHHNNEE@@UEAAPEAXI@Z 000000018003f590 f i insertShapeUtilsCore.obj
 0001:0003e5d0       ??_G?$DrawPolygon@EEHHMMEE@@UEAAPEAXI@Z 000000018003f5d0 f i insertShapeUtilsCore.obj
 0001:0003e5d0       ??_E?$DrawPolygon@EEHHMMEE@@UEAAPEAXI@Z 000000018003f5d0 f i insertShapeUtilsCore.obj
 0001:0003e610       ??_E?$DrawPolygon@EEHHMMEH@@UEAAPEAXI@Z 000000018003f610 f i insertShapeUtilsCore.obj
 0001:0003e610       ??_G?$DrawPolygon@EEHHMMEH@@UEAAPEAXI@Z 000000018003f610 f i insertShapeUtilsCore.obj
 0001:0003e650       ??_G?$DrawPolygon@FFHHMMEE@@UEAAPEAXI@Z 000000018003f650 f i insertShapeUtilsCore.obj
 0001:0003e650       ??_E?$DrawPolygon@FFHHMMEE@@UEAAPEAXI@Z 000000018003f650 f i insertShapeUtilsCore.obj
 0001:0003e690       ??_E?$DrawPolygon@FFHHMMEH@@UEAAPEAXI@Z 000000018003f690 f i insertShapeUtilsCore.obj
 0001:0003e690       ??_G?$DrawPolygon@FFHHMMEH@@UEAAPEAXI@Z 000000018003f690 f i insertShapeUtilsCore.obj
 0001:0003e6d0       ??_G?$DrawPolygon@GGHHMMEE@@UEAAPEAXI@Z 000000018003f6d0 f i insertShapeUtilsCore.obj
 0001:0003e6d0       ??_E?$DrawPolygon@GGHHMMEE@@UEAAPEAXI@Z 000000018003f6d0 f i insertShapeUtilsCore.obj
 0001:0003e710       ??_E?$DrawPolygon@GGHHMMEH@@UEAAPEAXI@Z 000000018003f710 f i insertShapeUtilsCore.obj
 0001:0003e710       ??_G?$DrawPolygon@GGHHMMEH@@UEAAPEAXI@Z 000000018003f710 f i insertShapeUtilsCore.obj
 0001:0003e750       ??_E?$DrawPolygon@MMHHMMEE@@UEAAPEAXI@Z 000000018003f750 f i insertShapeUtilsCore.obj
 0001:0003e750       ??_G?$DrawPolygon@MMHHMMEE@@UEAAPEAXI@Z 000000018003f750 f i insertShapeUtilsCore.obj
 0001:0003e790       ??_G?$DrawPolygon@MMHHMMEH@@UEAAPEAXI@Z 000000018003f790 f i insertShapeUtilsCore.obj
 0001:0003e790       ??_E?$DrawPolygon@MMHHMMEH@@UEAAPEAXI@Z 000000018003f790 f i insertShapeUtilsCore.obj
 0001:0003e7d0       ??_G?$DrawPolygon@NNHHNNEE@@UEAAPEAXI@Z 000000018003f7d0 f i insertShapeUtilsCore.obj
 0001:0003e7d0       ??_E?$DrawPolygon@NNHHNNEE@@UEAAPEAXI@Z 000000018003f7d0 f i insertShapeUtilsCore.obj
 0001:0003e810       ??_G?$DrawPolygon@NNHHNNEH@@UEAAPEAXI@Z 000000018003f810 f i insertShapeUtilsCore.obj
 0001:0003e810       ??_E?$DrawPolygon@NNHHNNEH@@UEAAPEAXI@Z 000000018003f810 f i insertShapeUtilsCore.obj
 0001:0003e850       ??_G?$DrawRectangleAnySize@EEHHMME@@UEAAPEAXI@Z 000000018003f850 f i insertShapeUtilsCore.obj
 0001:0003e850       ??_E?$DrawRectangleAnySize@EEHHMME@@UEAAPEAXI@Z 000000018003f850 f i insertShapeUtilsCore.obj
 0001:0003e890       ??_E?$DrawRectangleAnySize@FFHHMME@@UEAAPEAXI@Z 000000018003f890 f i insertShapeUtilsCore.obj
 0001:0003e890       ??_G?$DrawRectangleAnySize@FFHHMME@@UEAAPEAXI@Z 000000018003f890 f i insertShapeUtilsCore.obj
 0001:0003e8d0       ??_E?$DrawRectangleAnySize@GGHHMME@@UEAAPEAXI@Z 000000018003f8d0 f i insertShapeUtilsCore.obj
 0001:0003e8d0       ??_G?$DrawRectangleAnySize@GGHHMME@@UEAAPEAXI@Z 000000018003f8d0 f i insertShapeUtilsCore.obj
 0001:0003e910       ??_G?$DrawRectangleAnySize@MMHHMME@@UEAAPEAXI@Z 000000018003f910 f i insertShapeUtilsCore.obj
 0001:0003e910       ??_E?$DrawRectangleAnySize@MMHHMME@@UEAAPEAXI@Z 000000018003f910 f i insertShapeUtilsCore.obj
 0001:0003e950       ??_G?$DrawRectangleAnySize@NNHHNNE@@UEAAPEAXI@Z 000000018003f950 f i insertShapeUtilsCore.obj
[...]
 0004:00003738       $pdata$capture_previous_context 000000018009c738     MSVCRT:gs_report.obj
 0004:00003744       $pdata$__GSHandlerCheck    000000018009c744     MSVCRT:gshandler.obj
 0004:00003750       $pdata$__GSHandlerCheckCommon 000000018009c750     MSVCRT:gshandler.obj
 0004:00003768       $pdata$??2@YAPEAX_K@Z      000000018009c768     MSVCRT:new_scalar.obj
 0004:00003774       $pdata$??_Gtype_info@@UEAAPEAXI@Z 000000018009c774     MSVCRT:std_type_info_static.obj
 0004:00003780       $pdata$?dllmain_crt_dispatch@@YAHQEAUHINSTANCE__@@KQEAX@Z 000000018009c780     MSVCRT:dll_dllmain.obj
 0004:0000378c       $pdata$?dllmain_crt_process_attach@@YAHQEAUHINSTANCE__@@QEAX@Z 000000018009c78c     MSVCRT:dll_dllmain.obj
 0004:00003798       $pdata$?dllmain_crt_process_detach@@YAH_N@Z 000000018009c798     MSVCRT:dll_dllmain.obj
 0004:000037a4       $pdata$?dllmain_dispatch@@YAHQEAUHINSTANCE__@@KQEAX@Z 000000018009c7a4     MSVCRT:dll_dllmain.obj
 0004:000037b0       $pdata$_DllMainCRTStartup  000000018009c7b0     MSVCRT:dll_dllmain.obj
 0004:000037bc       $pdata$??0bad_alloc@std@@QEAA@AEBV01@@Z 000000018009c7bc     MSVCRT:throw_bad_alloc.obj
 0004:000037c8       $pdata$??0bad_array_new_length@std@@QEAA@AEBV01@@Z 000000018009c7c8     MSVCRT:throw_bad_alloc.obj
 0004:000037d4       $pdata$??0exception@std@@QEAA@AEBV01@@Z 000000018009c7d4     MSVCRT:throw_bad_alloc.obj
 0004:000037e0       $pdata$??_Gbad_alloc@std@@UEAAPEAXI@Z 000000018009c7e0     MSVCRT:throw_bad_alloc.obj
 0004:000037ec       $pdata$??_Gbad_array_new_length@std@@UEAAPEAXI@Z 000000018009c7ec     MSVCRT:throw_bad_alloc.obj
 0004:000037f8       $pdata$??_Gexception@std@@UEAAPEAXI@Z 000000018009c7f8     MSVCRT:throw_bad_alloc.obj
 0004:00003804       $pdata$?__scrt_throw_std_bad_alloc@@YAXXZ 000000018009c804     MSVCRT:throw_bad_alloc.obj
 0004:00003810       $pdata$?__scrt_throw_std_bad_array_new_length@@YAXXZ 000000018009c810     MSVCRT:throw_bad_alloc.obj
 0004:0000381c       $pdata$__get_entropy       000000018009c81c     MSVCRT:gs_support.obj
 0004:00003828       $pdata$__security_init_cookie 000000018009c828     MSVCRT:gs_support.obj
 0004:00003834       $pdata$DllMain             000000018009c834     MSVCRT:dll_dllmain_stub.obj
 0004:00003840       $pdata$__scrt_initialize_default_local_stdio_options 000000018009c840     MSVCRT:default_local_stdio_options.obj
 0004:0000384c       $pdata$?configure_argv@__scrt_narrow_argv_policy@@SAHXZ 000000018009c84c     MSVCRT:utility.obj
 0004:00003858       $pdata$__scrt_acquire_startup_lock 000000018009c858     MSVCRT:utility.obj
 0004:00003864       $pdata$__scrt_dllmain_after_initialize_c 000000018009c864     MSVCRT:utility.obj
 0004:00003870       $pdata$__scrt_dllmain_before_initialize_c 000000018009c870     MSVCRT:utility.obj
 0004:0000387c       $pdata$__scrt_dllmain_crt_thread_attach 000000018009c87c     MSVCRT:utility.obj
 0004:00003888       $pdata$__scrt_dllmain_crt_thread_detach 000000018009c888     MSVCRT:utility.obj
 0004:00003894       $pdata$__scrt_dllmain_exception_filter 000000018009c894     MSVCRT:utility.obj
 0004:000038a0       $pdata$__scrt_dllmain_uninitialize_c 000000018009c8a0     MSVCRT:utility.obj
 0004:000038ac       $pdata$__scrt_dllmain_uninitialize_critical 000000018009c8ac     MSVCRT:utility.obj
 0004:000038b8       $pdata$__scrt_initialize_crt 000000018009c8b8     MSVCRT:utility.obj
 0004:000038c4       $pdata$__scrt_initialize_onexit_tables 000000018009c8c4     MSVCRT:utility.obj
 0004:000038d0       $pdata$__scrt_is_nonwritable_in_current_image 000000018009c8d0     MSVCRT:utility.obj
 0004:000038dc       $pdata$__scrt_release_startup_lock 000000018009c8dc     MSVCRT:utility.obj
 0004:000038e8       $pdata$__scrt_uninitialize_crt 000000018009c8e8     MSVCRT:utility.obj
 0004:000038f4       $pdata$_onexit             000000018009c8f4     MSVCRT:utility.obj
 0004:00003900       $pdata$atexit              000000018009c900     MSVCRT:utility.obj
 0004:0000390c       $pdata$__scrt_fastfail     000000018009c90c     MSVCRT:utility_desktop.obj
 0004:00003918       $pdata$__scrt_get_show_window_mode 000000018009c918     MSVCRT:utility_desktop.obj
 0004:00003924       $pdata$__scrt_is_managed_app 000000018009c924     MSVCRT:utility_desktop.obj
 0004:00003930       $pdata$__scrt_unhandled_exception_filter 000000018009c930     MSVCRT:utility_desktop.obj
 0004:0000393c       $pdata$_RTC_Initialize     000000018009c93c     MSVCRT:initsect.obj
 0004:00003948       $pdata$_RTC_Terminate      000000018009c948     MSVCRT:initsect.obj
 0004:00003954       $pdata$__isa_available_init 000000018009c954     MSVCRT:cpu_disp.obj
 0004:0000396c       $pdata$?dtor$0@?0???$InstantiateShape@EEHHMM@@YAPEAVDrawBase@@PEAEPEAH0PEAM1HEHHHH1HEE011@Z@4HA 000000018009c96c     insertShapeUtilsCore.obj
 0004:00003978       $pdata$?dtor$1@?0???$InstantiateShape@EEHHMM@@YAPEAVDrawBase@@PEAEPEAH0PEAM1HEHHHH1HEE011@Z@4HA 000000018009c978     insertShapeUtilsCore.obj
 0004:00003984       $pdata$?dtor$2@?0???$InstantiateShape@EEHHMM@@YAPEAVDrawBase@@PEAEPEAH0PEAM1HEHHHH1HEE011@Z@4HA 000000018009c984     insertShapeUtilsCore.obj
 0004:00003990       $pdata$?dtor$3@?0???$InstantiateShape@EEHHMM@@YAPEAVDrawBase@@PEAEPEAH0PEAM1HEHHHH1HEE011@Z@4HA 000000018009c990     insertShapeUtilsCore.obj
 0004:0000399c       $pdata$?dtor$4@?0???$InstantiateShape@EEHHMM@@YAPEAVDrawBase@@PEAEPEAH0PEAM1HEHHHH1HEE011@Z@4HA 000000018009c99c     insertShapeUtilsCore.obj
 0004:000039a8       $pdata$?dtor$5@?0???$InstantiateShape@EEHHMM@@YAPEAVDrawBase@@PEAEPEAH0PEAM1HEHHHH1HEE011@Z@4HA 000000018009c9a8     insertShapeUtilsCore.obj
 0004:000039b4       $pdata$?dtor$6@?0???$InstantiateShape@EEHHMM@@YAPEAVDrawBase@@PEAEPEAH0PEAM1HEHHHH1HEE011@Z@4HA 000000018009c9b4     insertShapeUtilsCore.obj
 0004:000039c0       $pdata$?dtor$7@?0???$InstantiateShape@EEHHMM@@YAPEAVDrawBase@@PEAEPEAH0PEAM1HEHHHH1HEE011@Z@4HA 000000018009c9c0     insertShapeUtilsCore.obj
 0004:000039cc       $pdata$?dtor$8@?0???$InstantiateShape@EEHHMM@@YAPEAVDrawBase@@PEAEPEAH0PEAM1HEHHHH1HEE011@Z@4HA 000000018009c9cc     insertShapeUtilsCore.obj
 0004:000039d8       $pdata$?dtor$9@?0???$InstantiateShape@EEHHMM@@YAPEAVDrawBase@@PEAEPEAH0PEAM1HEHHHH1HEE011@Z@4HA 000000018009c9d8     insertShapeUtilsCore.obj
 0004:000039e4       $pdata$?dtor$10@?0???$InstantiateShape@EEHHMM@@YAPEAVDrawBase@@PEAEPEAH0PEAM1HEHHHH1HEE011@Z@4HA 000000018009c9e4     insertShapeUtilsCore.obj
 0004:000039f0       $pdata$?dtor$11@?0???$InstantiateShape@EEHHMM@@YAPEAVDrawBase@@PEAEPEAH0PEAM1HEHHHH1HEE011@Z@4HA 000000018009c9f0     insertShapeUtilsCore.obj
 0004:000039fc       $pdata$?dtor$12@?0???$InstantiateShape@EEHHMM@@YAPEAVDrawBase@@PEAEPEAH0PEAM1HEHHHH1HEE011@Z@4HA 000000018009c9fc     insertShapeUtilsCore.obj
 0004:00003a08       $pdata$?dtor$13@?0???$InstantiateShape@EEHHMM@@YAPEAVDrawBase@@PEAEPEAH0PEAM1HEHHHH1HEE011@Z@4HA 000000018009ca08     insertShapeUtilsCore.obj
 0004:00003a14       $pdata$?dtor$14@?0???$InstantiateShape@EEHHMM@@YAPEAVDrawBase@@PEAEPEAH0PEAM1HEHHHH1HEE011@Z@4HA 000000018009ca14     insertShapeUtilsCore.obj
 0004:00003a20       $pdata$?dtor$15@?0???$InstantiateShape@EEHHMM@@YAPEAVDrawBase@@PEAEPEAH0PEAM1HEHHHH1HEE011@Z@4HA 000000018009ca20     insertShapeUtilsCore.obj
 0004:00003a2c       $pdata$?dtor$0@?0???$InstantiateShape@FFHHMM@@YAPEAVDrawBase@@PEAFPEAH0PEAM1HEHHHH1HEEPEAE11@Z@4HA 000000018009ca2c     insertShapeUtilsCore.obj
 0004:00003a38       $pdata$?dtor$1@?0???$InstantiateShape@FFHHMM@@YAPEAVDrawBase@@PEAFPEAH0PEAM1HEHHHH1HEEPEAE11@Z@4HA 000000018009ca38     insertShapeUtilsCore.obj
 0004:00003a44       $pdata$?dtor$2@?0???$InstantiateShape@FFHHMM@@YAPEAVDrawBase@@PEAFPEAH0PEAM1HEHHHH1HEEPEAE11@Z@4HA 000000018009ca44     insertShapeUtilsCore.obj
 0004:00003a50       $pdata$?dtor$3@?0???$InstantiateShape@FFHHMM@@YAPEAVDrawBase@@PEAFPEAH0PEAM1HEHHHH1HEEPEAE11@Z@4HA 000000018009ca50     insertShapeUtilsCore.obj
 0004:00003a5c       $pdata$?dtor$4@?0???$InstantiateShape@FFHHMM@@YAPEAVDrawBase@@PEAFPEAH0PEAM1HEHHHH1HEEPEAE11@Z@4HA 000000018009ca5c     insertShapeUtilsCore.obj
 0004:00003a68       $pdata$?dtor$5@?0???$InstantiateShape@FFHHMM@@YAPEAVDrawBase@@PEAFPEAH0PEAM1HEHHHH1HEEPEAE11@Z@4HA 000000018009ca68     insertShapeUtilsCore.obj
 0004:00003a74       $pdata$?dtor$6@?0???$InstantiateShape@FFHHMM@@YAPEAVDrawBase@@PEAFPEAH0PEAM1HEHHHH1HEEPEAE11@Z@4HA 000000018009ca74     insertShapeUtilsCore.obj
 0004:00003a80       $pdata$?dtor$7@?0???$InstantiateShape@FFHHMM@@YAPEAVDrawBase@@PEAFPEAH0PEAM1HEHHHH1HEEPEAE11@Z@4HA 000000018009ca80     insertShapeUtilsCore.obj
 0004:00003a8c       $pdata$?dtor$8@?0???$InstantiateShape@FFHHMM@@YAPEAVDrawBase@@PEAFPEAH0PEAM1HEHHHH1HEEPEAE11@Z@4HA 000000018009ca8c     insertShapeUtilsCore.obj
 0004:00003a98       $pdata$?dtor$9@?0???$InstantiateShape@FFHHMM@@YAPEAVDrawBase@@PEAFPEAH0PEAM1HEHHHH1HEEPEAE11@Z@4HA 000000018009ca98     insertShapeUtilsCore.obj
 0004:00003aa4       $pdata$?dtor$10@?0???$InstantiateShape@FFHHMM@@YAPEAVDrawBase@@PEAFPEAH0PEAM1HEHHHH1HEEPEAE11@Z@4HA 000000018009caa4     insertShapeUtilsCore.obj
 0004:00003ab0       $pdata$?dtor$11@?0???$InstantiateShape@FFHHMM@@YAPEAVDrawBase@@PEAFPEAH0PEAM1HEHHHH1HEEPEAE11@Z@4HA 000000018009cab0     insertShapeUtilsCore.obj
 0004:00003abc       $pdata$?dtor$12@?0???$InstantiateShape@FFHHMM@@YAPEAVDrawBase@@PEAFPEAH0PEAM1HEHHHH1HEEPEAE11@Z@4HA 000000018009cabc     insertShapeUtilsCore.obj
 0004:00003ac8       $pdata$?dtor$13@?0???$InstantiateShape@FFHHMM@@YAPEAVDrawBase@@PEAFPEAH0PEAM1HEHHHH1HEEPEAE11@Z@4HA 000000018009cac8     insertShapeUtilsCore.obj
 0004:00003ad4       $pdata$?dtor$14@?0???$InstantiateShape@FFHHMM@@YAPEAVDrawBase@@PEAFPEAH0PEAM1HEHHHH1HEEPEAE11@Z@4HA 000000018009cad4     insertShapeUtilsCore.obj
 0004:00003ae0       $pdata$?dtor$15@?0???$InstantiateShape@FFHHMM@@YAPEAVDrawBase@@PEAFPEAH0PEAM1HEHHHH1HEEPEAE11@Z@4HA 000000018009cae0     insertShapeUtilsCore.obj
 0004:00003aec       $pdata$?dtor$0@?0???$InstantiateShape@GGHHMM@@YAPEAVDrawBase@@PEAGPEAH0PEAM1HEHHHH1HEEPEAE11@Z@4HA 000000018009caec     insertShapeUtilsCore.obj
 0004:00003af8       $pdata$?dtor$1@?0???$InstantiateShape@GGHHMM@@YAPEAVDrawBase@@PEAGPEAH0PEAM1HEHHHH1HEEPEAE11@Z@4HA 000000018009caf8     insertShapeUtilsCore.obj
 0004:00003b04       $pdata$?dtor$2@?0???$InstantiateShape@GGHHMM@@YAPEAVDrawBase@@PEAGPEAH0PEAM1HEHHHH1HEEPEAE11@Z@4HA 000000018009cb04     insertShapeUtilsCore.obj
 0004:00003b10       $pdata$?dtor$3@?0???$InstantiateShape@GGHHMM@@YAPEAVDrawBase@@PEAGPEAH0PEAM1HEHHHH1HEEPEAE11@Z@4HA 000000018009cb10     insertShapeUtilsCore.obj
 0004:00003b1c       $pdata$?dtor$4@?0???$InstantiateShape@GGHHMM@@YAPEAVDrawBase@@PEAGPEAH0PEAM1HEHHHH1HEEPEAE11@Z@4HA 000000018009cb1c     insertShapeUtilsCore.obj
 0004:00003b28       $pdata$?dtor$5@?0???$InstantiateShape@GGHHMM@@YAPEAVDrawBase@@PEAGPEAH0PEAM1HEHHHH1HEEPEAE11@Z@4HA 000000018009cb28     insertShapeUtilsCore.obj
 0004:00003b34       $pdata$?dtor$6@?0???$InstantiateShape@GGHHMM@@YAPEAVDrawBase@@PEAGPEAH0PEAM1HEHHHH1HEEPEAE11@Z@4HA 000000018009cb34     insertShapeUtilsCore.obj
 0004:00003b40       $pdata$?dtor$7@?0???$InstantiateShape@GGHHMM@@YAPEAVDrawBase@@PEAGPEAH0PEAM1HEHHHH1HEEPEAE11@Z@4HA 000000018009cb40     insertShapeUtilsCore.obj
 0004:00003b4c       $pdata$?dtor$8@?0???$InstantiateShape@GGHHMM@@YAPEAVDrawBase@@PEAGPEAH0PEAM1HEHHHH1HEEPEAE11@Z@4HA 000000018009cb4c     insertShapeUtilsCore.obj
 0004:00003b58       $pdata$?dtor$9@?0???$InstantiateShape@GGHHMM@@YAPEAVDrawBase@@PEAGPEAH0PEAM1HEHHHH1HEEPEAE11@Z@4HA 000000018009cb58     insertShapeUtilsCore.obj
 0004:00003b64       $pdata$?dtor$10@?0???$InstantiateShape@GGHHMM@@YAPEAVDrawBase@@PEAGPEAH0PEAM1HEHHHH1HEEPEAE11@Z@4HA 000000018009cb64     insertShapeUtilsCore.obj
 0004:00003b70       $pdata$?dtor$11@?0???$InstantiateShape@GGHHMM@@YAPEAVDrawBase@@PEAGPEAH0PEAM1HEHHHH1HEEPEAE11@Z@4HA 000000018009cb70     insertShapeUtilsCore.obj
 0004:00003b7c       $pdata$?dtor$12@?0???$InstantiateShape@GGHHMM@@YAPEAVDrawBase@@PEAGPEAH0PEAM1HEHHHH1HEEPEAE11@Z@4HA 000000018009cb7c     insertShapeUtilsCore.obj
 0004:00003b88       $pdata$?dtor$13@?0???$InstantiateShape@GGHHMM@@YAPEAVDrawBase@@PEAGPEAH0PEAM1HEHHHH1HEEPEAE11@Z@4HA 000000018009cb88     insertShapeUtilsCore.obj
 0004:00003b94       $pdata$?dtor$14@?0???$InstantiateShape@GGHHMM@@YAPEAVDrawBase@@PEAGPEAH0PEAM1HEHHHH1HEEPEAE11@Z@4HA 000000018009cb94     insertShapeUtilsCore.obj
 0004:00003ba0       $pdata$?dtor$15@?0???$InstantiateShape@GGHHMM@@YAPEAVDrawBase@@PEAGPEAH0PEAM1HEHHHH1HEEPEAE11@Z@4HA 000000018009cba0     insertShapeUtilsCore.obj
 0004:00003bac       $pdata$?dtor$0@?0???$InstantiateShape@MMHHMM@@YAPEAVDrawBase@@PEAMPEAH001HEHHHH1HEEPEAE11@Z@4HA 000000018009cbac     insertShapeUtilsCore.obj
 0004:00003bb8       $pdata$?dtor$1@?0???$InstantiateShape@MMHHMM@@YAPEAVDrawBase@@PEAMPEAH001HEHHHH1HEEPEAE11@Z@4HA 000000018009cbb8     insertShapeUtilsCore.obj
 0004:00003bc4       $pdata$?dtor$2@?0???$InstantiateShape@MMHHMM@@YAPEAVDrawBase@@PEAMPEAH001HEHHHH1HEEPEAE11@Z@4HA 000000018009cbc4     insertShapeUtilsCore.obj
 0004:00003bd0       $pdata$?dtor$3@?0???$InstantiateShape@MMHHMM@@YAPEAVDrawBase@@PEAMPEAH001HEHHHH1HEEPEAE11@Z@4HA 000000018009cbd0     insertShapeUtilsCore.obj
 0004:00003bdc       $pdata$?dtor$4@?0???$InstantiateShape@MMHHMM@@YAPEAVDrawBase@@PEAMPEAH001HEHHHH1HEEPEAE11@Z@4HA 000000018009cbdc     insertShapeUtilsCore.obj
 0004:00003be8       $pdata$?dtor$5@?0???$InstantiateShape@MMHHMM@@YAPEAVDrawBase@@PEAMPEAH001HEHHHH1HEEPEAE11@Z@4HA 000000018009cbe8     insertShapeUtilsCore.obj
 0004:00003bf4       $pdata$?dtor$6@?0???$InstantiateShape@MMHHMM@@YAPEAVDrawBase@@PEAMPEAH001HEHHHH1HEEPEAE11@Z@4HA 000000018009cbf4     insertShapeUtilsCore.obj
 0004:00003c00       $pdata$?dtor$7@?0???$InstantiateShape@MMHHMM@@YAPEAVDrawBase@@PEAMPEAH001HEHHHH1HEEPEAE11@Z@4HA 000000018009cc00     insertShapeUtilsCore.obj
 0004:00003c0c       $pdata$?dtor$8@?0???$InstantiateShape@MMHHMM@@YAPEAVDrawBase@@PEAMPEAH001HEHHHH1HEEPEAE11@Z@4HA 000000018009cc0c     insertShapeUtilsCore.obj
 0004:00003c18       $pdata$?dtor$9@?0???$InstantiateShape@MMHHMM@@YAPEAVDrawBase@@PEAMPEAH001HEHHHH1HEEPEAE11@Z@4HA 000000018009cc18     insertShapeUtilsCore.obj
 0004:00003c24       $pdata$?dtor$10@?0???$InstantiateShape@MMHHMM@@YAPEAVDrawBase@@PEAMPEAH001HEHHHH1HEEPEAE11@Z@4HA 000000018009cc24     insertShapeUtilsCore.obj
 0004:00003c30       $pdata$?dtor$11@?0???$InstantiateShape@MMHHMM@@YAPEAVDrawBase@@PEAMPEAH001HEHHHH1HEEPEAE11@Z@4HA 000000018009cc30     insertShapeUtilsCore.obj
 0004:00003c3c       $pdata$?dtor$12@?0???$InstantiateShape@MMHHMM@@YAPEAVDrawBase@@PEAMPEAH001HEHHHH1HEEPEAE11@Z@4HA 000000018009cc3c     insertShapeUtilsCore.obj
 0004:00003c48       $pdata$?dtor$13@?0???$InstantiateShape@MMHHMM@@YAPEAVDrawBase@@PEAMPEAH001HEHHHH1HEEPEAE11@Z@4HA 000000018009cc48     insertShapeUtilsCore.obj
 0004:00003c54       $pdata$?dtor$14@?0???$InstantiateShape@MMHHMM@@YAPEAVDrawBase@@PEAMPEAH001HEHHHH1HEEPEAE11@Z@4HA 000000018009cc54     insertShapeUtilsCore.obj
 0004:00003c60       $pdata$?dtor$15@?0???$InstantiateShape@MMHHMM@@YAPEAVDrawBase@@PEAMPEAH001HEHHHH1HEEPEAE11@Z@4HA 000000018009cc60     insertShapeUtilsCore.obj
 0004:00003c6c       $pdata$?dtor$0@?0???$InstantiateShape@NNHHNN@@YAPEAVDrawBase@@PEANPEAH001HEHHHH1HEEPEAE11@Z@4HA 000000018009cc6c     insertShapeUtilsCore.obj
 0004:00003c78       $pdata$?dtor$1@?0???$InstantiateShape@NNHHNN@@YAPEAVDrawBase@@PEANPEAH001HEHHHH1HEEPEAE11@Z@4HA 000000018009cc78     insertShapeUtilsCore.obj
 0004:00003c84       $pdata$?dtor$2@?0???$InstantiateShape@NNHHNN@@YAPEAVDrawBase@@PEANPEAH001HEHHHH1HEEPEAE11@Z@4HA 000000018009cc84     insertShapeUtilsCore.obj
 0004:00003c90       $pdata$?dtor$3@?0???$InstantiateShape@NNHHNN@@YAPEAVDrawBase@@PEANPEAH001HEHHHH1HEEPEAE11@Z@4HA 000000018009cc90     insertShapeUtilsCore.obj
 0004:00003c9c       $pdata$?dtor$4@?0???$InstantiateShape@NNHHNN@@YAPEAVDrawBase@@PEANPEAH001HEHHHH1HEEPEAE11@Z@4HA 000000018009cc9c     insertShapeUtilsCore.obj
 0004:00003ca8       $pdata$?dtor$5@?0???$InstantiateShape@NNHHNN@@YAPEAVDrawBase@@PEANPEAH001HEHHHH1HEEPEAE11@Z@4HA 000000018009cca8     insertShapeUtilsCore.obj
 0004:00003cb4       $pdata$?dtor$6@?0???$InstantiateShape@NNHHNN@@YAPEAVDrawBase@@PEANPEAH001HEHHHH1HEEPEAE11@Z@4HA 000000018009ccb4     insertShapeUtilsCore.obj
 0004:00003cc0       $pdata$?dtor$7@?0???$InstantiateShape@NNHHNN@@YAPEAVDrawBase@@PEANPEAH001HEHHHH1HEEPEAE11@Z@4HA 000000018009ccc0     insertShapeUtilsCore.obj
 0004:00003ccc       $pdata$?dtor$8@?0???$InstantiateShape@NNHHNN@@YAPEAVDrawBase@@PEANPEAH001HEHHHH1HEEPEAE11@Z@4HA 000000018009cccc     insertShapeUtilsCore.obj
 0004:00003cd8       $pdata$?dtor$9@?0???$InstantiateShape@NNHHNN@@YAPEAVDrawBase@@PEANPEAH001HEHHHH1HEEPEAE11@Z@4HA 000000018009ccd8     insertShapeUtilsCore.obj
 0004:00003ce4       $pdata$?dtor$10@?0???$InstantiateShape@NNHHNN@@YAPEAVDrawBase@@PEANPEAH001HEHHHH1HEEPEAE11@Z@4HA 000000018009cce4     insertShapeUtilsCore.obj
 0004:00003cf0       $pdata$?dtor$11@?0???$InstantiateShape@NNHHNN@@YAPEAVDrawBase@@PEANPEAH001HEHHHH1HEEPEAE11@Z@4HA 000000018009ccf0     insertShapeUtilsCore.obj
 0004:00003cfc       $pdata$?dtor$12@?0???$InstantiateShape@NNHHNN@@YAPEAVDrawBase@@PEANPEAH001HEHHHH1HEEPEAE11@Z@4HA 000000018009ccfc     insertShapeUtilsCore.obj
 0004:00003d08       $pdata$?dtor$13@?0???$InstantiateShape@NNHHNN@@YAPEAVDrawBase@@PEANPEAH001HEHHHH1HEEPEAE11@Z@4HA 000000018009cd08     insertShapeUtilsCore.obj
 0004:00003d14       $pdata$?dtor$14@?0???$InstantiateShape@NNHHNN@@YAPEAVDrawBase@@PEANPEAH001HEHHHH1HEEPEAE11@Z@4HA 000000018009cd14     insertShapeUtilsCore.obj
 0004:00003d20       $pdata$?dtor$15@?0???$InstantiateShape@NNHHNN@@YAPEAVDrawBase@@PEANPEAH001HEHHHH1HEEPEAE11@Z@4HA 000000018009cd20     insertShapeUtilsCore.obj
 0004:00003d2c       $pdata$?dtor$0@?0???0?$DrawCommon@EEHHMMEE@@QEAA@PEAE00HHH0HPEAHHH1EEEPEAMH002@Z@4HA 000000018009cd2c     insertShapeUtilsCore.obj
 0004:00003d38       $pdata$?dtor$0@?0???0?$DrawCommon@EEHHMMEH@@QEAA@PEAE00HHH0HPEAHHH1EEEPEAMH002@Z@4HA 000000018009cd38     insertShapeUtilsCore.obj
 0004:00003d44       $pdata$?dtor$0@?0???0?$DrawCommon@FFHHMMEE@@QEAA@PEAF00HHH0HPEAHHH1EEEPEAMHPEAE02@Z@4HA 000000018009cd44     insertShapeUtilsCore.obj
 0004:00003d50       $pdata$?dtor$0@?0???0?$DrawCommon@FFHHMMEH@@QEAA@PEAF00HHH0HPEAHHH1EEEPEAMHPEAE02@Z@4HA 000000018009cd50     insertShapeUtilsCore.obj
 0004:00003d5c       $pdata$?dtor$0@?0???0?$DrawCommon@GGHHMMEE@@QEAA@PEAG00HHH0HPEAHHH1EEEPEAMHPEAE02@Z@4HA 000000018009cd5c     insertShapeUtilsCore.obj
 0004:00003d68       $pdata$?dtor$0@?0???0?$DrawCommon@GGHHMMEH@@QEAA@PEAG00HHH0HPEAHHH1EEEPEAMHPEAE02@Z@4HA 000000018009cd68     insertShapeUtilsCore.obj
 0004:00003d74       $pdata$?dtor$0@?0???0?$DrawCommon@MMHHMMEE@@QEAA@PEAM00HHH0HPEAHHH1EEE0HPEAE00@Z@4HA 000000018009cd74     insertShapeUtilsCore.obj
 0004:00003d80       $pdata$?dtor$0@?0???0?$DrawCommon@MMHHMMEH@@QEAA@PEAM00HHH0HPEAHHH1EEE0HPEAE00@Z@4HA 000000018009cd80     insertShapeUtilsCore.obj
 0004:00003d8c       $pdata$?dtor$0@?0???0?$DrawCommon@NNHHNNEE@@QEAA@PEAN00HHH0HPEAHHH1EEE0HPEAE00@Z@4HA 000000018009cd8c     insertShapeUtilsCore.obj
 0004:00003d98       $pdata$?dtor$0@?0???0?$DrawCommon@NNHHNNEH@@QEAA@PEAN00HHH0HPEAHHH1EEE0HPEAE00@Z@4HA 000000018009cd98     insertShapeUtilsCore.obj
 0004:00003da4       $pdata$?fin$0@?0??dllmain_crt_process_attach@@YAHQEAUHINSTANCE__@@QEAX@Z@4HA 000000018009cda4     MSVCRT:dll_dllmain.obj
 0004:00003db0       $pdata$?fin$0@?0??dllmain_crt_process_detach@@YAH_N@Z@4HA 000000018009cdb0     MSVCRT:dll_dllmain.obj
 0004:00003dbc       $pdata$?filt$0@?0??dllmain_dispatch@@YAHQEAUHINSTANCE__@@KQEAX@Z@4HA 000000018009cdbc     MSVCRT:dll_dllmain.obj
 0004:00003dc8       $pdata$__scrt_is_nonwritable_in_current_image$filt$0 000000018009cdc8     MSVCRT:utility.obj
